// Jest Snapshot v1, https://jestjs.io/docs/snapshot-testing

exports[`Card Themed 1`] = `
.c1 {
  display: flex;
  box-sizing: border-box;
  max-width: 100%;
  background-color: #7D4CDB;
  color: #f8f8f8;
  min-width: 0;
  min-height: 0;
  flex-direction: column;
  width: 192px;
  border-radius: 12px;
  overflow: hidden;
  box-shadow: 0px 8px 16px rgba(0, 0, 0, 0.20);
}

.c2 {
  display: flex;
  box-sizing: border-box;
  max-width: 100%;
  align-items: center;
  min-width: 0;
  min-height: 0;
  flex-direction: row;
  flex: 0 0 auto;
  justify-content: flex-start;
  padding: 12px;
}

.c3 {
  display: flex;
  box-sizing: border-box;
  max-width: 100%;
  background-color: #F8F8F8;
  color: #444444;
  min-width: 0;
  min-height: 0;
  flex-direction: column;
  flex: 1 1;
  padding: 12px;
}

.c4 {
  display: flex;
  box-sizing: border-box;
  max-width: 100%;
  align-items: center;
  background-color: #FFFFFF27;
  color: #f8f8f8;
  min-width: 0;
  min-height: 0;
  flex-direction: row;
  flex: 0 0 auto;
  justify-content: space-between;
  padding-left: 24px;
  padding-right: 24px;
  padding-top: 12px;
  padding-bottom: 12px;
}

.c0 {
  font-family: -apple-system,BlinkMacSystemFont,"Segoe UI";
  font-size: 18px;
  line-height: 24px;
  box-sizing: border-box;
  -webkit-text-size-adjust: 100%;
  -ms-text-size-adjust: 100%;
  -moz-osx-font-smoothing: grayscale;
  -webkit-font-smoothing: antialiased;
}

@media only screen and (max-width: 768px) {
  .c1 {
    border-radius: 6px;
  }
}

@media only screen and (max-width: 768px) {
  .c2 {
    padding: 6px;
  }
}

@media only screen and (max-width: 768px) {
  .c3 {
    padding: 6px;
  }
}

@media only screen and (max-width: 768px) {
  .c4 {
    padding-left: 12px;
    padding-right: 12px;
  }
}

@media only screen and (max-width: 768px) {
  .c4 {
    padding-top: 6px;
    padding-bottom: 6px;
  }
}

<div
  class="c0"
>
  <div
    class="c1"
  >
    <header
      class="c2"
    >
      header
    </header>
    <div
      class="c3"
    >
      body
    </div>
    <footer
      class="c4"
    >
      footer
    </footer>
  </div>
</div>
`;

exports[`Card all 1`] = `
.c1 {
  display: flex;
  box-sizing: border-box;
  max-width: 100%;
  background-color: #ffffff;
  color: #555555;
  min-width: 0;
  min-height: 0;
  flex-direction: column;
  border-radius: 12px;
  overflow: hidden;
  box-shadow: none;
  transition: box-shadow 0.3s ease-in-out;
}

.c2 {
  display: flex;
  box-sizing: border-box;
  max-width: 100%;
  align-items: center;
  min-width: 0;
  min-height: 0;
  flex-direction: row;
  flex: 0 0 auto;
  justify-content: space-between;
  padding: 24px;
}

.c3 {
  display: flex;
  box-sizing: border-box;
  max-width: 100%;
  min-width: 0;
  min-height: 0;
  flex-direction: column;
  flex: 1 1;
  padding: 24px;
}

.c4 {
  display: flex;
  box-sizing: border-box;
  max-width: 100%;
  align-items: center;
  min-width: 0;
  min-height: 0;
  flex-direction: row;
  flex: 0 0 auto;
  justify-content: space-between;
  padding-left: 24px;
  padding-right: 24px;
  padding-top: 12px;
  padding-bottom: 12px;
}

.c0 {
  font-family: 'Metric',Arial,sans-serif;
  font-size: 1.125rem;
  line-height: 1.5rem;
  background-color: #ffffff;
  color: #555555;
  box-sizing: border-box;
  -webkit-text-size-adjust: 100%;
  -ms-text-size-adjust: 100%;
  -moz-osx-font-smoothing: grayscale;
  -webkit-font-smoothing: antialiased;
}

@media only screen and (max-width: 768px) {
  .c1 {
    border-radius: 6px;
  }
}

@media only screen and (max-width: 768px) {
  .c2 {
    padding: 12px;
  }
}

@media only screen and (max-width: 768px) {
  .c3 {
    padding: 12px;
  }
}

@media only screen and (max-width: 768px) {
  .c4 {
    padding-left: 12px;
    padding-right: 12px;
  }
}

@media only screen and (max-width: 768px) {
  .c4 {
    padding-top: 6px;
    padding-bottom: 6px;
  }
}

<div
  class="c0"
>
  <div
    class="c1"
  >
    <header
      class="c2"
    >
      header
    </header>
    <div
      class="c3"
    >
      body
    </div>
    <footer
      class="c4"
    >
      footer
    </footer>
  </div>
</div>
`;

exports[`Card children 1`] = `
.c1 {
  display: flex;
  box-sizing: border-box;
  max-width: 100%;
  background-color: #ffffff;
  color: #555555;
  min-width: 0;
  min-height: 0;
  flex-direction: column;
  border-radius: 12px;
  overflow: hidden;
  box-shadow: none;
  transition: box-shadow 0.3s ease-in-out;
}

.c2 {
  display: flex;
  box-sizing: border-box;
  max-width: 100%;
  min-width: 0;
  min-height: 0;
  flex-direction: column;
}

.c0 {
  font-family: 'Metric',Arial,sans-serif;
  font-size: 1.125rem;
  line-height: 1.5rem;
  background-color: #ffffff;
  color: #555555;
  box-sizing: border-box;
  -webkit-text-size-adjust: 100%;
  -ms-text-size-adjust: 100%;
  -moz-osx-font-smoothing: grayscale;
  -webkit-font-smoothing: antialiased;
}

.c3 {
  font-size: 1.125rem;
  line-height: 1.5rem;
  font-weight: undefined;
}

@media only screen and (max-width: 768px) {
  .c1 {
    border-radius: 6px;
  }
}

<div
  class="c0"
>
  <div
    class="c1"
  >
    <div
      class="c2"
    >
      <span
        class="c3"
      >
        test
      </span>
    </div>
  </div>
</div>
`;

exports[`Card footer 1`] = `
.c1 {
  display: flex;
  box-sizing: border-box;
  max-width: 100%;
  background-color: #ffffff;
  color: #555555;
  min-width: 0;
  min-height: 0;
  flex-direction: column;
  border-radius: 12px;
  overflow: hidden;
  box-shadow: none;
  transition: box-shadow 0.3s ease-in-out;
}

.c2 {
  display: flex;
  box-sizing: border-box;
  max-width: 100%;
  align-items: center;
  min-width: 0;
  min-height: 0;
  flex-direction: row;
  flex: 0 0 auto;
  justify-content: space-between;
  padding-left: 24px;
  padding-right: 24px;
  padding-top: 12px;
  padding-bottom: 12px;
}

.c0 {
  font-family: 'Metric',Arial,sans-serif;
  font-size: 1.125rem;
  line-height: 1.5rem;
  background-color: #ffffff;
  color: #555555;
  box-sizing: border-box;
  -webkit-text-size-adjust: 100%;
  -ms-text-size-adjust: 100%;
  -moz-osx-font-smoothing: grayscale;
  -webkit-font-smoothing: antialiased;
}

@media only screen and (max-width: 768px) {
  .c1 {
    border-radius: 6px;
  }
}

@media only screen and (max-width: 768px) {
  .c2 {
    padding-left: 12px;
    padding-right: 12px;
  }
}

@media only screen and (max-width: 768px) {
  .c2 {
    padding-top: 6px;
    padding-bottom: 6px;
  }
}

<div
  class="c0"
>
  <div
    class="c1"
  >
    <footer
      class="c2"
    >
      footer
    </footer>
  </div>
</div>
`;

exports[`Card header 1`] = `
.c1 {
  display: flex;
  box-sizing: border-box;
  max-width: 100%;
  background-color: #ffffff;
  color: #555555;
  min-width: 0;
  min-height: 0;
  flex-direction: column;
  border-radius: 12px;
  overflow: hidden;
  box-shadow: none;
  transition: box-shadow 0.3s ease-in-out;
}

.c2 {
  display: flex;
  box-sizing: border-box;
  max-width: 100%;
  align-items: center;
  min-width: 0;
  min-height: 0;
  flex-direction: row;
  flex: 0 0 auto;
  justify-content: space-between;
  padding: 24px;
}

.c0 {
  font-family: 'Metric',Arial,sans-serif;
  font-size: 1.125rem;
  line-height: 1.5rem;
  background-color: #ffffff;
  color: #555555;
  box-sizing: border-box;
  -webkit-text-size-adjust: 100%;
  -ms-text-size-adjust: 100%;
  -moz-osx-font-smoothing: grayscale;
  -webkit-font-smoothing: antialiased;
}

@media only screen and (max-width: 768px) {
  .c1 {
    border-radius: 6px;
  }
}

@media only screen and (max-width: 768px) {
  .c2 {
    padding: 12px;
  }
}

<div
  class="c0"
>
  <div
    class="c1"
  >
    <header
      class="c2"
    >
      header
    </header>
  </div>
</div>
`;

exports[`Card renders 1`] = `
.c1 {
  display: flex;
  box-sizing: border-box;
  max-width: 100%;
  background-color: #ffffff;
  color: #555555;
  min-width: 0;
  min-height: 0;
  flex-direction: column;
  border-radius: 12px;
  overflow: hidden;
  box-shadow: none;
  transition: box-shadow 0.3s ease-in-out;
}

.c0 {
  font-family: 'Metric',Arial,sans-serif;
  font-size: 1.125rem;
  line-height: 1.5rem;
  background-color: #ffffff;
  color: #555555;
  box-sizing: border-box;
  -webkit-text-size-adjust: 100%;
  -ms-text-size-adjust: 100%;
  -moz-osx-font-smoothing: grayscale;
  -webkit-font-smoothing: antialiased;
}

@media only screen and (max-width: 768px) {
  .c1 {
    border-radius: 6px;
  }
}

<div
  class="c0"
>
  <div
    class="c1"
  />
</div>
`;

exports[`Card renders without Grommet wrapper 1`] = `
.c0 {
  display: flex;
  box-sizing: border-box;
  max-width: 100%;
  min-width: 0;
  min-height: 0;
  flex-direction: column;
  border-radius: 12px;
  overflow: hidden;
  box-shadow: 0px 2px 4px rgba(0, 0, 0, 0.20);
}

@media only screen and (max-width: 768px) {
  .c0 {
    border-radius: 6px;
  }
}

<div
  class="c0"
/>
`;
