// Jest Snapshot v1, https://jestjs.io/docs/snapshot-testing

exports[`Header should render outside grommet wrapper 1`] = `
<header
  class="StyledBox-sc-13pk1d4-0 faPvrI"
>
  Hello, World!
</header>
`;

exports[`Header theme gap 1`] = `
<div
  class="StyledGrommet-sc-19lkkz7-0 kiEDjE"
>
  <header
    class="StyledBox-sc-13pk1d4-0 faPvrI"
  >
    <div>
      Header Item 1
    </div>
    <div
      class="StyledBox__StyledBoxGap-sc-13pk1d4-1 hUaaIu"
    />
    <div>
      Header Item 2
    </div>
    <div
      class="StyledBox__StyledBoxGap-sc-13pk1d4-1 hUaaIu"
    />
    <div>
      Header Item 3
    </div>
  </header>
</div>
`;
