// Jest Snapshot v1, https://goo.gl/fbAQLP

exports[`RadioButton background-color check themed 1`] = `
.c0 {
  font-size: 18px;
  line-height: 24px;
  box-sizing: border-box;
  -webkit-text-size-adjust: 100%;
  -ms-text-size-adjust: 100%;
  -moz-osx-font-smoothing: grayscale;
  -webkit-font-smoothing: antialiased;
}

.c2 {
  display: flex;
  box-sizing: border-box;
  max-width: 100%;
  min-width: 0;
  min-height: 0;
  flex-direction: column;
  flex: 0 0 auto;
}

.c4 {
  display: flex;
  box-sizing: border-box;
  max-width: 100%;
  align-items: center;
  border: solid 2px rgba(0, 0, 0, 0.15);
  min-width: 0;
  min-height: 0;
  flex-direction: column;
  height: 24px;
  width: 24px;
  justify-content: center;
  border-radius: 100%;
}

.c1 {
  display: flex;
  flex-direction: row;
  align-items: center;
  user-select: none;
  width: fit-content;
  cursor: pointer;
}

.c1:hover input:not([disabled])+div,
.c1:hover input:not([disabled])+span {
  border-color: #000000;
}

.c3 {
  opacity: 0;
  -moz-appearance: none;
  width: 0;
  height: 0;
  margin: 0;
  cursor: pointer;
}

.c5 {
  transform: scale(1);
}

@media only screen and (max-width: 768px) {
  .c4 {
    border: solid 2px rgba(0, 0, 0, 0.15);
  }
}

<div
  class="c0"
>
  <label
    class="c1"
  >
    <div
      class="c2 "
    >
      <input
        class="c3"
        name="test"
        type="radio"
      />
      <div
        class="c4 c5"
      />
    </div>
  </label>
</div>
`;

exports[`RadioButton background-color themed 1`] = `
.c0 {
  font-size: 18px;
  line-height: 24px;
  box-sizing: border-box;
  -webkit-text-size-adjust: 100%;
  -ms-text-size-adjust: 100%;
  -moz-osx-font-smoothing: grayscale;
  -webkit-font-smoothing: antialiased;
}

.c2 {
  display: flex;
  box-sizing: border-box;
  max-width: 100%;
  min-width: 0;
  min-height: 0;
  flex-direction: column;
  flex: 0 0 auto;
}

.c4 {
  display: flex;
  box-sizing: border-box;
  max-width: 100%;
  align-items: center;
  border: solid 2px rgba(0, 0, 0, 0.15);
  min-width: 0;
  min-height: 0;
  flex-direction: column;
  height: 24px;
  width: 24px;
  justify-content: center;
  border-radius: 100%;
}

.c1 {
  display: flex;
  flex-direction: row;
  align-items: center;
  user-select: none;
  width: fit-content;
  cursor: pointer;
}

.c1:hover input:not([disabled])+div,
.c1:hover input:not([disabled])+span {
  border-color: #000000;
}

.c3 {
  opacity: 0;
  -moz-appearance: none;
  width: 0;
  height: 0;
  margin: 0;
  cursor: pointer;
}

.c5 {
  background-color: blue;
  transform: scale(1);
}

@media only screen and (max-width: 768px) {
  .c4 {
    border: solid 2px rgba(0, 0, 0, 0.15);
  }
}

<div
  class="c0"
>
  <label
    class="c1"
  >
    <div
      class="c2 "
    >
      <input
        class="c3"
        name="test"
        type="radio"
      />
      <div
        class="c4 c5"
      />
    </div>
  </label>
</div>
`;

exports[`RadioButton background-color themed symbolic 1`] = `
.c0 {
  font-size: 18px;
  line-height: 24px;
  box-sizing: border-box;
  -webkit-text-size-adjust: 100%;
  -ms-text-size-adjust: 100%;
  -moz-osx-font-smoothing: grayscale;
  -webkit-font-smoothing: antialiased;
}

.c2 {
  display: flex;
  box-sizing: border-box;
  max-width: 100%;
  min-width: 0;
  min-height: 0;
  flex-direction: column;
  flex: 0 0 auto;
}

.c4 {
  display: flex;
  box-sizing: border-box;
  max-width: 100%;
  align-items: center;
  border: solid 2px rgba(0, 0, 0, 0.15);
  min-width: 0;
  min-height: 0;
  flex-direction: column;
  height: 24px;
  width: 24px;
  justify-content: center;
  border-radius: 100%;
}

.c1 {
  display: flex;
  flex-direction: row;
  align-items: center;
  user-select: none;
  width: fit-content;
  cursor: pointer;
}

.c1:hover input:not([disabled])+div,
.c1:hover input:not([disabled])+span {
  border-color: #000000;
}

.c3 {
  opacity: 0;
  -moz-appearance: none;
  width: 0;
  height: 0;
  margin: 0;
  cursor: pointer;
}

.c5 {
  transform: scale(1);
}

@media only screen and (max-width: 768px) {
  .c4 {
    border: solid 2px rgba(0, 0, 0, 0.15);
  }
}

<div
  class="c0"
>
  <label
    class="c1"
  >
    <div
      class="c2 "
    >
      <input
        class="c3"
        name="test"
        type="radio"
      />
      <div
        class="c4 c5"
      />
    </div>
  </label>
</div>
`;

exports[`RadioButton basic 1`] = `
.c0 {
  font-size: 18px;
  line-height: 24px;
  box-sizing: border-box;
  -webkit-text-size-adjust: 100%;
  -ms-text-size-adjust: 100%;
  -moz-osx-font-smoothing: grayscale;
  -webkit-font-smoothing: antialiased;
}

.c2 {
  display: flex;
  box-sizing: border-box;
  max-width: 100%;
  min-width: 0;
  min-height: 0;
  flex-direction: column;
  flex: 0 0 auto;
}

.c4 {
  display: flex;
  box-sizing: border-box;
  max-width: 100%;
  align-items: center;
  border: solid 2px rgba(0, 0, 0, 0.15);
  min-width: 0;
  min-height: 0;
  flex-direction: column;
  height: 24px;
  width: 24px;
  justify-content: center;
  border-radius: 100%;
}

.c1 {
  display: flex;
  flex-direction: row;
  align-items: center;
  user-select: none;
  width: fit-content;
  cursor: pointer;
}

.c1:hover input:not([disabled])+div,
.c1:hover input:not([disabled])+span {
  border-color: #000000;
}

.c3 {
  opacity: 0;
  -moz-appearance: none;
  width: 0;
  height: 0;
  margin: 0;
  cursor: pointer;
}

.c5 {
  transform: scale(1);
}

@media only screen and (max-width: 768px) {
  .c4 {
    border: solid 2px rgba(0, 0, 0, 0.15);
  }
}

<div
  class="c0"
>
  <label
    class="c1"
  >
    <div
      class="c2 "
    >
      <input
        class="c3"
        name="test"
        type="radio"
        value="1"
      />
      <div
        class="c4 c5"
      />
    </div>
  </label>
  <label
    class="c1"
    for="test id"
  >
    <div
      class="c2 "
    >
      <input
        class="c3"
        id="test id"
        name="test"
        type="radio"
        value="2"
      />
      <div
        class="c4 c5"
      />
    </div>
  </label>
</div>
`;

exports[`RadioButton basic renders outside grommet wrapper 1`] = `
.c1 {
  display: flex;
  box-sizing: border-box;
  max-width: 100%;
  min-width: 0;
  min-height: 0;
  flex-direction: column;
  flex: 0 0 auto;
}

.c3 {
  display: flex;
  box-sizing: border-box;
  max-width: 100%;
  align-items: center;
  border: solid 2px rgba(0, 0, 0, 0.15);
  min-width: 0;
  min-height: 0;
  flex-direction: column;
  height: 24px;
  width: 24px;
  justify-content: center;
  border-radius: 100%;
}

.c0 {
  display: flex;
  flex-direction: row;
  align-items: center;
  user-select: none;
  width: fit-content;
  cursor: pointer;
}

.c0:hover input:not([disabled])+div,
.c0:hover input:not([disabled])+span {
  border-color: #000000;
}

.c2 {
  opacity: 0;
  -moz-appearance: none;
  width: 0;
  height: 0;
  margin: 0;
  cursor: pointer;
}

.c4 {
  transform: scale(1);
}

@media only screen and (max-width: 768px) {
  .c3 {
    border: solid 2px rgba(0, 0, 0, 0.15);
  }
}

<label
  class="c0"
>
  <div
    class="c1 "
  >
    <input
      class="c2"
      name="test"
      type="radio"
      value="1"
    />
    <div
      class="c3 c4"
    />
  </div>
</label>
`;

exports[`RadioButton checked 1`] = `
.c0 {
  font-size: 18px;
  line-height: 24px;
  box-sizing: border-box;
  -webkit-text-size-adjust: 100%;
  -ms-text-size-adjust: 100%;
  -moz-osx-font-smoothing: grayscale;
  -webkit-font-smoothing: antialiased;
}

.c2 {
  display: flex;
  box-sizing: border-box;
  max-width: 100%;
  min-width: 0;
  min-height: 0;
  flex-direction: column;
  flex: 0 0 auto;
}

.c4 {
  display: flex;
  box-sizing: border-box;
  max-width: 100%;
  align-items: center;
  border: solid 2px #7D4CDB;
  min-width: 0;
  min-height: 0;
  flex-direction: column;
  height: 24px;
  width: 24px;
  justify-content: center;
  border-radius: 100%;
}

.c1 {
  display: flex;
  flex-direction: row;
  align-items: center;
  user-select: none;
  width: fit-content;
  cursor: pointer;
}

.c1:hover input:not([disabled])+div,
.c1:hover input:not([disabled])+span {
  border-color: #000000;
}

.c3 {
  opacity: 0;
  -moz-appearance: none;
  width: 0;
  height: 0;
  margin: 0;
  cursor: pointer;
}

.c6 {
  box-sizing: border-box;
  width: 24px;
  height: 24px;
  fill: #7D4CDB;
  transform: scale(1);
}

.c5 {
  transform: scale(1);
}

@media only screen and (max-width: 768px) {
  .c4 {
    border: solid 2px #7D4CDB;
  }
}

<div
  class="c0"
>
  <label
    class="c1"
  >
    <div
      class="c2 "
    >
      <input
        checked=""
        class="c3"
        name="test"
        type="radio"
        value="1"
      />
      <div
        class="c4 c5"
      >
        <svg
          class="c6"
          preserveAspectRatio="xMidYMid meet"
          viewBox="0 0 24 24"
        >
          <circle
            cx="12"
            cy="12"
            r="6"
          />
        </svg>
      </div>
    </div>
  </label>
</div>
`;

exports[`RadioButton children 1`] = `
.c0 {
  font-size: 18px;
  line-height: 24px;
  box-sizing: border-box;
  -webkit-text-size-adjust: 100%;
  -ms-text-size-adjust: 100%;
  -moz-osx-font-smoothing: grayscale;
  -webkit-font-smoothing: antialiased;
}

.c2 {
  display: flex;
  box-sizing: border-box;
  max-width: 100%;
  min-width: 0;
  min-height: 0;
  flex-direction: column;
  flex: 0 0 auto;
}

.c4 {
  display: flex;
  box-sizing: border-box;
  max-width: 100%;
  background-color: #7D4CDB;
  color: #f8f8f8;
  min-width: 0;
  min-height: 0;
  flex-direction: column;
  padding: 12px;
}

.c5 {
  display: flex;
  box-sizing: border-box;
  max-width: 100%;
  background-color: #6FFFB0;
  color: #444444;
  min-width: 0;
  min-height: 0;
  flex-direction: column;
  padding: 12px;
}

.c1 {
  display: flex;
  flex-direction: row;
  align-items: center;
  user-select: none;
  width: fit-content;
  cursor: pointer;
}

.c1:hover input:not([disabled])+div,
.c1:hover input:not([disabled])+span {
  border-color: #000000;
}

.c3 {
  opacity: 0;
  -moz-appearance: none;
  width: 0;
  height: 0;
  margin: 0;
  cursor: pointer;
}

@media only screen and (max-width: 768px) {
  .c4 {
    padding: 6px;
  }
}

@media only screen and (max-width: 768px) {
  .c5 {
    padding: 6px;
  }
}

<div
  class="c0"
>
  <label
    class="c1"
  >
    <div
      class="c2 "
    >
      <input
        class="c3"
        name="test"
        type="radio"
        value="1"
      />
      <div
        class="c4"
      />
    </div>
  </label>
  <label
    class="c1"
  >
    <div
      class="c2 "
    >
      <input
        checked=""
        class="c3"
        name="test"
        type="radio"
        value="2"
      />
      <div
        class="c5"
      />
    </div>
  </label>
</div>
`;

exports[`RadioButton disabled 1`] = `
.c0 {
  font-size: 18px;
  line-height: 24px;
  box-sizing: border-box;
  -webkit-text-size-adjust: 100%;
  -ms-text-size-adjust: 100%;
  -moz-osx-font-smoothing: grayscale;
  -webkit-font-smoothing: antialiased;
}

.c2 {
  display: flex;
  box-sizing: border-box;
  max-width: 100%;
  min-width: 0;
  min-height: 0;
  flex-direction: column;
  flex: 0 0 auto;
}

.c4 {
  display: flex;
  box-sizing: border-box;
  max-width: 100%;
  align-items: center;
  border: solid 2px rgba(0, 0, 0, 0.15);
  min-width: 0;
  min-height: 0;
  flex-direction: column;
  height: 24px;
  width: 24px;
  justify-content: center;
  border-radius: 100%;
}

.c6 {
  display: flex;
  box-sizing: border-box;
  max-width: 100%;
  align-items: center;
  border: solid 2px #7D4CDB;
  min-width: 0;
  min-height: 0;
  flex-direction: column;
  height: 24px;
  width: 24px;
  justify-content: center;
  border-radius: 100%;
}

.c1 {
  display: flex;
  flex-direction: row;
  align-items: center;
  user-select: none;
  width: fit-content;
  opacity: 0.5;
  cursor: default;
}

.c1:hover input:not([disabled])+div,
.c1:hover input:not([disabled])+span {
  border-color: #000000;
}

.c3 {
  opacity: 0;
  -moz-appearance: none;
  width: 0;
  height: 0;
  margin: 0;
}

.c7 {
  box-sizing: border-box;
  width: 24px;
  height: 24px;
  fill: #7D4CDB;
  transform: scale(1);
}

.c5 {
  transform: scale(1);
}

@media only screen and (max-width: 768px) {
  .c4 {
    border: solid 2px rgba(0, 0, 0, 0.15);
  }
}

@media only screen and (max-width: 768px) {
  .c6 {
    border: solid 2px #7D4CDB;
  }
}

<div
  class="c0"
>
  <label
    class="c1"
    disabled=""
  >
    <div
      class="c2 "
    >
      <input
        class="c3"
        disabled=""
        name="test"
        type="radio"
        value="1"
      />
      <div
        class="c4 c5"
      />
    </div>
  </label>
  <label
    class="c1"
    disabled=""
  >
    <div
      class="c2 "
    >
      <input
        checked=""
        class="c3"
        disabled=""
        name="test"
        type="radio"
        value="2"
      />
      <div
        class="c6 c5"
      >
        <svg
          class="c7"
          preserveAspectRatio="xMidYMid meet"
          viewBox="0 0 24 24"
        >
          <circle
            cx="12"
            cy="12"
            r="6"
          />
        </svg>
      </div>
    </div>
  </label>
</div>
`;

exports[`RadioButton label 1`] = `
.c0 {
  font-size: 18px;
  line-height: 24px;
  box-sizing: border-box;
  -webkit-text-size-adjust: 100%;
  -ms-text-size-adjust: 100%;
  -moz-osx-font-smoothing: grayscale;
  -webkit-font-smoothing: antialiased;
}

.c2 {
  display: flex;
  box-sizing: border-box;
  max-width: 100%;
  margin-right: 12px;
  min-width: 0;
  min-height: 0;
  flex-direction: column;
  flex: 0 0 auto;
}

.c4 {
  display: flex;
  box-sizing: border-box;
  max-width: 100%;
  align-items: center;
  border: solid 2px rgba(0, 0, 0, 0.15);
  min-width: 0;
  min-height: 0;
  flex-direction: column;
  height: 24px;
  width: 24px;
  justify-content: center;
  border-radius: 100%;
}

.c1 {
  display: flex;
  flex-direction: row;
  align-items: center;
  user-select: none;
  width: fit-content;
  cursor: pointer;
}

.c1:hover input:not([disabled])+div,
.c1:hover input:not([disabled])+span {
  border-color: #000000;
}

.c3 {
  opacity: 0;
  -moz-appearance: none;
  width: 0;
  height: 0;
  margin: 0;
  cursor: pointer;
}

.c5 {
  transform: scale(1);
}

@media only screen and (max-width: 768px) {
  .c2 {
    margin-right: 6px;
  }
}

@media only screen and (max-width: 768px) {
  .c4 {
    border: solid 2px rgba(0, 0, 0, 0.15);
  }
}

<div
  class="c0"
>
  <label
    class="c1"
  >
    <div
      class="c2 "
    >
      <input
        class="c3"
        name="test"
        type="radio"
        value="1"
      />
      <div
        class="c4 c5"
      />
    </div>
    <span
      class="StyledRadioButton__StyledRadioButtonLabel-sc-g1f6ld-2"
    >
      test label
    </span>
  </label>
  <label
    class="c1"
  >
    <div
      class="c2 "
    >
      <input
        class="c3"
        name="test"
        type="radio"
        value="2"
      />
      <div
        class="c4 c5"
      />
    </div>
    <div>
      test label
    </div>
  </label>
</div>
`;

exports[`RadioButton label themed 1`] = `
.c0 {
  font-size: 18px;
  line-height: 24px;
  box-sizing: border-box;
  -webkit-text-size-adjust: 100%;
  -ms-text-size-adjust: 100%;
  -moz-osx-font-smoothing: grayscale;
  -webkit-font-smoothing: antialiased;
}

.c2 {
  display: flex;
  box-sizing: border-box;
  max-width: 100%;
  margin-right: 12px;
  min-width: 0;
  min-height: 0;
  flex-direction: column;
  flex: 0 0 auto;
}

.c4 {
  display: flex;
  box-sizing: border-box;
  max-width: 100%;
  align-items: center;
  border: solid 2px rgba(0, 0, 0, 0.15);
  min-width: 0;
  min-height: 0;
  flex-direction: column;
  height: 24px;
  width: 24px;
  justify-content: center;
  border-radius: 100%;
}

.c1 {
  display: flex;
  flex-direction: row;
  align-items: center;
  user-select: none;
  width: fit-content;
  cursor: pointer;
}

.c1:hover input:not([disabled])+div,
.c1:hover input:not([disabled])+span {
  border-color: #000000;
}

.c3 {
  opacity: 0;
  -moz-appearance: none;
  width: 0;
  height: 0;
  margin: 0;
  cursor: pointer;
}

.c6 {
  font-weight: 500;
}

.c5 {
  transform: scale(1);
}

@media only screen and (max-width: 768px) {
  .c2 {
    margin-right: 6px;
  }
}

@media only screen and (max-width: 768px) {
  .c4 {
    border: solid 2px rgba(0, 0, 0, 0.15);
  }
}

<div
  class="c0"
>
  <label
    class="c1"
  >
    <div
      class="c2 "
    >
      <input
        class="c3"
        name="test"
        type="radio"
      />
      <div
        class="c4 c5"
      />
    </div>
    <span
      class="c6"
    >
      test
    </span>
  </label>
</div>
`;

exports[`RadioButton renders custom circle icon 1`] = `
.c0 {
  font-size: 18px;
  line-height: 24px;
  box-sizing: border-box;
  -webkit-text-size-adjust: 100%;
  -ms-text-size-adjust: 100%;
  -moz-osx-font-smoothing: grayscale;
  -webkit-font-smoothing: antialiased;
}

.c2 {
  display: flex;
  box-sizing: border-box;
  max-width: 100%;
  min-width: 0;
  min-height: 0;
  flex-direction: column;
  flex: 0 0 auto;
}

.c4 {
  display: flex;
  box-sizing: border-box;
  max-width: 100%;
  align-items: center;
  border: solid 2px #7D4CDB;
  min-width: 0;
  min-height: 0;
  flex-direction: column;
  height: 24px;
  width: 24px;
  justify-content: center;
  border-radius: 100%;
}

.c1 {
  display: flex;
  flex-direction: row;
  align-items: center;
  user-select: none;
  width: fit-content;
  cursor: pointer;
}

.c1:hover input:not([disabled])+div,
.c1:hover input:not([disabled])+span {
  border-color: #000000;
}

.c3 {
  opacity: 0;
  -moz-appearance: none;
  width: 0;
  height: 0;
  margin: 0;
  cursor: pointer;
}

.c5 {
  transform: scale(1);
}

@media only screen and (max-width: 768px) {
  .c4 {
    border: solid 2px #7D4CDB;
  }
}

<div
  class="c0"
>
  <label
    class="c1"
  >
    <div
      class="c2 "
    >
      <input
        checked=""
        class="c3"
        name="test"
        type="radio"
      />
      <div
        class="c4 c5"
      >
        <svg
          as=".StyledRadioButton__StyledRadioButtonIcon-sc-g1f6ld-3"
          data-testid="custom-radioButton-icon"
          theme="[object Object]"
        />
      </div>
    </div>
  </label>
</div>
`;

exports[`RadioButton should apply a11yTitle or aria-label 1`] = `
.c0 {
  font-size: 18px;
  line-height: 24px;
  box-sizing: border-box;
  -webkit-text-size-adjust: 100%;
  -ms-text-size-adjust: 100%;
  -moz-osx-font-smoothing: grayscale;
  -webkit-font-smoothing: antialiased;
}

.c2 {
  display: flex;
  box-sizing: border-box;
  max-width: 100%;
  min-width: 0;
  min-height: 0;
  flex-direction: column;
  flex: 0 0 auto;
}

.c4 {
  display: flex;
  box-sizing: border-box;
  max-width: 100%;
  align-items: center;
  border: solid 2px rgba(0, 0, 0, 0.15);
  min-width: 0;
  min-height: 0;
  flex-direction: column;
  height: 24px;
  width: 24px;
  justify-content: center;
  border-radius: 100%;
}

.c1 {
  display: flex;
  flex-direction: row;
  align-items: center;
  user-select: none;
  width: fit-content;
  cursor: pointer;
}

.c1:hover input:not([disabled])+div,
.c1:hover input:not([disabled])+span {
  border-color: #000000;
}

.c3 {
  opacity: 0;
  -moz-appearance: none;
  width: 0;
  height: 0;
  margin: 0;
  cursor: pointer;
}

.c5 {
  transform: scale(1);
}

@media only screen and (max-width: 768px) {
  .c4 {
    border: solid 2px rgba(0, 0, 0, 0.15);
  }
}

<div
  class="c0"
>
  <label
    class="c1"
  >
    <div
      class="c2 "
    >
      <input
        aria-label="test"
        class="c3"
        name="test"
        type="radio"
      />
      <div
        class="c4 c5"
      />
    </div>
  </label>
  <label
    class="c1"
  >
    <div
      class="c2 "
    >
      <input
        aria-label="test-2"
        class="c3"
        name="test"
        type="radio"
      />
      <div
        class="c4 c5"
      />
    </div>
  </label>
</div>
`;

exports[`RadioButton should have no accessibility violations 1`] = `
.c0 {
  font-size: 18px;
  line-height: 24px;
  box-sizing: border-box;
  -webkit-text-size-adjust: 100%;
  -ms-text-size-adjust: 100%;
  -moz-osx-font-smoothing: grayscale;
  -webkit-font-smoothing: antialiased;
}

.c2 {
  display: flex;
  box-sizing: border-box;
  max-width: 100%;
  min-width: 0;
  min-height: 0;
  flex-direction: column;
  flex: 0 0 auto;
}

.c4 {
  display: flex;
  box-sizing: border-box;
  max-width: 100%;
  align-items: center;
  border: solid 2px rgba(0, 0, 0, 0.15);
  min-width: 0;
  min-height: 0;
  flex-direction: column;
  height: 24px;
  width: 24px;
  justify-content: center;
  border-radius: 100%;
}

.c1 {
  display: flex;
  flex-direction: row;
  align-items: center;
  user-select: none;
  width: fit-content;
  cursor: pointer;
}

.c1:hover input:not([disabled])+div,
.c1:hover input:not([disabled])+span {
  border-color: #000000;
}

.c3 {
  opacity: 0;
  -moz-appearance: none;
  width: 0;
  height: 0;
  margin: 0;
  cursor: pointer;
}

.c5 {
  transform: scale(1);
}

@media only screen and (max-width: 768px) {
  .c4 {
    border: solid 2px rgba(0, 0, 0, 0.15);
  }
}

<div
  class="c0"
>
  <label
    class="c1"
  >
    <div
      class="c2 "
    >
      <input
        aria-label="test"
        class="c3"
        name="test"
        type="radio"
      />
      <div
        class="c4 c5"
      />
    </div>
  </label>
</div>
`;
