// Jest Snapshot v1, https://jestjs.io/docs/snapshot-testing

exports[`Image fillProp renders 1`] = `
.c0 {
  font-family: 'Metric',Arial,sans-serif;
  font-size: 1.125rem;
  line-height: 1.5rem;
  background-color: #ffffff;
  color: #555555;
  box-sizing: border-box;
  -webkit-text-size-adjust: 100%;
  -ms-text-size-adjust: 100%;
  -moz-osx-font-smoothing: grayscale;
  -webkit-font-smoothing: antialiased;
}

.c1 {
  width: 100%;
  height: 100%;
}

.c2 {
  width: 100%;
}

.c3 {
  height: 100%;
}

<div
  class="c0"
>
  <img
    class="c1"
    src="data:image/png;base64,iVBORw0KGgoAAAANSUhEUgAAAAEAAAABCAYAAAAfFcSJAAAABGdBTUEAALGPC/xhBQAAAA1JREFUCB1jYGBg+A8AAQQBAB5znEAAAAAASUVORK5CYII="
  />
  <img
    class=""
    src="data:image/png;base64,iVBORw0KGgoAAAANSUhEUgAAAAEAAAABCAYAAAAfFcSJAAAABGdBTUEAALGPC/xhBQAAAA1JREFUCB1jYGBg+A8AAQQBAB5znEAAAAAASUVORK5CYII="
  />
  <img
    class="c2"
    src="data:image/png;base64,iVBORw0KGgoAAAANSUhEUgAAAAEAAAABCAYAAAAfFcSJAAAABGdBTUEAALGPC/xhBQAAAA1JREFUCB1jYGBg+A8AAQQBAB5znEAAAAAASUVORK5CYII="
  />
  <img
    class="c3"
    src="data:image/png;base64,iVBORw0KGgoAAAANSUhEUgAAAAEAAAABCAYAAAAfFcSJAAAABGdBTUEAALGPC/xhBQAAAA1JREFUCB1jYGBg+A8AAQQBAB5znEAAAAAASUVORK5CYII="
  />
</div>
`;

exports[`Image fit renders 1`] = `
.c0 {
  font-family: 'Metric',Arial,sans-serif;
  font-size: 1.125rem;
  line-height: 1.5rem;
  background-color: #ffffff;
  color: #555555;
  box-sizing: border-box;
  -webkit-text-size-adjust: 100%;
  -ms-text-size-adjust: 100%;
  -moz-osx-font-smoothing: grayscale;
  -webkit-font-smoothing: antialiased;
}

.c1 {
  flex: 1 1;
  overflow: hidden;
  object-fit: cover;
}

.c2 {
  flex: 1 1;
  overflow: hidden;
  object-fit: contain;
}

<div
  class="c0"
>
  <img
    class="c1"
    src="data:image/png;base64,iVBORw0KGgoAAAANSUhEUgAAAAEAAAABCAYAAAAfFcSJAAAABGdBTUEAALGPC/xhBQAAAA1JREFUCB1jYGBg+A8AAQQBAB5znEAAAAAASUVORK5CYII="
  />
  <img
    class="c2"
    src="data:image/png;base64,iVBORw0KGgoAAAANSUhEUgAAAAEAAAABCAYAAAAfFcSJAAAABGdBTUEAALGPC/xhBQAAAA1JREFUCB1jYGBg+A8AAQQBAB5znEAAAAAASUVORK5CYII="
  />
</div>
`;

exports[`Image opacity of 0.3 renders 1`] = `
.c0 {
  font-family: 'Metric',Arial,sans-serif;
  font-size: 1.125rem;
  line-height: 1.5rem;
  background-color: #ffffff;
  color: #555555;
  box-sizing: border-box;
  -webkit-text-size-adjust: 100%;
  -ms-text-size-adjust: 100%;
  -moz-osx-font-smoothing: grayscale;
  -webkit-font-smoothing: antialiased;
}

.c1 {
  opacity: 0.3;
}

<div
  class="c0"
>
  <img
    class="c1"
    src="data:image/png;base64,iVBORw0KGgoAAAANSUhEUgAAAAEAAAABCAYAAAAfFcSJAAAABGdBTUEAALGPC/xhBQAAAA1JREFUCB1jYGBg+A8AAQQBAB5znEAAAAAASUVORK5CYII="
  />
</div>
`;

exports[`Image opacity of false renders 1`] = `
.c0 {
  font-family: 'Metric',Arial,sans-serif;
  font-size: 1.125rem;
  line-height: 1.5rem;
  background-color: #ffffff;
  color: #555555;
  box-sizing: border-box;
  -webkit-text-size-adjust: 100%;
  -ms-text-size-adjust: 100%;
  -moz-osx-font-smoothing: grayscale;
  -webkit-font-smoothing: antialiased;
}

<div
  class="c0"
>
  <img
    class=""
    src="data:image/png;base64,iVBORw0KGgoAAAANSUhEUgAAAAEAAAABCAYAAAAfFcSJAAAABGdBTUEAALGPC/xhBQAAAA1JREFUCB1jYGBg+A8AAQQBAB5znEAAAAAASUVORK5CYII="
  />
</div>
`;

exports[`Image opacity of medium renders 1`] = `
.c0 {
  font-family: 'Metric',Arial,sans-serif;
  font-size: 1.125rem;
  line-height: 1.5rem;
  background-color: #ffffff;
  color: #555555;
  box-sizing: border-box;
  -webkit-text-size-adjust: 100%;
  -ms-text-size-adjust: 100%;
  -moz-osx-font-smoothing: grayscale;
  -webkit-font-smoothing: antialiased;
}

.c1 {
  opacity: 0.4;
}

<div
  class="c0"
>
  <img
    class="c1"
    src="data:image/png;base64,iVBORw0KGgoAAAANSUhEUgAAAAEAAAABCAYAAAAfFcSJAAAABGdBTUEAALGPC/xhBQAAAA1JREFUCB1jYGBg+A8AAQQBAB5znEAAAAAASUVORK5CYII="
  />
</div>
`;

exports[`Image opacity of strong renders 1`] = `
.c0 {
  font-family: 'Metric',Arial,sans-serif;
  font-size: 1.125rem;
  line-height: 1.5rem;
  background-color: #ffffff;
  color: #555555;
  box-sizing: border-box;
  -webkit-text-size-adjust: 100%;
  -ms-text-size-adjust: 100%;
  -moz-osx-font-smoothing: grayscale;
  -webkit-font-smoothing: antialiased;
}

.c1 {
  opacity: 0.8;
}

<div
  class="c0"
>
  <img
    class="c1"
    src="data:image/png;base64,iVBORw0KGgoAAAANSUhEUgAAAAEAAAABCAYAAAAfFcSJAAAABGdBTUEAALGPC/xhBQAAAA1JREFUCB1jYGBg+A8AAQQBAB5znEAAAAAASUVORK5CYII="
  />
</div>
`;

exports[`Image opacity of true renders 1`] = `
.c0 {
  font-family: 'Metric',Arial,sans-serif;
  font-size: 1.125rem;
  line-height: 1.5rem;
  background-color: #ffffff;
  color: #555555;
  box-sizing: border-box;
  -webkit-text-size-adjust: 100%;
  -ms-text-size-adjust: 100%;
  -moz-osx-font-smoothing: grayscale;
  -webkit-font-smoothing: antialiased;
}

.c1 {
  opacity: 0.4;
}

<div
  class="c0"
>
  <img
    class="c1"
    src="data:image/png;base64,iVBORw0KGgoAAAANSUhEUgAAAAEAAAABCAYAAAAfFcSJAAAABGdBTUEAALGPC/xhBQAAAA1JREFUCB1jYGBg+A8AAQQBAB5znEAAAAAASUVORK5CYII="
  />
</div>
`;

exports[`Image opacity of weak renders 1`] = `
.c0 {
  font-family: 'Metric',Arial,sans-serif;
  font-size: 1.125rem;
  line-height: 1.5rem;
  background-color: #ffffff;
  color: #555555;
  box-sizing: border-box;
  -webkit-text-size-adjust: 100%;
  -ms-text-size-adjust: 100%;
  -moz-osx-font-smoothing: grayscale;
  -webkit-font-smoothing: antialiased;
}

.c1 {
  opacity: 0.1;
}

<div
  class="c0"
>
  <img
    class="c1"
    src="data:image/png;base64,iVBORw0KGgoAAAANSUhEUgAAAAEAAAABCAYAAAAfFcSJAAAABGdBTUEAALGPC/xhBQAAAA1JREFUCB1jYGBg+A8AAQQBAB5znEAAAAAASUVORK5CYII="
  />
</div>
`;

exports[`Image renders 1`] = `
.c0 {
  font-family: 'Metric',Arial,sans-serif;
  font-size: 1.125rem;
  line-height: 1.5rem;
  background-color: #ffffff;
  color: #555555;
  box-sizing: border-box;
  -webkit-text-size-adjust: 100%;
  -ms-text-size-adjust: 100%;
  -moz-osx-font-smoothing: grayscale;
  -webkit-font-smoothing: antialiased;
}

<div
  class="c0"
>
  <img
    class=""
    src="data:image/png;base64,iVBORw0KGgoAAAANSUhEUgAAAAEAAAABCAYAAAAfFcSJAAAABGdBTUEAALGPC/xhBQAAAA1JREFUCB1jYGBg+A8AAQQBAB5znEAAAAAASUVORK5CYII="
  />
</div>
`;

exports[`Image renders outside grommet wrapper 1`] = `
<img
  class=""
  src="data:image/png;base64,iVBORw0KGgoAAAANSUhEUgAAAAEAAAABCAYAAAAfFcSJAAAABGdBTUEAALGPC/xhBQAAAA1JREFUCB1jYGBg+A8AAQQBAB5znEAAAAAASUVORK5CYII="
/>
`;

exports[`Image renders with aria-label 1`] = `
.c0 {
  font-family: 'Metric',Arial,sans-serif;
  font-size: 1.125rem;
  line-height: 1.5rem;
  background-color: #ffffff;
  color: #555555;
  box-sizing: border-box;
  -webkit-text-size-adjust: 100%;
  -ms-text-size-adjust: 100%;
  -moz-osx-font-smoothing: grayscale;
  -webkit-font-smoothing: antialiased;
}

<div
  class="c0"
>
  <img
    aria-label="aria-label-text"
    class=""
    src="data:image/png;base64,iVBORw0KGgoAAAANSUhEUgAAAAEAAAABCAYAAAAfFcSJAAAABGdBTUEAALGPC/xhBQAAAA1JREFUCB1jYGBg+A8AAQQBAB5znEAAAAAASUVORK5CYII="
  />
  <img
    aria-label="aria-label-text-2"
    class=""
    src="data:image/png;base64,iVBORw0KGgoAAAANSUhEUgAAAAEAAAABCAYAAAAfFcSJAAAABGdBTUEAALGPC/xhBQAAAA1JREFUCB1jYGBg+A8AAQQBAB5znEAAAAAASUVORK5CYII="
  />
</div>
`;
