// Jest Snapshot v1, https://goo.gl/fbAQLP

exports[`StarRating StarRating has default value 1`] = `
.c6 {
  display: inline-block;
  flex: 0 0 auto;
  width: 24px;
  height: 24px;
  fill: #666666;
  stroke: #666666;
}

.c6 g {
  fill: inherit;
  stroke: inherit;
}

.c6 *:not([stroke])[fill='none'] {
  stroke-width: 0;
}

.c6 *[stroke*='#'],
.c6 *[STROKE*='#'] {
  stroke: inherit;
  fill: none;
}

.c6 *[fill-rule],
.c6 *[FILL-RULE],
.c6 *[fill*='#'],
.c6 *[FILL*='#'] {
  fill: inherit;
  stroke: none;
}

.c0 {
  font-size: 18px;
  line-height: 24px;
  box-sizing: border-box;
  -webkit-text-size-adjust: 100%;
  -ms-text-size-adjust: 100%;
  -moz-osx-font-smoothing: grayscale;
  -webkit-font-smoothing: antialiased;
}

.c1 {
  display: flex;
  box-sizing: border-box;
  max-width: 100%;
  min-width: 0;
  min-height: 0;
  flex-direction: row;
}

.c3 {
  display: flex;
  box-sizing: border-box;
  max-width: 100%;
  min-width: 0;
  min-height: 0;
  flex-direction: column;
  flex: 0 0 auto;
}

.c5 {
  display: flex;
  box-sizing: border-box;
  max-width: 100%;
  min-width: 0;
  min-height: 0;
  flex-direction: column;
}

.c7 {
  flex: 0 0 auto;
  align-self: stretch;
  width: 12px;
}

.c2 {
  display: flex;
  flex-direction: row;
  align-items: center;
  user-select: none;
  width: fit-content;
  cursor: pointer;
}

.c2:hover input:not([disabled])+div,
.c2:hover input:not([disabled])+span {
  border-color: #000000;
}

.c4 {
  opacity: 0;
  -moz-appearance: none;
  width: 0;
  height: 0;
  margin: 0;
  cursor: pointer;
}

@media only screen and (max-width: 768px) {
  .c7 {
    width: 6px;
  }
}

<div>
  <div
    class="c0"
  >
    <div
      class="c1"
      role="radiogroup"
    >
      <label
        class="c2"
        for="1"
      >
        <div
          class="c3 "
        >
          <input
            class="c4"
            id="1"
            name="test"
            tabindex="0"
            type="radio"
            value="1"
          />
          <div
            class="c5 "
          >
            <svg
              aria-label="Star"
              class="c6"
              viewBox="0 0 24 24"
            >
              <path
                d="M12 16.667 5 22l3-8-6-4.5h7.5L12 2l2.5 7.5H22L16 14l3 8z"
                fill="#FFC95E"
                fill-rule="evenodd"
              />
            </svg>
          </div>
        </div>
      </label>
      <div
        class="c7"
      />
      <label
        class="c2"
        for="2"
      >
        <div
          class="c3 "
        >
          <input
            class="c4"
            id="2"
            name="test"
            tabindex="-1"
            type="radio"
            value="2"
          />
          <div
            class="c5 "
          >
            <svg
              aria-label="Star"
              class="c6"
              viewBox="0 0 24 24"
            >
              <path
                d="M12 16.667 5 22l3-8-6-4.5h7.5L12 2l2.5 7.5H22L16 14l3 8z"
                fill="#FFC95E"
                fill-rule="evenodd"
              />
            </svg>
          </div>
        </div>
      </label>
      <div
        class="c7"
      />
      <label
        class="c2"
        for="3"
      >
        <div
          class="c3 "
        >
          <input
            class="c4"
            id="3"
            name="test"
            tabindex="-1"
            type="radio"
            value="3"
          />
          <div
            class="c5 "
          >
            <svg
              aria-label="Star"
              class="c6"
              viewBox="0 0 24 24"
            >
              <path
                d="M12 16.667 5 22l3-8-6-4.5h7.5L12 2l2.5 7.5H22L16 14l3 8z"
                fill="#FFC95E"
                fill-rule="evenodd"
              />
            </svg>
          </div>
        </div>
      </label>
      <div
        class="c7"
      />
      <label
        class="c2"
        for="4"
      >
        <div
          class="c3 "
        >
          <input
            class="c4"
            id="4"
            name="test"
            tabindex="-1"
            type="radio"
            value="4"
          />
          <div
            class="c5 "
          >
            <svg
              aria-label="Star"
              class="c6"
              viewBox="0 0 24 24"
            >
              <path
                d="M12.606 16.805 12 16.343l-.606.462L5.755 21.1l2.381-6.35.263-.701-.599-.45L3 10h6.72l.229-.684L12 3.162l2.051 6.154.228.684H21l-4.8 3.6-.6.45.264.701 2.38 6.35-5.638-4.296Z"
                fill="none"
                stroke="#000"
                stroke-width="2"
              />
            </svg>
          </div>
        </div>
      </label>
      <div
        class="c7"
      />
      <label
        class="c2"
        for="5"
      >
        <div
          class="c3 "
        >
          <input
            class="c4"
            id="5"
            name="test"
            tabindex="-1"
            type="radio"
            value="5"
          />
          <div
            class="c5 "
          >
            <svg
              aria-label="Star"
              class="c6"
              viewBox="0 0 24 24"
            >
              <path
                d="M12.606 16.805 12 16.343l-.606.462L5.755 21.1l2.381-6.35.263-.701-.599-.45L3 10h6.72l.229-.684L12 3.162l2.051 6.154.228.684H21l-4.8 3.6-.6.45.264.701 2.38 6.35-5.638-4.296Z"
                fill="none"
                stroke="#000"
                stroke-width="2"
              />
            </svg>
          </div>
        </div>
      </label>
    </div>
  </div>
</div>
`;

exports[`StarRating StarRating is present 1`] = `
.c6 {
  display: inline-block;
  flex: 0 0 auto;
  width: 24px;
  height: 24px;
  fill: #666666;
  stroke: #666666;
}

.c6 g {
  fill: inherit;
  stroke: inherit;
}

.c6 *:not([stroke])[fill='none'] {
  stroke-width: 0;
}

.c6 *[stroke*='#'],
.c6 *[STROKE*='#'] {
  stroke: inherit;
  fill: none;
}

.c6 *[fill-rule],
.c6 *[FILL-RULE],
.c6 *[fill*='#'],
.c6 *[FILL*='#'] {
  fill: inherit;
  stroke: none;
}

.c0 {
  font-size: 18px;
  line-height: 24px;
  box-sizing: border-box;
  -webkit-text-size-adjust: 100%;
  -ms-text-size-adjust: 100%;
  -moz-osx-font-smoothing: grayscale;
  -webkit-font-smoothing: antialiased;
}

.c1 {
  display: flex;
  box-sizing: border-box;
  max-width: 100%;
  min-width: 0;
  min-height: 0;
  flex-direction: row;
}

.c3 {
  display: flex;
  box-sizing: border-box;
  max-width: 100%;
  min-width: 0;
  min-height: 0;
  flex-direction: column;
  flex: 0 0 auto;
}

.c5 {
  display: flex;
  box-sizing: border-box;
  max-width: 100%;
  min-width: 0;
  min-height: 0;
  flex-direction: column;
}

.c7 {
  flex: 0 0 auto;
  align-self: stretch;
  width: 12px;
}

.c2 {
  display: flex;
  flex-direction: row;
  align-items: center;
  user-select: none;
  width: fit-content;
  cursor: pointer;
}

.c2:hover input:not([disabled])+div,
.c2:hover input:not([disabled])+span {
  border-color: #000000;
}

.c4 {
  opacity: 0;
  -moz-appearance: none;
  width: 0;
  height: 0;
  margin: 0;
  cursor: pointer;
}

@media only screen and (max-width: 768px) {
  .c7 {
    width: 6px;
  }
}

<div>
  <div
    class="c0"
  >
    <div
      class="c1"
      data-testid="starRating-icon"
      role="radiogroup"
    >
      <label
        class="c2"
        for="1"
      >
        <div
          class="c3 "
        >
          <input
            class="c4"
            id="1"
            name="test"
            tabindex="0"
            type="radio"
            value="1"
          />
          <div
            class="c5 "
          >
            <svg
              aria-label="Star"
              class="c6"
              viewBox="0 0 24 24"
            >
              <path
                d="M12.606 16.805 12 16.343l-.606.462L5.755 21.1l2.381-6.35.263-.701-.599-.45L3 10h6.72l.229-.684L12 3.162l2.051 6.154.228.684H21l-4.8 3.6-.6.45.264.701 2.38 6.35-5.638-4.296Z"
                fill="none"
                stroke="#000"
                stroke-width="2"
              />
            </svg>
          </div>
        </div>
      </label>
      <div
        class="c7"
      />
      <label
        class="c2"
        for="2"
      >
        <div
          class="c3 "
        >
          <input
            class="c4"
            id="2"
            name="test"
            tabindex="-1"
            type="radio"
            value="2"
          />
          <div
            class="c5 "
          >
            <svg
              aria-label="Star"
              class="c6"
              viewBox="0 0 24 24"
            >
              <path
                d="M12.606 16.805 12 16.343l-.606.462L5.755 21.1l2.381-6.35.263-.701-.599-.45L3 10h6.72l.229-.684L12 3.162l2.051 6.154.228.684H21l-4.8 3.6-.6.45.264.701 2.38 6.35-5.638-4.296Z"
                fill="none"
                stroke="#000"
                stroke-width="2"
              />
            </svg>
          </div>
        </div>
      </label>
      <div
        class="c7"
      />
      <label
        class="c2"
        for="3"
      >
        <div
          class="c3 "
        >
          <input
            class="c4"
            id="3"
            name="test"
            tabindex="-1"
            type="radio"
            value="3"
          />
          <div
            class="c5 "
          >
            <svg
              aria-label="Star"
              class="c6"
              viewBox="0 0 24 24"
            >
              <path
                d="M12.606 16.805 12 16.343l-.606.462L5.755 21.1l2.381-6.35.263-.701-.599-.45L3 10h6.72l.229-.684L12 3.162l2.051 6.154.228.684H21l-4.8 3.6-.6.45.264.701 2.38 6.35-5.638-4.296Z"
                fill="none"
                stroke="#000"
                stroke-width="2"
              />
            </svg>
          </div>
        </div>
      </label>
      <div
        class="c7"
      />
      <label
        class="c2"
        for="4"
      >
        <div
          class="c3 "
        >
          <input
            class="c4"
            id="4"
            name="test"
            tabindex="-1"
            type="radio"
            value="4"
          />
          <div
            class="c5 "
          >
            <svg
              aria-label="Star"
              class="c6"
              viewBox="0 0 24 24"
            >
              <path
                d="M12.606 16.805 12 16.343l-.606.462L5.755 21.1l2.381-6.35.263-.701-.599-.45L3 10h6.72l.229-.684L12 3.162l2.051 6.154.228.684H21l-4.8 3.6-.6.45.264.701 2.38 6.35-5.638-4.296Z"
                fill="none"
                stroke="#000"
                stroke-width="2"
              />
            </svg>
          </div>
        </div>
      </label>
      <div
        class="c7"
      />
      <label
        class="c2"
        for="5"
      >
        <div
          class="c3 "
        >
          <input
            class="c4"
            id="5"
            name="test"
            tabindex="-1"
            type="radio"
            value="5"
          />
          <div
            class="c5 "
          >
            <svg
              aria-label="Star"
              class="c6"
              viewBox="0 0 24 24"
            >
              <path
                d="M12.606 16.805 12 16.343l-.606.462L5.755 21.1l2.381-6.35.263-.701-.599-.45L3 10h6.72l.229-.684L12 3.162l2.051 6.154.228.684H21l-4.8 3.6-.6.45.264.701 2.38 6.35-5.638-4.296Z"
                fill="none"
                stroke="#000"
                stroke-width="2"
              />
            </svg>
          </div>
        </div>
      </label>
    </div>
  </div>
</div>
`;

exports[`StarRating StarRating should have no accessibility violations 1`] = `
.c6 {
  display: inline-block;
  flex: 0 0 auto;
  width: 24px;
  height: 24px;
  fill: #666666;
  stroke: #666666;
}

.c6 g {
  fill: inherit;
  stroke: inherit;
}

.c6 *:not([stroke])[fill='none'] {
  stroke-width: 0;
}

.c6 *[stroke*='#'],
.c6 *[STROKE*='#'] {
  stroke: inherit;
  fill: none;
}

.c6 *[fill-rule],
.c6 *[FILL-RULE],
.c6 *[fill*='#'],
.c6 *[FILL*='#'] {
  fill: inherit;
  stroke: none;
}

.c0 {
  font-size: 18px;
  line-height: 24px;
  box-sizing: border-box;
  -webkit-text-size-adjust: 100%;
  -ms-text-size-adjust: 100%;
  -moz-osx-font-smoothing: grayscale;
  -webkit-font-smoothing: antialiased;
}

.c1 {
  display: flex;
  box-sizing: border-box;
  max-width: 100%;
  min-width: 0;
  min-height: 0;
  flex-direction: row;
}

.c3 {
  display: flex;
  box-sizing: border-box;
  max-width: 100%;
  min-width: 0;
  min-height: 0;
  flex-direction: column;
  flex: 0 0 auto;
}

.c5 {
  display: flex;
  box-sizing: border-box;
  max-width: 100%;
  min-width: 0;
  min-height: 0;
  flex-direction: column;
}

.c7 {
  flex: 0 0 auto;
  align-self: stretch;
  width: 12px;
}

.c2 {
  display: flex;
  flex-direction: row;
  align-items: center;
  user-select: none;
  width: fit-content;
  cursor: pointer;
}

.c2:hover input:not([disabled])+div,
.c2:hover input:not([disabled])+span {
  border-color: #000000;
}

.c4 {
  opacity: 0;
  -moz-appearance: none;
  width: 0;
  height: 0;
  margin: 0;
  cursor: pointer;
}

@media only screen and (max-width: 768px) {
  .c7 {
    width: 6px;
  }
}

<div>
  <div
    class="c0"
  >
    <div
      class="c1"
      role="radiogroup"
    >
      <label
        class="c2"
        for="1"
      >
        <div
          class="c3 "
        >
          <input
            class="c4"
            id="1"
            name="test"
            tabindex="0"
            type="radio"
            value="1"
          />
          <div
            class="c5 "
          >
            <svg
              aria-label="Star"
              class="c6"
              viewBox="0 0 24 24"
            >
              <path
                d="M12.606 16.805 12 16.343l-.606.462L5.755 21.1l2.381-6.35.263-.701-.599-.45L3 10h6.72l.229-.684L12 3.162l2.051 6.154.228.684H21l-4.8 3.6-.6.45.264.701 2.38 6.35-5.638-4.296Z"
                fill="none"
                stroke="#000"
                stroke-width="2"
              />
            </svg>
          </div>
        </div>
      </label>
      <div
        class="c7"
      />
      <label
        class="c2"
        for="2"
      >
        <div
          class="c3 "
        >
          <input
            class="c4"
            id="2"
            name="test"
            tabindex="-1"
            type="radio"
            value="2"
          />
          <div
            class="c5 "
          >
            <svg
              aria-label="Star"
              class="c6"
              viewBox="0 0 24 24"
            >
              <path
                d="M12.606 16.805 12 16.343l-.606.462L5.755 21.1l2.381-6.35.263-.701-.599-.45L3 10h6.72l.229-.684L12 3.162l2.051 6.154.228.684H21l-4.8 3.6-.6.45.264.701 2.38 6.35-5.638-4.296Z"
                fill="none"
                stroke="#000"
                stroke-width="2"
              />
            </svg>
          </div>
        </div>
      </label>
      <div
        class="c7"
      />
      <label
        class="c2"
        for="3"
      >
        <div
          class="c3 "
        >
          <input
            class="c4"
            id="3"
            name="test"
            tabindex="-1"
            type="radio"
            value="3"
          />
          <div
            class="c5 "
          >
            <svg
              aria-label="Star"
              class="c6"
              viewBox="0 0 24 24"
            >
              <path
                d="M12.606 16.805 12 16.343l-.606.462L5.755 21.1l2.381-6.35.263-.701-.599-.45L3 10h6.72l.229-.684L12 3.162l2.051 6.154.228.684H21l-4.8 3.6-.6.45.264.701 2.38 6.35-5.638-4.296Z"
                fill="none"
                stroke="#000"
                stroke-width="2"
              />
            </svg>
          </div>
        </div>
      </label>
      <div
        class="c7"
      />
      <label
        class="c2"
        for="4"
      >
        <div
          class="c3 "
        >
          <input
            class="c4"
            id="4"
            name="test"
            tabindex="-1"
            type="radio"
            value="4"
          />
          <div
            class="c5 "
          >
            <svg
              aria-label="Star"
              class="c6"
              viewBox="0 0 24 24"
            >
              <path
                d="M12.606 16.805 12 16.343l-.606.462L5.755 21.1l2.381-6.35.263-.701-.599-.45L3 10h6.72l.229-.684L12 3.162l2.051 6.154.228.684H21l-4.8 3.6-.6.45.264.701 2.38 6.35-5.638-4.296Z"
                fill="none"
                stroke="#000"
                stroke-width="2"
              />
            </svg>
          </div>
        </div>
      </label>
      <div
        class="c7"
      />
      <label
        class="c2"
        for="5"
      >
        <div
          class="c3 "
        >
          <input
            class="c4"
            id="5"
            name="test"
            tabindex="-1"
            type="radio"
            value="5"
          />
          <div
            class="c5 "
          >
            <svg
              aria-label="Star"
              class="c6"
              viewBox="0 0 24 24"
            >
              <path
                d="M12.606 16.805 12 16.343l-.606.462L5.755 21.1l2.381-6.35.263-.701-.599-.45L3 10h6.72l.229-.684L12 3.162l2.051 6.154.228.684H21l-4.8 3.6-.6.45.264.701 2.38 6.35-5.638-4.296Z"
                fill="none"
                stroke="#000"
                stroke-width="2"
              />
            </svg>
          </div>
        </div>
      </label>
    </div>
  </div>
</div>
`;

exports[`StarRating renders without grommet wrapper 1`] = `
.c5 {
  display: inline-block;
  flex: 0 0 auto;
  width: 24px;
  height: 24px;
  fill: #666666;
  stroke: #666666;
}

.c5 g {
  fill: inherit;
  stroke: inherit;
}

.c5 *:not([stroke])[fill='none'] {
  stroke-width: 0;
}

.c5 *[stroke*='#'],
.c5 *[STROKE*='#'] {
  stroke: inherit;
  fill: none;
}

.c5 *[fill-rule],
.c5 *[FILL-RULE],
.c5 *[fill*='#'],
.c5 *[FILL*='#'] {
  fill: inherit;
  stroke: none;
}

.c0 {
  display: flex;
  box-sizing: border-box;
  max-width: 100%;
  min-width: 0;
  min-height: 0;
  flex-direction: row;
}

.c2 {
  display: flex;
  box-sizing: border-box;
  max-width: 100%;
  min-width: 0;
  min-height: 0;
  flex-direction: column;
  flex: 0 0 auto;
}

.c4 {
  display: flex;
  box-sizing: border-box;
  max-width: 100%;
  min-width: 0;
  min-height: 0;
  flex-direction: column;
}

.c6 {
  flex: 0 0 auto;
  align-self: stretch;
  width: 12px;
}

.c1 {
  display: flex;
  flex-direction: row;
  align-items: center;
  user-select: none;
  width: fit-content;
  cursor: pointer;
}

.c1:hover input:not([disabled])+div,
.c1:hover input:not([disabled])+span {
  border-color: #000000;
}

.c3 {
  opacity: 0;
  -moz-appearance: none;
  width: 0;
  height: 0;
  margin: 0;
  cursor: pointer;
}

@media only screen and (max-width: 768px) {
  .c6 {
    width: 6px;
  }
}

<div
  class="c0"
  data-testid="starRating-icon"
  role="radiogroup"
>
  <label
    class="c1"
    for="1"
  >
    <div
      class="c2 "
    >
      <input
        class="c3"
        id="1"
        name="test"
        tabindex="0"
        type="radio"
        value="1"
      />
      <div
        class="c4 "
      >
        <svg
          aria-label="Star"
          class="c5"
          viewBox="0 0 24 24"
        >
          <path
            d="M12.606 16.805 12 16.343l-.606.462L5.755 21.1l2.381-6.35.263-.701-.599-.45L3 10h6.72l.229-.684L12 3.162l2.051 6.154.228.684H21l-4.8 3.6-.6.45.264.701 2.38 6.35-5.638-4.296Z"
            fill="none"
            stroke="#000"
            stroke-width="2"
          />
        </svg>
      </div>
    </div>
  </label>
  <div
    class="c6"
  />
  <label
    class="c1"
    for="2"
  >
    <div
      class="c2 "
    >
      <input
        class="c3"
        id="2"
        name="test"
        tabindex="-1"
        type="radio"
        value="2"
      />
      <div
        class="c4 "
      >
        <svg
          aria-label="Star"
          class="c5"
          viewBox="0 0 24 24"
        >
          <path
            d="M12.606 16.805 12 16.343l-.606.462L5.755 21.1l2.381-6.35.263-.701-.599-.45L3 10h6.72l.229-.684L12 3.162l2.051 6.154.228.684H21l-4.8 3.6-.6.45.264.701 2.38 6.35-5.638-4.296Z"
            fill="none"
            stroke="#000"
            stroke-width="2"
          />
        </svg>
      </div>
    </div>
  </label>
  <div
    class="c6"
  />
  <label
    class="c1"
    for="3"
  >
    <div
      class="c2 "
    >
      <input
        class="c3"
        id="3"
        name="test"
        tabindex="-1"
        type="radio"
        value="3"
      />
      <div
        class="c4 "
      >
        <svg
          aria-label="Star"
          class="c5"
          viewBox="0 0 24 24"
        >
          <path
            d="M12.606 16.805 12 16.343l-.606.462L5.755 21.1l2.381-6.35.263-.701-.599-.45L3 10h6.72l.229-.684L12 3.162l2.051 6.154.228.684H21l-4.8 3.6-.6.45.264.701 2.38 6.35-5.638-4.296Z"
            fill="none"
            stroke="#000"
            stroke-width="2"
          />
        </svg>
      </div>
    </div>
  </label>
  <div
    class="c6"
  />
  <label
    class="c1"
    for="4"
  >
    <div
      class="c2 "
    >
      <input
        class="c3"
        id="4"
        name="test"
        tabindex="-1"
        type="radio"
        value="4"
      />
      <div
        class="c4 "
      >
        <svg
          aria-label="Star"
          class="c5"
          viewBox="0 0 24 24"
        >
          <path
            d="M12.606 16.805 12 16.343l-.606.462L5.755 21.1l2.381-6.35.263-.701-.599-.45L3 10h6.72l.229-.684L12 3.162l2.051 6.154.228.684H21l-4.8 3.6-.6.45.264.701 2.38 6.35-5.638-4.296Z"
            fill="none"
            stroke="#000"
            stroke-width="2"
          />
        </svg>
      </div>
    </div>
  </label>
  <div
    class="c6"
  />
  <label
    class="c1"
    for="5"
  >
    <div
      class="c2 "
    >
      <input
        class="c3"
        id="5"
        name="test"
        tabindex="-1"
        type="radio"
        value="5"
      />
      <div
        class="c4 "
      >
        <svg
          aria-label="Star"
          class="c5"
          viewBox="0 0 24 24"
        >
          <path
            d="M12.606 16.805 12 16.343l-.606.462L5.755 21.1l2.381-6.35.263-.701-.599-.45L3 10h6.72l.229-.684L12 3.162l2.051 6.154.228.684H21l-4.8 3.6-.6.45.264.701 2.38 6.35-5.638-4.296Z"
            fill="none"
            stroke="#000"
            stroke-width="2"
          />
        </svg>
      </div>
    </div>
  </label>
</div>
`;

exports[`StarRating value for rating 1`] = `
.c9 {
  display: inline-block;
  flex: 0 0 auto;
  width: 24px;
  height: 24px;
  fill: #666666;
  stroke: #666666;
}

.c9 g {
  fill: inherit;
  stroke: inherit;
}

.c9 *:not([stroke])[fill='none'] {
  stroke-width: 0;
}

.c9 *[stroke*='#'],
.c9 *[STROKE*='#'] {
  stroke: inherit;
  fill: none;
}

.c9 *[fill-rule],
.c9 *[FILL-RULE],
.c9 *[fill*='#'],
.c9 *[FILL*='#'] {
  fill: inherit;
  stroke: none;
}

.c0 {
  font-size: 18px;
  line-height: 24px;
  box-sizing: border-box;
  -webkit-text-size-adjust: 100%;
  -ms-text-size-adjust: 100%;
  -moz-osx-font-smoothing: grayscale;
  -webkit-font-smoothing: antialiased;
}

.c1 {
  display: flex;
  box-sizing: border-box;
  max-width: 100%;
  margin-bottom: 12px;
  min-width: 0;
  min-height: 0;
  flex-direction: column;
}

.c3 {
  display: flex;
  box-sizing: border-box;
  max-width: 100%;
  border-bottom: solid 1px rgba(0, 0, 0, 0.33);
  min-width: 0;
  min-height: 0;
  flex-direction: column;
}

.c4 {
  display: flex;
  box-sizing: border-box;
  max-width: 100%;
  min-width: 0;
  min-height: 0;
  flex-direction: row;
}

.c6 {
  display: flex;
  box-sizing: border-box;
  max-width: 100%;
  min-width: 0;
  min-height: 0;
  flex-direction: column;
  flex: 0 0 auto;
}

.c8 {
  display: flex;
  box-sizing: border-box;
  max-width: 100%;
  min-width: 0;
  min-height: 0;
  flex-direction: column;
}

.c10 {
  flex: 0 0 auto;
  align-self: stretch;
  width: 12px;
}

.c2 {
  margin-left: 12px;
  margin-right: 12px;
  margin-top: 6px;
  margin-bottom: 6px;
  font-size: 18px;
  line-height: 24px;
}

.c11 {
  display: inline-block;
  box-sizing: border-box;
  cursor: pointer;
  font: inherit;
  text-decoration: none;
  margin: 0;
  background: transparent;
  overflow: visible;
  text-transform: none;
  border: 2px solid #7D4CDB;
  border-radius: 18px;
  color: #444444;
  padding: 4px 22px;
  font-size: 18px;
  line-height: 24px;
  transition-property: color,background-color,border-color,box-shadow;
  transition-duration: 0.1s;
  transition-timing-function: ease-in-out;
}

.c11:hover {
  box-shadow: 0px 0px 0px 2px #7D4CDB;
}

.c11:focus {
  outline: none;
  box-shadow: 0 0 2px 2px #6FFFB0;
}

.c11:focus >circle,
.c11:focus >ellipse,
.c11:focus >line,
.c11:focus >path,
.c11:focus >polygon,
.c11:focus >polyline,
.c11:focus >rect {
  outline: none;
  box-shadow: 0 0 2px 2px #6FFFB0;
}

.c11:focus ::-moz-focus-inner {
  border: 0;
}

.c11:focus:not(:focus-visible) {
  outline: none;
  box-shadow: none;
}

.c11:focus:not(:focus-visible) >circle,
.c11:focus:not(:focus-visible) >ellipse,
.c11:focus:not(:focus-visible) >line,
.c11:focus:not(:focus-visible) >path,
.c11:focus:not(:focus-visible) >polygon,
.c11:focus:not(:focus-visible) >polyline,
.c11:focus:not(:focus-visible) >rect {
  outline: none;
  box-shadow: none;
}

.c11:focus:not(:focus-visible) ::-moz-focus-inner {
  border: 0;
}

.c5 {
  display: flex;
  flex-direction: row;
  align-items: center;
  user-select: none;
  width: fit-content;
  cursor: pointer;
}

.c5:hover input:not([disabled])+div,
.c5:hover input:not([disabled])+span {
  border-color: #000000;
}

.c7 {
  opacity: 0;
  -moz-appearance: none;
  width: 0;
  height: 0;
  margin: 0;
  cursor: pointer;
}

@media only screen and (max-width: 768px) {
  .c1 {
    margin-bottom: 6px;
  }
}

@media only screen and (max-width: 768px) {
  .c3 {
    border-bottom: solid 1px rgba(0, 0, 0, 0.33);
  }
}

@media only screen and (max-width: 768px) {
  .c10 {
    width: 6px;
  }
}

<div
  class="c0"
>
  <form>
    <div
      class="c1 "
    >
      <label
        class="c2"
      >
        test-starRating
      </label>
      <div
        class="c3 "
      >
        <div
          class="c4"
          role="radiogroup"
        >
          <label
            class="c5"
            for="1"
          >
            <div
              class="c6 "
            >
              <input
                class="c7"
                id="1"
                name="test"
                tabindex="0"
                type="radio"
                value="1"
              />
              <div
                class="c8 "
              >
                <svg
                  aria-label="Star"
                  class="c9"
                  viewBox="0 0 24 24"
                >
                  <path
                    d="M12.606 16.805 12 16.343l-.606.462L5.755 21.1l2.381-6.35.263-.701-.599-.45L3 10h6.72l.229-.684L12 3.162l2.051 6.154.228.684H21l-4.8 3.6-.6.45.264.701 2.38 6.35-5.638-4.296Z"
                    fill="none"
                    stroke="#000"
                    stroke-width="2"
                  />
                </svg>
              </div>
            </div>
          </label>
          <div
            class="c10"
          />
          <label
            class="c5"
            for="2"
          >
            <div
              class="c6 "
            >
              <input
                class="c7"
                id="2"
                name="test"
                tabindex="-1"
                type="radio"
                value="2"
              />
              <div
                class="c8 "
              >
                <svg
                  aria-label="Star"
                  class="c9"
                  viewBox="0 0 24 24"
                >
                  <path
                    d="M12.606 16.805 12 16.343l-.606.462L5.755 21.1l2.381-6.35.263-.701-.599-.45L3 10h6.72l.229-.684L12 3.162l2.051 6.154.228.684H21l-4.8 3.6-.6.45.264.701 2.38 6.35-5.638-4.296Z"
                    fill="none"
                    stroke="#000"
                    stroke-width="2"
                  />
                </svg>
              </div>
            </div>
          </label>
          <div
            class="c10"
          />
          <label
            class="c5"
            for="3"
          >
            <div
              class="c6 "
            >
              <input
                class="c7"
                id="3"
                name="test"
                tabindex="-1"
                type="radio"
                value="3"
              />
              <div
                class="c8 "
              >
                <svg
                  aria-label="Star"
                  class="c9"
                  viewBox="0 0 24 24"
                >
                  <path
                    d="M12.606 16.805 12 16.343l-.606.462L5.755 21.1l2.381-6.35.263-.701-.599-.45L3 10h6.72l.229-.684L12 3.162l2.051 6.154.228.684H21l-4.8 3.6-.6.45.264.701 2.38 6.35-5.638-4.296Z"
                    fill="none"
                    stroke="#000"
                    stroke-width="2"
                  />
                </svg>
              </div>
            </div>
          </label>
          <div
            class="c10"
          />
          <label
            class="c5"
            for="4"
          >
            <div
              class="c6 "
            >
              <input
                class="c7"
                id="4"
                name="test"
                tabindex="-1"
                type="radio"
                value="4"
              />
              <div
                class="c8 "
              >
                <svg
                  aria-label="Star"
                  class="c9"
                  viewBox="0 0 24 24"
                >
                  <path
                    d="M12.606 16.805 12 16.343l-.606.462L5.755 21.1l2.381-6.35.263-.701-.599-.45L3 10h6.72l.229-.684L12 3.162l2.051 6.154.228.684H21l-4.8 3.6-.6.45.264.701 2.38 6.35-5.638-4.296Z"
                    fill="none"
                    stroke="#000"
                    stroke-width="2"
                  />
                </svg>
              </div>
            </div>
          </label>
          <div
            class="c10"
          />
          <label
            class="c5"
            for="5"
          >
            <div
              class="c6 "
            >
              <input
                class="c7"
                id="5"
                name="test"
                tabindex="-1"
                type="radio"
                value="5"
              />
              <div
                class="c8 "
              >
                <svg
                  aria-label="Star"
                  class="c9"
                  viewBox="0 0 24 24"
                >
                  <path
                    d="M12.606 16.805 12 16.343l-.606.462L5.755 21.1l2.381-6.35.263-.701-.599-.45L3 10h6.72l.229-.684L12 3.162l2.051 6.154.228.684H21l-4.8 3.6-.6.45.264.701 2.38 6.35-5.638-4.296Z"
                    fill="none"
                    stroke="#000"
                    stroke-width="2"
                  />
                </svg>
              </div>
            </div>
          </label>
        </div>
      </div>
    </div>
    <button
      class="c11"
      type="submit"
    >
      submit
    </button>
  </form>
</div>
`;
