// Jest Snapshot v1, https://goo.gl/fbAQLP

exports[`Box animation 1`] = `
.c0 {
  font-size: 18px;
  line-height: 24px;
  box-sizing: border-box;
  -webkit-text-size-adjust: 100%;
  -ms-text-size-adjust: 100%;
  -moz-osx-font-smoothing: grayscale;
  -webkit-font-smoothing: antialiased;
}

.c1 {
  display: flex;
  box-sizing: border-box;
  max-width: 100%;
  min-width: 0;
  min-height: 0;
  flex-direction: column;
  opacity: 0;
  animation: hAsUlT 1s 0s forwards;
}

.c2 {
  display: flex;
  box-sizing: border-box;
  max-width: 100%;
  min-width: 0;
  min-height: 0;
  flex-direction: column;
  opacity: 1;
  animation: hftlBD 1s 0s forwards;
}

.c3 {
  display: flex;
  box-sizing: border-box;
  max-width: 100%;
  min-width: 0;
  min-height: 0;
  flex-direction: column;
  transform: rotate(-5deg);
  animation: WIyiL 0.1s 0s alternate infinite;
}

.c4 {
  display: flex;
  box-sizing: border-box;
  max-width: 100%;
  min-width: 0;
  min-height: 0;
  flex-direction: column;
  transform: scale(1);
  animation: dXQBHi 1s 0s alternate infinite;
}

.c5 {
  display: flex;
  box-sizing: border-box;
  max-width: 100%;
  min-width: 0;
  min-height: 0;
  flex-direction: column;
  transform: rotate(0deg);
  animation: gNoyFE 1s 0s infinite linear;
}

.c6 {
  display: flex;
  box-sizing: border-box;
  max-width: 100%;
  min-width: 0;
  min-height: 0;
  flex-direction: column;
  transform: rotate(0deg);
  animation: gCPKsF 1s 0s infinite linear;
}

.c7 {
  display: flex;
  box-sizing: border-box;
  max-width: 100%;
  min-width: 0;
  min-height: 0;
  flex-direction: column;
  transform: translateY(10%);
  animation: tHuyy 1s 0s forwards;
}

.c8 {
  display: flex;
  box-sizing: border-box;
  max-width: 100%;
  min-width: 0;
  min-height: 0;
  flex-direction: column;
  transform: translateY(-10%);
  animation: gsfyXb 1s 0s forwards;
}

.c9 {
  display: flex;
  box-sizing: border-box;
  max-width: 100%;
  min-width: 0;
  min-height: 0;
  flex-direction: column;
  transform: translateX(10%);
  animation: cQvIhn 1s 0s forwards;
}

.c10 {
  display: flex;
  box-sizing: border-box;
  max-width: 100%;
  min-width: 0;
  min-height: 0;
  flex-direction: column;
  transform: translateX(-10%);
  animation: kQBwsm 1s 0s forwards;
}

.c11 {
  display: flex;
  box-sizing: border-box;
  max-width: 100%;
  min-width: 0;
  min-height: 0;
  flex-direction: column;
  transform: scale(0.95);
  animation: KrtCj 1s 0s forwards;
}

.c12 {
  display: flex;
  box-sizing: border-box;
  max-width: 100%;
  min-width: 0;
  min-height: 0;
  flex-direction: column;
  transform: scale(1.05);
  animation: ggdLLn 1s 0s forwards;
}

.c13 {
  display: flex;
  box-sizing: border-box;
  max-width: 100%;
  min-width: 0;
  min-height: 0;
  flex-direction: column;
  opacity: 0;
  transform: translateY(10%);
  animation: hAsUlT 1s 0s forwards,tHuyy 1s 0s forwards;
}

.c14 {
  display: flex;
  box-sizing: border-box;
  max-width: 100%;
  min-width: 0;
  min-height: 0;
  flex-direction: column;
  opacity: 0;
  animation: hAsUlT 1s 0.5s forwards;
}

.c15 {
  display: flex;
  box-sizing: border-box;
  max-width: 100%;
  min-width: 0;
  min-height: 0;
  flex-direction: column;
  opacity: 0;
  transform: translateY(10%);
  animation: hAsUlT 1s 0.5s forwards,tHuyy 1s 0.5s forwards;
}

<div
  class="c0"
>
  <div
    class="c1"
  />
  <div
    class="c2"
  />
  <div
    class="c3"
  />
  <div
    class="c4"
  />
  <div
    class="c5"
  />
  <div
    class="c6"
  />
  <div
    class="c7"
  />
  <div
    class="c8"
  />
  <div
    class="c9"
  />
  <div
    class="c10"
  />
  <div
    class="c11"
  />
  <div
    class="c12"
  />
  <div
    class="c13"
  />
  <div
    class="c14"
  />
  <div
    class="c15"
  />
</div>
`;

exports[`Box background 1`] = `
.c0 {
  font-size: 18px;
  line-height: 24px;
  box-sizing: border-box;
  -webkit-text-size-adjust: 100%;
  -ms-text-size-adjust: 100%;
  -moz-osx-font-smoothing: grayscale;
  -webkit-font-smoothing: antialiased;
}

.c1 {
  display: flex;
  box-sizing: border-box;
  max-width: 100%;
  background-color: #7D4CDB;
  color: #f8f8f8;
  min-width: 0;
  min-height: 0;
  flex-direction: column;
}

.c2 {
  display: flex;
  box-sizing: border-box;
  max-width: 100%;
  background-color: #6FFFB0;
  color: #444444;
  min-width: 0;
  min-height: 0;
  flex-direction: column;
}

.c3 {
  display: flex;
  box-sizing: border-box;
  max-width: 100%;
  background-color: #00873D;
  color: #f8f8f8;
  min-width: 0;
  min-height: 0;
  flex-direction: column;
}

.c4 {
  display: flex;
  box-sizing: border-box;
  max-width: 100%;
  background-color: #F8F8F8;
  color: #444444;
  min-width: 0;
  min-height: 0;
  flex-direction: column;
}

.c5 {
  display: flex;
  box-sizing: border-box;
  max-width: 100%;
  background-color: #333333;
  color: #f8f8f8;
  min-width: 0;
  min-height: 0;
  flex-direction: column;
}

.c6 {
  display: flex;
  box-sizing: border-box;
  max-width: 100%;
  background-color: #EB0000;
  color: #f8f8f8;
  min-width: 0;
  min-height: 0;
  flex-direction: column;
}

.c7 {
  display: flex;
  box-sizing: border-box;
  max-width: 100%;
  background-color: #aabbcc;
  color: #444444;
  min-width: 0;
  min-height: 0;
  flex-direction: column;
}

.c8 {
  display: flex;
  box-sizing: border-box;
  max-width: 100%;
  background-color: #def;
  color: #444444;
  min-width: 0;
  min-height: 0;
  flex-direction: column;
}

.c9 {
  display: flex;
  box-sizing: border-box;
  max-width: 100%;
  background-color: rgb(90, 80, 50);
  color: #f8f8f8;
  min-width: 0;
  min-height: 0;
  flex-direction: column;
}

.c10 {
  display: flex;
  box-sizing: border-box;
  max-width: 100%;
  background-color: rgba(200, 100, 150, 0.8);
  color: #444444;
  min-width: 0;
  min-height: 0;
  flex-direction: column;
}

.c11 {
  display: flex;
  box-sizing: border-box;
  max-width: 100%;
  background-color: hsl(10, 50%, 20%);
  color: #f8f8f8;
  min-width: 0;
  min-height: 0;
  flex-direction: column;
}

.c12 {
  display: flex;
  box-sizing: border-box;
  max-width: 100%;
  background-color: hsla(10, 50%, 70%, 0.7);
  color: #444444;
  min-width: 0;
  min-height: 0;
  flex-direction: column;
}

.c13 {
  display: flex;
  box-sizing: border-box;
  max-width: 100%;
  background: url(data:image/png;base64,iVBORw0KGgoAAAANSUhEUgAAAAMAAAADCAYAAABWKLW/AAAABGdBTUEAALGPC/xhBQAAAA9JREFUCB1jYMAC/mOIAQASFQEAlwuUYwAAAABJRU5ErkJggg==) no-repeat center center;
  background-size: cover;
  min-width: 0;
  min-height: 0;
  flex-direction: column;
}

.c14 {
  display: flex;
  box-sizing: border-box;
  max-width: 100%;
  color: #444444;
  background-image: url(data:image/png;base64,iVBORw0KGgoAAAANSUhEUgAAAAMAAAADCAYAAABWKLW/AAAABGdBTUEAALGPC/xhBQAAAA9JREFUCB1jYMAC/mOIAQASFQEAlwuUYwAAAABJRU5ErkJggg==);
  background-repeat: no-repeat;
  background-position: center center;
  background-size: cover;
  min-width: 0;
  min-height: 0;
  flex-direction: column;
}

.c15 {
  display: flex;
  box-sizing: border-box;
  max-width: 100%;
  color: #f8f8f8;
  background-image: url(data:image/png;base64,iVBORw0KGgoAAAANSUhEUgAAAAMAAAADCAYAAABWKLW/AAAABGdBTUEAALGPC/xhBQAAAA9JREFUCB1jYMAC/mOIAQASFQEAlwuUYwAAAABJRU5ErkJggg==);
  background-repeat: no-repeat;
  background-position: center center;
  background-size: cover;
  min-width: 0;
  min-height: 0;
  flex-direction: column;
}

.c16 {
  display: flex;
  box-sizing: border-box;
  max-width: 100%;
  background-image: url(data:image/png;base64,iVBORw0KGgoAAAANSUhEUgAAAAMAAAADCAYAAABWKLW/AAAABGdBTUEAALGPC/xhBQAAAA9JREFUCB1jYMAC/mOIAQASFQEAlwuUYwAAAABJRU5ErkJggg==);
  background-repeat: no-repeat;
  background-position: top center;
  background-size: cover;
  min-width: 0;
  min-height: 0;
  flex-direction: column;
}

.c17 {
  display: flex;
  box-sizing: border-box;
  max-width: 100%;
  position: relative;
  z-index: 0;
  min-width: 0;
  min-height: 0;
  flex-direction: column;
}

.c17:before {
  content: '';
  position: absolute;
  top: 0;
  right: 0;
  left: 0;
  bottom: 0;
  z-index: -1;
  border-radius: inherit;
  background-image: url(data:image/png;base64,iVBORw0KGgoAAAANSUhEUgAAAAMAAAADCAYAAABWKLW/AAAABGdBTUEAALGPC/xhBQAAAA9JREFUCB1jYMAC/mOIAQASFQEAlwuUYwAAAABJRU5ErkJggg==);
  background-repeat: no-repeat;
  background-position: center center;
  background-size: cover;
  opacity: 0.8;
}

.c18 {
  display: flex;
  box-sizing: border-box;
  max-width: 100%;
  color: #444444;
  background-color: rgba(111, 255, 176, 1);
  background-image: url(data:image/png;base64,iVBORw0KGgoAAAANSUhEUgAAAAMAAAADCAYAAABWKLW/AAAABGdBTUEAALGPC/xhBQAAAA9JREFUCB1jYMAC/mOIAQASFQEAlwuUYwAAAABJRU5ErkJggg==);
  background-repeat: no-repeat;
  background-position: center center;
  background-size: cover;
  min-width: 0;
  min-height: 0;
  flex-direction: column;
}

.c19 {
  display: flex;
  box-sizing: border-box;
  max-width: 100%;
  background-image: url(data:image/png;base64,iVBORw0KGgoAAAANSUhEUgAAAAMAAAADCAYAAABWKLW/AAAABGdBTUEAALGPC/xhBQAAAA9JREFUCB1jYMAC/mOIAQASFQEAlwuUYwAAAABJRU5ErkJggg==);
  background-repeat: no-repeat;
  background-position: center center;
  background-size: contain;
  min-width: 0;
  min-height: 0;
  flex-direction: column;
}

.c20 {
  display: flex;
  box-sizing: border-box;
  max-width: 100%;
  background-image: url(data:image/png;base64,iVBORw0KGgoAAAANSUhEUgAAAAMAAAADCAYAAABWKLW/AAAABGdBTUEAALGPC/xhBQAAAA9JREFUCB1jYMAC/mOIAQASFQEAlwuUYwAAAABJRU5ErkJggg==);
  background-repeat: repeat;
  background-position: center center;
  background-size: cover;
  min-width: 0;
  min-height: 0;
  flex-direction: column;
}

.c21 {
  display: flex;
  box-sizing: border-box;
  max-width: 100%;
  position: relative;
  z-index: 0;
  min-width: 0;
  min-height: 0;
  flex-direction: column;
}

.c21:before {
  content: '';
  position: absolute;
  top: 0;
  right: 0;
  left: 0;
  bottom: 0;
  z-index: -1;
  border-radius: inherit;
  background-image: url(data:image/png;base64,iVBORw0KGgoAAAANSUhEUgAAAAMAAAADCAYAAABWKLW/AAAABGdBTUEAALGPC/xhBQAAAA9JREFUCB1jYMAC/mOIAQASFQEAlwuUYwAAAABJRU5ErkJggg==);
  background-repeat: no-repeat;
  background-position: center center;
  background-size: cover;
  opacity: 0.5;
}

<div
  class="c0"
>
  <div
    class="c1"
  />
  <div
    class="c2"
  />
  <div
    class="c3"
  />
  <div
    class="c4"
  />
  <div
    class="c5"
  />
  <div
    class="c6"
  />
  <div
    class="c7"
  />
  <div
    class="c8"
  />
  <div
    class="c9"
  />
  <div
    class="c10"
  />
  <div
    class="c11"
  />
  <div
    class="c12"
  />
  <div
    class="c13"
  />
  <div
    class="c14"
  />
  <div
    class="c15"
  />
  <div
    class="c16"
  />
  <div
    class="c17"
  />
  <div
    class="c18"
  />
  <div
    class="c19"
  />
  <div
    class="c20"
  />
  <div
    class="c21"
  />
</div>
`;

exports[`Box background clip 1`] = `
<DocumentFragment>
  .c0 {
  font-size: 18px;
  line-height: 24px;
  box-sizing: border-box;
  -webkit-text-size-adjust: 100%;
  -ms-text-size-adjust: 100%;
  -moz-osx-font-smoothing: grayscale;
  -webkit-font-smoothing: antialiased;
}

.c1 {
  display: flex;
  box-sizing: border-box;
  max-width: 100%;
  background-image: linear-gradient(             hsl(240deg 90% 55%) 0%,             hsl(341deg 90% 55%) 50%,             hsl(60deg 90% 55%) 100%);
  background-repeat: no-repeat;
  background-position: center center;
  background-size: cover;
  -webkit-text-fill-color: transparent;
  -webkit-background-clip: text;
  background-clip: text;
  min-width: 0;
  min-height: 0;
  flex-direction: column;
}

.c2 {
  font-size: 18px;
  line-height: 24px;
  font-weight: bold;
}

<div
    class="c0"
  >
    <div
      class="c1"
    >
      <span
        class="c2"
      >
        background with clipped text
      </span>
    </div>
  </div>
</DocumentFragment>
`;

exports[`Box background from theme 1`] = `
<DocumentFragment>
  .c0 {
  font-size: 18px;
  line-height: 24px;
  box-sizing: border-box;
  -webkit-text-size-adjust: 100%;
  -ms-text-size-adjust: 100%;
  -moz-osx-font-smoothing: grayscale;
  -webkit-font-smoothing: antialiased;
}

.c1 {
  display: flex;
  box-sizing: border-box;
  max-width: 100%;
  background: linear-gradient(             hsl(240deg 90% 55%) 0%,             hsl(341deg 90% 55%) 50%,             hsl(60deg 90% 55%) 100%);
  min-width: 0;
  min-height: 0;
  flex-direction: column;
}

.c3 {
  display: flex;
  box-sizing: border-box;
  max-width: 100%;
  color: #444444;
  position: relative;
  z-index: 0;
  min-width: 0;
  min-height: 0;
  flex-direction: column;
}

.c3:before {
  content: '';
  position: absolute;
  top: 0;
  right: 0;
  left: 0;
  bottom: 0;
  z-index: -1;
  border-radius: inherit;
  background-color: red;
  background-image: url(https://images.unsplash.com/photo-1603484477859-abe6a73f9366?ixlib=rb-1.2.1&ixid=MnwxMjA3fDB8MHxwaG90by1wYWdlfHx8fGVufDB8fHx8&auto=format&fit=crop&w=687&q=80);
  background-repeat: no-repeat;
  background-position: center center;
  background-size: cover;
  opacity: 0.4;
}

.c4 {
  display: flex;
  box-sizing: border-box;
  max-width: 100%;
  color: #f8f8f8;
  background-image: url(data:image/png;base64,iVBORw0KGgoAAAANSUhEUgAAAAMAAAADCAYAAABWKLW/AAAABGdBTUEAALGPC/xhBQAAAA9JREFUCB1jYMAC/mOIAQASFQEAlwuUYwAAAABJRU5ErkJggg==);
  background-repeat: no-repeat;
  background-position: center center;
  background-size: cover;
  min-width: 0;
  min-height: 0;
  flex-direction: column;
}

.c2 {
  font-size: 18px;
  line-height: 24px;
}

<div
    class="c0"
  >
    <div
      class="c1"
    >
      <span
        class="c2"
      >
        background gradient from theme
      </span>
    </div>
    <div
      class="c3"
    >
      <span
        class="c2"
      >
        background image from theme
      </span>
    </div>
    <div
      class="c4"
    />
  </div>
</DocumentFragment>
`;

exports[`Box background rotate 1`] = `
<DocumentFragment>
  .c0 {
  font-size: 18px;
  line-height: 24px;
  box-sizing: border-box;
  -webkit-text-size-adjust: 100%;
  -ms-text-size-adjust: 100%;
  -moz-osx-font-smoothing: grayscale;
  -webkit-font-smoothing: antialiased;
}

.c1 {
  display: flex;
  box-sizing: border-box;
  max-width: 100%;
  background-image: linear-gradient(-45deg,              hsl(240deg 90% 55%) 0%,             hsl(341deg 90% 55%) 50%,             hsl(60deg 90% 55%) 100%);
  background-repeat: no-repeat;
  background-position: center center;
  background-size: cover;
  min-width: 0;
  min-height: 0;
  flex-direction: column;
}

.c2 {
  font-size: 18px;
  line-height: 24px;
  font-weight: bold;
}

<div
    class="c0"
  >
    <div
      class="c1"
    >
      <span
        class="c2"
      >
        background gradient rotated
      </span>
    </div>
  </div>
</DocumentFragment>
`;

exports[`Box border 1`] = `
.c0 {
  font-size: 18px;
  line-height: 24px;
  box-sizing: border-box;
  -webkit-text-size-adjust: 100%;
  -ms-text-size-adjust: 100%;
  -moz-osx-font-smoothing: grayscale;
  -webkit-font-smoothing: antialiased;
}

.c1 {
  display: flex;
  box-sizing: border-box;
  max-width: 100%;
  border: solid 1px rgba(0, 0, 0, 0.33);
  min-width: 0;
  min-height: 0;
  flex-direction: column;
}

.c2 {
  display: flex;
  box-sizing: border-box;
  max-width: 100%;
  border-top: solid 1px rgba(0, 0, 0, 0.33);
  border-bottom: solid 1px rgba(0, 0, 0, 0.33);
  min-width: 0;
  min-height: 0;
  flex-direction: column;
}

.c3 {
  display: flex;
  box-sizing: border-box;
  max-width: 100%;
  border-left: solid 1px rgba(0, 0, 0, 0.33);
  border-right: solid 1px rgba(0, 0, 0, 0.33);
  min-width: 0;
  min-height: 0;
  flex-direction: column;
}

.c4 {
  display: flex;
  box-sizing: border-box;
  max-width: 100%;
  border-top: solid 1px rgba(0, 0, 0, 0.33);
  min-width: 0;
  min-height: 0;
  flex-direction: column;
}

.c5 {
  display: flex;
  box-sizing: border-box;
  max-width: 100%;
  border-left: solid 1px rgba(0, 0, 0, 0.33);
  min-width: 0;
  min-height: 0;
  flex-direction: column;
}

.c6 {
  display: flex;
  box-sizing: border-box;
  max-width: 100%;
  border-bottom: solid 1px rgba(0, 0, 0, 0.33);
  min-width: 0;
  min-height: 0;
  flex-direction: column;
}

.c7 {
  display: flex;
  box-sizing: border-box;
  max-width: 100%;
  border-right: solid 1px rgba(0, 0, 0, 0.33);
  min-width: 0;
  min-height: 0;
  flex-direction: column;
}

.c8 {
  display: flex;
  box-sizing: border-box;
  max-width: 100%;
  border: solid 1px #6FFFB0;
  min-width: 0;
  min-height: 0;
  flex-direction: column;
}

.c9 {
  display: flex;
  box-sizing: border-box;
  max-width: 100%;
  border: solid 2px rgba(0, 0, 0, 0.33);
  min-width: 0;
  min-height: 0;
  flex-direction: column;
}

.c10 {
  display: flex;
  box-sizing: border-box;
  max-width: 100%;
  border: solid 4px rgba(0, 0, 0, 0.33);
  min-width: 0;
  min-height: 0;
  flex-direction: column;
}

.c11 {
  display: flex;
  box-sizing: border-box;
  max-width: 100%;
  border: solid 12px rgba(0, 0, 0, 0.33);
  min-width: 0;
  min-height: 0;
  flex-direction: column;
}

.c12 {
  display: flex;
  box-sizing: border-box;
  max-width: 100%;
  border: solid 24px rgba(0, 0, 0, 0.33);
  min-width: 0;
  min-height: 0;
  flex-direction: column;
}

.c13 {
  display: flex;
  box-sizing: border-box;
  max-width: 100%;
  border: dotted 1px rgba(0, 0, 0, 0.33);
  min-width: 0;
  min-height: 0;
  flex-direction: column;
}

.c14 {
  display: flex;
  box-sizing: border-box;
  max-width: 100%;
  border: double 1px rgba(0, 0, 0, 0.33);
  min-width: 0;
  min-height: 0;
  flex-direction: column;
}

.c15 {
  display: flex;
  box-sizing: border-box;
  max-width: 100%;
  border: dashed 1px rgba(0, 0, 0, 0.33);
  min-width: 0;
  min-height: 0;
  flex-direction: column;
}

.c16 {
  display: flex;
  box-sizing: border-box;
  max-width: 100%;
  border-top: dotted 4px #6FFFB0;
  border-left: dashed 12px #FD6FFF;
  min-width: 0;
  min-height: 0;
  flex-direction: column;
}

.c17 {
  display: flex;
  box-sizing: border-box;
  max-width: 100%;
  min-width: 0;
  min-height: 0;
  flex-direction: column;
}

.c18 {
  flex: 0 0 auto;
  align-self: stretch;
  height: 12px;
  position: relative;
}

.c18:after {
  content: '';
  position: absolute;
  width: 100%;
  top: 5.5px;
  border-top: solid 1px rgba(0, 0, 0, 0.33);
}

@media only screen and (max-width: 768px) {
  .c1 {
    border: solid 1px rgba(0, 0, 0, 0.33);
  }
}

@media only screen and (max-width: 768px) {
  .c2 {
    border-top: solid 1px rgba(0, 0, 0, 0.33);
    border-bottom: solid 1px rgba(0, 0, 0, 0.33);
  }
}

@media only screen and (max-width: 768px) {
  .c3 {
    border-left: solid 1px rgba(0, 0, 0, 0.33);
    border-right: solid 1px rgba(0, 0, 0, 0.33);
  }
}

@media only screen and (max-width: 768px) {
  .c4 {
    border-top: solid 1px rgba(0, 0, 0, 0.33);
  }
}

@media only screen and (max-width: 768px) {
  .c5 {
    border-left: solid 1px rgba(0, 0, 0, 0.33);
  }
}

@media only screen and (max-width: 768px) {
  .c6 {
    border-bottom: solid 1px rgba(0, 0, 0, 0.33);
  }
}

@media only screen and (max-width: 768px) {
  .c7 {
    border-right: solid 1px rgba(0, 0, 0, 0.33);
  }
}

@media only screen and (max-width: 768px) {
  .c8 {
    border: solid 1px #6FFFB0;
  }
}

@media only screen and (max-width: 768px) {
  .c9 {
    border: solid 2px rgba(0, 0, 0, 0.33);
  }
}

@media only screen and (max-width: 768px) {
  .c10 {
    border: solid 4px rgba(0, 0, 0, 0.33);
  }
}

@media only screen and (max-width: 768px) {
  .c11 {
    border: solid 6px rgba(0, 0, 0, 0.33);
  }
}

@media only screen and (max-width: 768px) {
  .c12 {
    border: solid 12px rgba(0, 0, 0, 0.33);
  }
}

@media only screen and (max-width: 768px) {
  .c13 {
    border: dotted 1px rgba(0, 0, 0, 0.33);
  }
}

@media only screen and (max-width: 768px) {
  .c14 {
    border: double 1px rgba(0, 0, 0, 0.33);
  }
}

@media only screen and (max-width: 768px) {
  .c15 {
    border: dashed 1px rgba(0, 0, 0, 0.33);
  }
}

@media only screen and (max-width: 768px) {
  .c16 {
    border-top: dotted 4px #6FFFB0;
  }
}

@media only screen and (max-width: 768px) {
  .c16 {
    border-left: dashed 6px #FD6FFF;
  }
}

@media only screen and (max-width: 768px) {
  .c18 {
    height: 6px;
  }
}

@media only screen and (max-width: 768px) {
  .c18:after {
    border-top: solid 1px rgba(0, 0, 0, 0.33);
  }
}

@media only screen and (max-width: 768px) {
  .c18:after {
    content: '';
    top: 2.5px;
  }
}

<div
  class="c0"
>
  <div
    class="c1"
  />
  <div
    class="c2"
  />
  <div
    class="c3"
  />
  <div
    class="c4"
  />
  <div
    class="c5"
  />
  <div
    class="c6"
  />
  <div
    class="c7"
  />
  <div
    class="c8"
  />
  <div
    class="c1"
  />
  <div
    class="c1"
  />
  <div
    class="c9"
  />
  <div
    class="c10"
  />
  <div
    class="c11"
  />
  <div
    class="c12"
  />
  <div
    class="c13"
  />
  <div
    class="c14"
  />
  <div
    class="c15"
  />
  <div
    class="c16"
  />
  <div
    class="c17"
  >
    <div
      class="c17"
    >
      one
    </div>
    <div
      class="c18"
    />
    <div
      class="c17"
    >
      two
    </div>
  </div>
  <div
    class="c4"
  >
    <div
      class="c17"
    >
      one
    </div>
    <div
      class="c18"
    />
    <div
      class="c17"
    >
      two
    </div>
  </div>
</div>
`;

exports[`Box elevation 1`] = `
.c0 {
  font-size: 18px;
  line-height: 24px;
  box-sizing: border-box;
  -webkit-text-size-adjust: 100%;
  -ms-text-size-adjust: 100%;
  -moz-osx-font-smoothing: grayscale;
  -webkit-font-smoothing: antialiased;
}

.c1 {
  display: flex;
  box-sizing: border-box;
  max-width: 100%;
  min-width: 0;
  min-height: 0;
  flex-direction: column;
  box-shadow: none;
}

.c2 {
  display: flex;
  box-sizing: border-box;
  max-width: 100%;
  min-width: 0;
  min-height: 0;
  flex-direction: column;
  box-shadow: 0px 1px 2px rgba(0, 0, 0, 0.20);
}

.c3 {
  display: flex;
  box-sizing: border-box;
  max-width: 100%;
  min-width: 0;
  min-height: 0;
  flex-direction: column;
  box-shadow: 0px 2px 4px rgba(0, 0, 0, 0.20);
}

.c4 {
  display: flex;
  box-sizing: border-box;
  max-width: 100%;
  min-width: 0;
  min-height: 0;
  flex-direction: column;
  box-shadow: 0px 4px 8px rgba(0, 0, 0, 0.20);
}

.c5 {
  display: flex;
  box-sizing: border-box;
  max-width: 100%;
  min-width: 0;
  min-height: 0;
  flex-direction: column;
  box-shadow: 0px 8px 16px rgba(0, 0, 0, 0.20);
}

.c6 {
  display: flex;
  box-sizing: border-box;
  max-width: 100%;
  min-width: 0;
  min-height: 0;
  flex-direction: column;
  box-shadow: 0px 12px 24px rgba(0, 0, 0, 0.20);
}

.c7 {
  display: flex;
  box-sizing: border-box;
  max-width: 100%;
  background-color: #333333;
  color: #f8f8f8;
  min-width: 0;
  min-height: 0;
  flex-direction: column;
  box-shadow: 0px 2px 4px rgba(0, 0, 0, 0.20);
}

.c8 {
  display: flex;
  box-sizing: border-box;
  max-width: 100%;
  min-width: 0;
  min-height: 0;
  flex-direction: column;
  box-shadow: 0px 4px 4px rgba(255, 255, 255, 0.40);
}

<div
  class="c0"
>
  <div
    class="c1"
  />
  <div
    class="c2"
  />
  <div
    class="c3"
  />
  <div
    class="c4"
  />
  <div
    class="c5"
  />
  <div
    class="c6"
  />
  <div
    class="c7"
  >
    <div
      class="c8"
    />
  </div>
</div>
`;

exports[`Box hoverIndicator 1`] = `
.c0 {
  font-size: 18px;
  line-height: 24px;
  box-sizing: border-box;
  -webkit-text-size-adjust: 100%;
  -ms-text-size-adjust: 100%;
  -moz-osx-font-smoothing: grayscale;
  -webkit-font-smoothing: antialiased;
}

.c1 {
  display: flex;
  box-sizing: border-box;
  max-width: 100%;
  min-width: 0;
  min-height: 0;
  flex-direction: column;
}

.c2 {
  display: flex;
  box-sizing: border-box;
  max-width: 100%;
  min-width: 0;
  min-height: 0;
  flex-direction: column;
  cursor: pointer;
}

.c2:hover {
  background-color: rgba(221, 221, 221, 0.4);
  color: #000000;
}

.c3 {
  display: flex;
  box-sizing: border-box;
  max-width: 100%;
  min-width: 0;
  min-height: 0;
  flex-direction: column;
  cursor: pointer;
}

.c3:hover {
  background-color: #33333310;
  color: #000000;
}

.c4 {
  display: flex;
  box-sizing: border-box;
  max-width: 100%;
  min-width: 0;
  min-height: 0;
  flex-direction: column;
  cursor: pointer;
}

.c4:hover {
  background-color: rgba(51, 51, 51, 0.06274509803921569);
  color: #000000;
}

.c5 {
  display: flex;
  box-sizing: border-box;
  max-width: 100%;
  min-width: 0;
  min-height: 0;
  flex-direction: column;
  cursor: pointer;
}

.c5:hover {
  background-color: rgba(51, 51, 51, 0.06274509803921569);
  color: #000000;
  box-shadow: 0px 4px 8px rgba(0, 0, 0, 0.20);
}

<div
  class="c0"
>
  <div
    class="c1"
  >
    <div
      class="c2"
      tabindex="0"
    />
    <div
      class="c3"
      tabindex="0"
    />
    \\
    <div
      class="c4"
      tabindex="0"
    />
    <div
      class="c5"
      tabindex="0"
    />
  </div>
</div>
`;

exports[`Box round 1`] = `
.c0 {
  font-size: 18px;
  line-height: 24px;
  box-sizing: border-box;
  -webkit-text-size-adjust: 100%;
  -ms-text-size-adjust: 100%;
  -moz-osx-font-smoothing: grayscale;
  -webkit-font-smoothing: antialiased;
}

.c1 {
  display: flex;
  box-sizing: border-box;
  max-width: 100%;
  min-width: 0;
  min-height: 0;
  flex-direction: column;
  border-radius: 24px;
}

.c2 {
  display: flex;
  box-sizing: border-box;
  max-width: 100%;
  min-width: 0;
  min-height: 0;
  flex-direction: column;
  border-radius: 6px;
}

.c3 {
  display: flex;
  box-sizing: border-box;
  max-width: 100%;
  min-width: 0;
  min-height: 0;
  flex-direction: column;
  border-radius: 12px;
}

.c4 {
  display: flex;
  box-sizing: border-box;
  max-width: 100%;
  min-width: 0;
  min-height: 0;
  flex-direction: column;
  border-radius: 48px;
}

.c5 {
  display: flex;
  box-sizing: border-box;
  max-width: 100%;
  min-width: 0;
  min-height: 0;
  flex-direction: column;
  border-radius: 100%;
}

.c6 {
  display: flex;
  box-sizing: border-box;
  max-width: 100%;
  min-width: 0;
  min-height: 0;
  flex-direction: column;
  border-top-left-radius: 24px;
  border-bottom-left-radius: 24px;
}

.c7 {
  display: flex;
  box-sizing: border-box;
  max-width: 100%;
  min-width: 0;
  min-height: 0;
  flex-direction: column;
  border-top-left-radius: 24px;
  border-top-right-radius: 24px;
}

.c8 {
  display: flex;
  box-sizing: border-box;
  max-width: 100%;
  min-width: 0;
  min-height: 0;
  flex-direction: column;
  border-top-right-radius: 24px;
  border-bottom-right-radius: 24px;
}

.c9 {
  display: flex;
  box-sizing: border-box;
  max-width: 100%;
  min-width: 0;
  min-height: 0;
  flex-direction: column;
  border-bottom-left-radius: 24px;
  border-bottom-right-radius: 24px;
}

.c10 {
  display: flex;
  box-sizing: border-box;
  max-width: 100%;
  min-width: 0;
  min-height: 0;
  flex-direction: column;
  border-top-left-radius: 24px;
}

.c11 {
  display: flex;
  box-sizing: border-box;
  max-width: 100%;
  min-width: 0;
  min-height: 0;
  flex-direction: column;
  border-top-right-radius: 24px;
}

.c12 {
  display: flex;
  box-sizing: border-box;
  max-width: 100%;
  min-width: 0;
  min-height: 0;
  flex-direction: column;
  border-bottom-left-radius: 24px;
}

.c13 {
  display: flex;
  box-sizing: border-box;
  max-width: 100%;
  min-width: 0;
  min-height: 0;
  flex-direction: column;
  border-bottom-right-radius: 24px;
}

.c14 {
  display: flex;
  box-sizing: border-box;
  max-width: 100%;
  min-width: 0;
  min-height: 0;
  flex-direction: column;
  border-radius: 6px;
}

.c15 {
  display: flex;
  box-sizing: border-box;
  max-width: 100%;
  min-width: 0;
  min-height: 0;
  flex-direction: column;
  border-radius: 12px;
}

.c16 {
  display: flex;
  box-sizing: border-box;
  max-width: 100%;
  min-width: 0;
  min-height: 0;
  flex-direction: column;
  border-radius: 24px;
}

.c17 {
  display: flex;
  box-sizing: border-box;
  max-width: 100%;
  min-width: 0;
  min-height: 0;
  flex-direction: column;
  border-radius: 48px;
}

.c18 {
  display: flex;
  box-sizing: border-box;
  max-width: 100%;
  min-width: 0;
  min-height: 0;
  flex-direction: column;
  border-radius: 96px;
}

@media only screen and (max-width: 768px) {
  .c1 {
    border-radius: 12px;
  }
}

@media only screen and (max-width: 768px) {
  .c2 {
    border-radius: 3px;
  }
}

@media only screen and (max-width: 768px) {
  .c3 {
    border-radius: 6px;
  }
}

@media only screen and (max-width: 768px) {
  .c4 {
    border-radius: 24px;
  }
}

@media only screen and (max-width: 768px) {
  .c14 {
    border-radius: 3px;
  }
}

@media only screen and (max-width: 768px) {
  .c15 {
    border-radius: 6px;
  }
}

@media only screen and (max-width: 768px) {
  .c16 {
    border-radius: 12px;
  }
}

@media only screen and (max-width: 768px) {
  .c17 {
    border-radius: 24px;
  }
}

@media only screen and (max-width: 768px) {
  .c18 {
    border-radius: 48px;
  }
}

<div
  class="c0"
>
  <div
    class="c1"
  />
  <div
    class="c2"
  />
  <div
    class="c3"
  />
  <div
    class="c1"
  />
  <div
    class="c4"
  />
  <div
    class="c5"
  />
  <div
    class="c6"
  />
  <div
    class="c7"
  />
  <div
    class="c8"
  />
  <div
    class="c9"
  />
  <div
    class="c10"
  />
  <div
    class="c11"
  />
  <div
    class="c12"
  />
  <div
    class="c13"
  />
  <div
    class="c14"
  />
  <div
    class="c15"
  />
  <div
    class="c16"
  />
  <div
    class="c17"
  />
  <div
    class="c18"
  />
</div>
`;

exports[`Box round with responive equal to false 1`] = `
<DocumentFragment>
  .c0 {
  font-size: 18px;
  line-height: 24px;
  box-sizing: border-box;
  -webkit-text-size-adjust: 100%;
  -ms-text-size-adjust: 100%;
  -moz-osx-font-smoothing: grayscale;
  -webkit-font-smoothing: antialiased;
}

.c1 {
  display: flex;
  box-sizing: border-box;
  max-width: 100%;
  min-width: 0;
  min-height: 0;
  flex-direction: column;
  border-radius: 48px;
}

<div
    class="c0"
  >
    <div
      class="c1"
    />
  </div>
</DocumentFragment>
`;
