// Jest Snapshot v1, https://jestjs.io/docs/snapshot-testing

exports[`default theme is used 1`] = `
.c0 {
  display: flex;
  box-sizing: border-box;
  max-width: 100%;
  background-color: #7D4CDB;
  color: #f8f8f8;
  min-width: 0;
  min-height: 0;
  flex-direction: column;
}

<div
  class="c0"
/>
`;

exports[`extends default theme 1`] = `
.c0 {
  display: flex;
  box-sizing: border-box;
  max-width: 100%;
  background-color: #ff0000;
  color: #f8f8f8;
  min-width: 0;
  min-height: 0;
  flex-direction: column;
}

<div
  class="c0"
/>
`;

exports[`extends default theme twice 1`] = `
<DocumentFragment>
  .c0 {
  display: flex;
  box-sizing: border-box;
  max-width: 100%;
  background-color: #ff0000;
  color: #f8f8f8;
  min-width: 0;
  min-height: 0;
  flex-direction: column;
}

<div
    class="c0"
  />
</DocumentFragment>
`;

exports[`extends default theme twice 2`] = `
<DocumentFragment>
  .c0 {
  display: flex;
  box-sizing: border-box;
  max-width: 100%;
  background-color: #0000ff;
  color: #f8f8f8;
  min-width: 0;
  min-height: 0;
  flex-direction: column;
}

<div
    class="c0"
  />
</DocumentFragment>
`;

exports[`leverages default theme 1`] = `
.c0 {
  background: red;
}

<div
  class="c0"
/>
`;

exports[`uses Grommet theme instead of default 1`] = `
.c1 {
  display: flex;
  box-sizing: border-box;
  max-width: 100%;
  background-color: #7D4CDB;
  color: #f8f8f8;
  min-width: 0;
  min-height: 0;
  flex-direction: column;
}

.c0 {
  font-family: -apple-system,BlinkMacSystemFont,"Segoe UI",Roboto,Oxygen,Ubuntu,Cantarell,"Fira Sans","Droid Sans","Helvetica Neue",Arial,sans-serif,"Apple Color Emoji","Segoe UI Emoji","Segoe UI Symbol";
  font-size: 18px;
  line-height: 24px;
  background-color: #ffffff;
  color: #444444;
  box-sizing: border-box;
  -webkit-text-size-adjust: 100%;
  -ms-text-size-adjust: 100%;
  -moz-osx-font-smoothing: grayscale;
  -webkit-font-smoothing: antialiased;
}

<div
  class="c0"
>
  <div
    class="c1"
  />
</div>
`;
