// Jest Snapshot v1, https://goo.gl/fbAQLP

exports[`DataTableGroupBy renders 1`] = `
.c1 {
  display: flex;
  box-sizing: border-box;
  max-width: 100%;
  min-width: 0;
  min-height: 0;
  flex-direction: column;
  flex: 0 0 auto;
}

.c5 {
  display: flex;
  box-sizing: border-box;
  max-width: 100%;
  align-items: center;
  min-width: 0;
  min-height: 0;
  flex-direction: row;
  justify-content: space-between;
}

.c6 {
  display: flex;
  box-sizing: border-box;
  min-width: 0;
  min-height: 0;
  flex-direction: row;
  flex: 1 1;
  flex-basis: auto;
}

.c10 {
  display: flex;
  box-sizing: border-box;
  max-width: 100%;
  margin-left: 12px;
  margin-right: 12px;
  min-width: 0;
  min-height: 0;
  flex-direction: column;
  flex: 0 0 auto;
}

.c11 {
  display: inline-block;
  flex: 0 0 auto;
  width: 24px;
  height: 24px;
  fill: #7D4CDB;
  stroke: #7D4CDB;
}

.c11 g {
  fill: inherit;
  stroke: inherit;
}

.c11 *:not([stroke])[fill='none'] {
  stroke-width: 0;
}

.c11 *[stroke*='#'],
.c11 *[STROKE*='#'] {
  stroke: inherit;
  fill: none;
}

.c11 *[fill-rule],
.c11 *[FILL-RULE],
.c11 *[fill*='#'],
.c11 *[FILL*='#'] {
  fill: inherit;
  stroke: none;
}

.c3 {
  display: inline-block;
  box-sizing: border-box;
  cursor: pointer;
  font: inherit;
  text-decoration: none;
  margin: 0;
  background: transparent;
  overflow: visible;
  text-transform: none;
  color: inherit;
  outline: none;
  border: none;
  padding: 0;
  text-align: inherit;
}

.c3:focus {
  outline: none;
  box-shadow: 0 0 2px 2px #6FFFB0;
}

.c3:focus >circle,
.c3:focus >ellipse,
.c3:focus >line,
.c3:focus >path,
.c3:focus >polygon,
.c3:focus >polyline,
.c3:focus >rect {
  outline: none;
  box-shadow: 0 0 2px 2px #6FFFB0;
}

.c3:focus ::-moz-focus-inner {
  border: 0;
}

.c3:focus:not(:focus-visible) {
  outline: none;
  box-shadow: none;
}

.c3:focus:not(:focus-visible) >circle,
.c3:focus:not(:focus-visible) >ellipse,
.c3:focus:not(:focus-visible) >line,
.c3:focus:not(:focus-visible) >path,
.c3:focus:not(:focus-visible) >polygon,
.c3:focus:not(:focus-visible) >polyline,
.c3:focus:not(:focus-visible) >rect {
  outline: none;
  box-shadow: none;
}

.c3:focus:not(:focus-visible) ::-moz-focus-inner {
  border: 0;
}

.c2 {
  max-width: 100%;
}

.c8 {
  box-sizing: border-box;
  font-size: inherit;
  font-family: inherit;
  border: none;
  -webkit-appearance: none;
  background: transparent;
  color: inherit;
  width: 100%;
  padding: 11px;
  font-weight: 600;
  margin: 0;
  border: 1px solid rgba(0, 0, 0, 0.33);
  border-radius: 4px;
  border: none;
  outline: none;
  border: none;
}

.c8::-webkit-input-placeholder {
  color: #AAAAAA;
}

.c8::-moz-placeholder {
  color: #AAAAAA;
}

.c8:-ms-input-placeholder {
  color: #AAAAAA;
}

.c8 ::-webkit-search-decoration {
  -webkit-appearance: none;
}

.c8::-moz-focus-inner {
  border: none;
  outline: none;
}

.c8:-moz-placeholder,
.c8::-moz-placeholder {
  opacity: 1;
}

.c7 {
  position: relative;
  width: 100%;
}

.c9 {
  cursor: pointer;
}

.c4 {
  border: 1px solid rgba(0, 0, 0, 0.33);
  border-radius: 4px;
}

.c0 {
  font-size: 18px;
  line-height: 24px;
  box-sizing: border-box;
  -webkit-text-size-adjust: 100%;
  -ms-text-size-adjust: 100%;
  -moz-osx-font-smoothing: grayscale;
  -webkit-font-smoothing: antialiased;
}

@media only screen and (max-width: 768px) {
  .c10 {
    margin-left: 6px;
    margin-right: 6px;
  }
}

<div
  class="c0"
>
  <div
    class="c1"
    id="data"
  >
    <form
      class="c2"
    >
      <button
        aria-expanded="false"
        aria-haspopup="listbox"
        aria-label="Group by"
        class="c3 c4"
        id="data--groupby"
        type="button"
      >
        <div
          class="c5"
        >
          <div
            class="c6"
          >
            <div
              class="c7"
            >
              <input
                autocomplete="off"
                class="c8 c9"
                id="data--groupby__input"
                inert=""
                name="_groupBy"
                placeholder="Group by"
                readonly=""
                tabindex="-1"
                type="text"
                value=""
              />
            </div>
          </div>
          <div
            class="c10"
            style="min-width: auto;"
          >
            <svg
              aria-label="FormDown"
              class="c11"
              viewBox="0 0 24 24"
            >
              <path
                d="m18 9-6 6-6-6"
                fill="none"
                stroke="#000"
                stroke-width="2"
              />
            </svg>
          </div>
        </div>
      </button>
    </form>
  </div>
</div>
`;
