// Jest Snapshot v1, https://jestjs.io/docs/snapshot-testing

exports[`Spinner border renders 1`] = `
.c0 {
  font-size: 18px;
  line-height: 24px;
  box-sizing: border-box;
  -webkit-text-size-adjust: 100%;
  -ms-text-size-adjust: 100%;
  -moz-osx-font-smoothing: grayscale;
  -webkit-font-smoothing: antialiased;
}

.c1 {
  display: flex;
  box-sizing: border-box;
  max-width: 100%;
  border: dotted 4px #7D4CDB;
  min-width: 0;
  min-height: 0;
  flex-direction: column;
  height: 24px;
  width: 24px;
  flex: 0 0 auto;
  padding: 12px;
  border-radius: 100%;
  transform: rotate(0deg);
  animation: gCPKsF 1s 0s infinite linear;
}

.c2 {
  display: flex;
  box-sizing: border-box;
  max-width: 100%;
  border-top: inset 12px #7D4CDB;
  border-bottom: inset 12px #7D4CDB;
  min-width: 0;
  min-height: 0;
  flex-direction: column;
  height: 24px;
  width: 24px;
  flex: 0 0 auto;
  padding: 12px;
  border-radius: 100%;
  transform: rotate(0deg);
  animation: gCPKsF 1s 0s infinite linear;
}

.c3 {
  display: flex;
  box-sizing: border-box;
  max-width: 100%;
  border: solid 4px transparent;
  border-top: solid 4px #7D4CDB;
  border-bottom: solid 4px #7D4CDB;
  min-width: 0;
  min-height: 0;
  flex-direction: column;
  height: 24px;
  width: 24px;
  flex: 0 0 auto;
  padding: 12px;
  border-radius: 100%;
  transform: rotate(0deg);
  animation: gCPKsF 1s 0s infinite linear;
}

.c4 {
  display: flex;
  box-sizing: border-box;
  max-width: 100%;
  border: solid 4px #33333310;
  border-right: solid 4px #7D4CDB;
  border-top: solid 4px #7D4CDB;
  border-left: solid 4px #7D4CDB;
  min-width: 0;
  min-height: 0;
  flex-direction: column;
  height: 24px;
  width: 24px;
  flex: 0 0 auto;
  padding: 12px;
  border-radius: 100%;
  transform: rotate(0deg);
  animation: gCPKsF 1s 0s infinite linear;
}

.c5 {
  display: flex;
  box-sizing: border-box;
  max-width: 100%;
  border-top: solid 4px #7D4CDB;
  border-bottom: solid 4px #7D4CDB;
  min-width: 0;
  min-height: 0;
  flex-direction: column;
  height: 24px;
  width: 24px;
  flex: 0 0 auto;
  padding: 12px;
  border-radius: 100%;
  transform: rotate(0deg);
  animation: gCPKsF 1s 0s infinite linear;
}

@media only screen and (max-width: 768px) {
  .c1 {
    border: dotted 4px #7D4CDB;
  }
}

@media only screen and (max-width: 768px) {
  .c1 {
    padding: 6px;
  }
}

@media only screen and (max-width: 768px) {
  .c2 {
    border-top: inset 6px #7D4CDB;
    border-bottom: inset 6px #7D4CDB;
  }
}

@media only screen and (max-width: 768px) {
  .c2 {
    padding: 6px;
  }
}

@media only screen and (max-width: 768px) {
  .c3 {
    border: solid 4px transparent;
  }
}

@media only screen and (max-width: 768px) {
  .c3 {
    border-top: solid 4px #7D4CDB;
    border-bottom: solid 4px #7D4CDB;
  }
}

@media only screen and (max-width: 768px) {
  .c3 {
    padding: 6px;
  }
}

@media only screen and (max-width: 768px) {
  .c4 {
    border: solid 4px #33333310;
  }
}

@media only screen and (max-width: 768px) {
  .c4 {
    border-right: solid 4px #7D4CDB;
  }
}

@media only screen and (max-width: 768px) {
  .c4 {
    border-top: solid 4px #7D4CDB;
  }
}

@media only screen and (max-width: 768px) {
  .c4 {
    border-left: solid 4px #7D4CDB;
  }
}

@media only screen and (max-width: 768px) {
  .c4 {
    padding: 6px;
  }
}

@media only screen and (max-width: 768px) {
  .c5 {
    border-top: solid 4px #7D4CDB;
    border-bottom: solid 4px #7D4CDB;
  }
}

@media only screen and (max-width: 768px) {
  .c5 {
    padding: 6px;
  }
}

<div
  class="c0"
>
  <div
    class="c1"
  />
  <div
    class="c2"
  />
  <div
    class="c3"
  />
  <div
    class="c4"
  />
  <div
    class="c5"
  />
</div>
`;

exports[`Spinner color renders 1`] = `
.c0 {
  font-size: 18px;
  line-height: 24px;
  box-sizing: border-box;
  -webkit-text-size-adjust: 100%;
  -ms-text-size-adjust: 100%;
  -moz-osx-font-smoothing: grayscale;
  -webkit-font-smoothing: antialiased;
}

.c1 {
  display: flex;
  box-sizing: border-box;
  max-width: 100%;
  border: solid 1px #33333310;
  border-top: solid 1px #6FFFB0;
  min-width: 0;
  min-height: 0;
  flex-direction: column;
  height: 24px;
  width: 24px;
  flex: 0 0 auto;
  padding: 12px;
  border-radius: 100%;
  transform: rotate(0deg);
  animation: gCPKsF 1s 0s infinite linear;
}

.c2 {
  display: flex;
  box-sizing: border-box;
  max-width: 100%;
  border: solid 1px #33333310;
  border-top: solid 1px #00873D;
  min-width: 0;
  min-height: 0;
  flex-direction: column;
  height: 24px;
  width: 24px;
  flex: 0 0 auto;
  padding: 12px;
  border-radius: 100%;
  transform: rotate(0deg);
  animation: gCPKsF 1s 0s infinite linear;
}

.c3 {
  display: flex;
  box-sizing: border-box;
  max-width: 100%;
  border: solid 1px #33333310;
  border-top: solid 1px #3D138D;
  min-width: 0;
  min-height: 0;
  flex-direction: column;
  height: 24px;
  width: 24px;
  flex: 0 0 auto;
  padding: 12px;
  border-radius: 100%;
  transform: rotate(0deg);
  animation: gCPKsF 1s 0s infinite linear;
}

.c4 {
  display: flex;
  box-sizing: border-box;
  max-width: 100%;
  border: solid 1px #33333310;
  border-top: solid 1px #00739D;
  min-width: 0;
  min-height: 0;
  flex-direction: column;
  height: 24px;
  width: 24px;
  flex: 0 0 auto;
  padding: 12px;
  border-radius: 100%;
  transform: rotate(0deg);
  animation: gCPKsF 1s 0s infinite linear;
}

.c5 {
  display: flex;
  box-sizing: border-box;
  max-width: 100%;
  border: solid 1px #33333310;
  border-top: solid 1px #A2423D;
  min-width: 0;
  min-height: 0;
  flex-direction: column;
  height: 24px;
  width: 24px;
  flex: 0 0 auto;
  padding: 12px;
  border-radius: 100%;
  transform: rotate(0deg);
  animation: gCPKsF 1s 0s infinite linear;
}

@media only screen and (max-width: 768px) {
  .c1 {
    border: solid 1px #33333310;
  }
}

@media only screen and (max-width: 768px) {
  .c1 {
    border-top: solid 1px #6FFFB0;
  }
}

@media only screen and (max-width: 768px) {
  .c1 {
    padding: 6px;
  }
}

@media only screen and (max-width: 768px) {
  .c2 {
    border: solid 1px #33333310;
  }
}

@media only screen and (max-width: 768px) {
  .c2 {
    border-top: solid 1px #00873D;
  }
}

@media only screen and (max-width: 768px) {
  .c2 {
    padding: 6px;
  }
}

@media only screen and (max-width: 768px) {
  .c3 {
    border: solid 1px #33333310;
  }
}

@media only screen and (max-width: 768px) {
  .c3 {
    border-top: solid 1px #3D138D;
  }
}

@media only screen and (max-width: 768px) {
  .c3 {
    padding: 6px;
  }
}

@media only screen and (max-width: 768px) {
  .c4 {
    border: solid 1px #33333310;
  }
}

@media only screen and (max-width: 768px) {
  .c4 {
    border-top: solid 1px #00739D;
  }
}

@media only screen and (max-width: 768px) {
  .c4 {
    padding: 6px;
  }
}

@media only screen and (max-width: 768px) {
  .c5 {
    border: solid 1px #33333310;
  }
}

@media only screen and (max-width: 768px) {
  .c5 {
    border-top: solid 1px #A2423D;
  }
}

@media only screen and (max-width: 768px) {
  .c5 {
    padding: 6px;
  }
}

<div
  class="c0"
>
  <div
    class="c1"
  />
  <div
    class="c2"
  />
  <div
    class="c3"
  />
  <div
    class="c4"
  />
  <div
    class="c5"
  />
</div>
`;

exports[`Spinner renders outside grommet wrapper 1`] = `
.c0 {
  display: flex;
  box-sizing: border-box;
  max-width: 100%;
  border: solid 1px #33333310;
  border-top: solid 1px #7D4CDB;
  min-width: 0;
  min-height: 0;
  flex-direction: column;
  height: 24px;
  width: 24px;
  flex: 0 0 auto;
  padding: 12px;
  border-radius: 100%;
  transform: rotate(0deg);
  animation: gCPKsF 1s 0s infinite linear;
}

@media only screen and (max-width: 768px) {
  .c0 {
    border: solid 1px #33333310;
  }
}

@media only screen and (max-width: 768px) {
  .c0 {
    border-top: solid 1px #7D4CDB;
  }
}

@media only screen and (max-width: 768px) {
  .c0 {
    padding: 6px;
  }
}

<div
  class="c0"
/>
`;

exports[`Spinner round renders 1`] = `
.c0 {
  font-size: 18px;
  line-height: 24px;
  box-sizing: border-box;
  -webkit-text-size-adjust: 100%;
  -ms-text-size-adjust: 100%;
  -moz-osx-font-smoothing: grayscale;
  -webkit-font-smoothing: antialiased;
}

.c1 {
  display: flex;
  box-sizing: border-box;
  max-width: 100%;
  border: solid 1px #33333310;
  border-top: solid 1px #7D4CDB;
  min-width: 0;
  min-height: 0;
  flex-direction: column;
  height: 24px;
  width: 24px;
  flex: 0 0 auto;
  padding: 12px;
  transform: rotate(0deg);
  animation: gCPKsF 1s 0s infinite linear;
}

.c2 {
  display: flex;
  box-sizing: border-box;
  max-width: 100%;
  border: solid 1px #33333310;
  border-top: solid 1px #7D4CDB;
  min-width: 0;
  min-height: 0;
  flex-direction: column;
  height: 24px;
  width: 24px;
  flex: 0 0 auto;
  padding: 12px;
  border-radius: 12px;
  transform: rotate(0deg);
  animation: gCPKsF 1s 0s infinite linear;
}

.c3 {
  display: flex;
  box-sizing: border-box;
  max-width: 100%;
  border: solid 1px #33333310;
  border-top: solid 1px #7D4CDB;
  min-width: 0;
  min-height: 0;
  flex-direction: column;
  height: 24px;
  width: 24px;
  flex: 0 0 auto;
  padding: 12px;
  border-radius: 24px;
  transform: rotate(0deg);
  animation: gCPKsF 1s 0s infinite linear;
}

.c4 {
  display: flex;
  box-sizing: border-box;
  max-width: 100%;
  border: solid 1px #33333310;
  border-top: solid 1px #7D4CDB;
  min-width: 0;
  min-height: 0;
  flex-direction: column;
  height: 24px;
  width: 24px;
  flex: 0 0 auto;
  padding: 12px;
  border-radius: 48px;
  transform: rotate(0deg);
  animation: gCPKsF 1s 0s infinite linear;
}

@media only screen and (max-width: 768px) {
  .c1 {
    border: solid 1px #33333310;
  }
}

@media only screen and (max-width: 768px) {
  .c1 {
    border-top: solid 1px #7D4CDB;
  }
}

@media only screen and (max-width: 768px) {
  .c1 {
    padding: 6px;
  }
}

@media only screen and (max-width: 768px) {
  .c2 {
    border: solid 1px #33333310;
  }
}

@media only screen and (max-width: 768px) {
  .c2 {
    border-top: solid 1px #7D4CDB;
  }
}

@media only screen and (max-width: 768px) {
  .c2 {
    padding: 6px;
  }
}

@media only screen and (max-width: 768px) {
  .c2 {
    border-radius: 6px;
  }
}

@media only screen and (max-width: 768px) {
  .c3 {
    border: solid 1px #33333310;
  }
}

@media only screen and (max-width: 768px) {
  .c3 {
    border-top: solid 1px #7D4CDB;
  }
}

@media only screen and (max-width: 768px) {
  .c3 {
    padding: 6px;
  }
}

@media only screen and (max-width: 768px) {
  .c3 {
    border-radius: 12px;
  }
}

@media only screen and (max-width: 768px) {
  .c4 {
    border: solid 1px #33333310;
  }
}

@media only screen and (max-width: 768px) {
  .c4 {
    border-top: solid 1px #7D4CDB;
  }
}

@media only screen and (max-width: 768px) {
  .c4 {
    padding: 6px;
  }
}

@media only screen and (max-width: 768px) {
  .c4 {
    border-radius: 24px;
  }
}

<div
  class="c0"
>
  <div
    class="c1"
  />
  <div
    class="c2"
  />
  <div
    class="c3"
  />
  <div
    class="c4"
  />
</div>
`;

exports[`Spinner should have no accessibility violations 1`] = `
.c0 {
  font-size: 18px;
  line-height: 24px;
  box-sizing: border-box;
  -webkit-text-size-adjust: 100%;
  -ms-text-size-adjust: 100%;
  -moz-osx-font-smoothing: grayscale;
  -webkit-font-smoothing: antialiased;
}

.c1 {
  display: flex;
  box-sizing: border-box;
  max-width: 100%;
  border: solid 1px #33333310;
  border-top: solid 1px #7D4CDB;
  min-width: 0;
  min-height: 0;
  flex-direction: column;
  height: 24px;
  width: 24px;
  flex: 0 0 auto;
  padding: 12px;
  border-radius: 100%;
  transform: rotate(0deg);
  animation: gCPKsF 1s 0s infinite linear;
}

@media only screen and (max-width: 768px) {
  .c1 {
    border: solid 1px #33333310;
  }
}

@media only screen and (max-width: 768px) {
  .c1 {
    border-top: solid 1px #7D4CDB;
  }
}

@media only screen and (max-width: 768px) {
  .c1 {
    padding: 6px;
  }
}

<div
  class="c0"
>
  <div
    class="c1"
  />
</div>
`;

exports[`Spinner size renders 1`] = `
.c0 {
  font-size: 18px;
  line-height: 24px;
  box-sizing: border-box;
  -webkit-text-size-adjust: 100%;
  -ms-text-size-adjust: 100%;
  -moz-osx-font-smoothing: grayscale;
  -webkit-font-smoothing: antialiased;
}

.c1 {
  display: flex;
  box-sizing: border-box;
  max-width: 100%;
  border: solid 1px #33333310;
  border-top: solid 1px #7D4CDB;
  min-width: 0;
  min-height: 0;
  flex-direction: column;
  height: 18px;
  width: 18px;
  flex: 0 0 auto;
  padding: 12px;
  border-radius: 100%;
  transform: rotate(0deg);
  animation: gCPKsF 1s 0s infinite linear;
}

.c2 {
  display: flex;
  box-sizing: border-box;
  max-width: 100%;
  border: solid 2px #33333310;
  border-top: solid 2px #7D4CDB;
  min-width: 0;
  min-height: 0;
  flex-direction: column;
  height: 24px;
  width: 24px;
  flex: 0 0 auto;
  padding: 12px;
  border-radius: 100%;
  transform: rotate(0deg);
  animation: gCPKsF 1s 0s infinite linear;
}

.c3 {
  display: flex;
  box-sizing: border-box;
  max-width: 100%;
  border: solid 4px #33333310;
  border-top: solid 4px #7D4CDB;
  min-width: 0;
  min-height: 0;
  flex-direction: column;
  height: 48px;
  width: 48px;
  flex: 0 0 auto;
  padding: 12px;
  border-radius: 100%;
  transform: rotate(0deg);
  animation: gCPKsF 1s 0s infinite linear;
}

.c4 {
  display: flex;
  box-sizing: border-box;
  max-width: 100%;
  border: solid 12px #33333310;
  border-top: solid 12px #7D4CDB;
  min-width: 0;
  min-height: 0;
  flex-direction: column;
  height: 72px;
  width: 72px;
  flex: 0 0 auto;
  padding: 12px;
  border-radius: 100%;
  transform: rotate(0deg);
  animation: gCPKsF 1s 0s infinite linear;
}

.c5 {
  display: flex;
  box-sizing: border-box;
  max-width: 100%;
  border: solid 24px #33333310;
  border-top: solid 24px #7D4CDB;
  min-width: 0;
  min-height: 0;
  flex-direction: column;
  height: 96px;
  width: 96px;
  flex: 0 0 auto;
  padding: 12px;
  border-radius: 100%;
  transform: rotate(0deg);
  animation: gCPKsF 1s 0s infinite linear;
}

@media only screen and (max-width: 768px) {
  .c1 {
    border: solid 1px #33333310;
  }
}

@media only screen and (max-width: 768px) {
  .c1 {
    border-top: solid 1px #7D4CDB;
  }
}

@media only screen and (max-width: 768px) {
  .c1 {
    padding: 6px;
  }
}

@media only screen and (max-width: 768px) {
  .c2 {
    border: solid 2px #33333310;
  }
}

@media only screen and (max-width: 768px) {
  .c2 {
    border-top: solid 2px #7D4CDB;
  }
}

@media only screen and (max-width: 768px) {
  .c2 {
    padding: 6px;
  }
}

@media only screen and (max-width: 768px) {
  .c3 {
    border: solid 4px #33333310;
  }
}

@media only screen and (max-width: 768px) {
  .c3 {
    border-top: solid 4px #7D4CDB;
  }
}

@media only screen and (max-width: 768px) {
  .c3 {
    padding: 6px;
  }
}

@media only screen and (max-width: 768px) {
  .c4 {
    border: solid 6px #33333310;
  }
}

@media only screen and (max-width: 768px) {
  .c4 {
    border-top: solid 6px #7D4CDB;
  }
}

@media only screen and (max-width: 768px) {
  .c4 {
    padding: 6px;
  }
}

@media only screen and (max-width: 768px) {
  .c5 {
    border: solid 12px #33333310;
  }
}

@media only screen and (max-width: 768px) {
  .c5 {
    border-top: solid 12px #7D4CDB;
  }
}

@media only screen and (max-width: 768px) {
  .c5 {
    padding: 6px;
  }
}

<div
  class="c0"
>
  <div
    class="c1"
  />
  <div
    class="c2"
  />
  <div
    class="c3"
  />
  <div
    class="c4"
  />
  <div
    class="c5"
  />
</div>
`;

exports[`Spinner spinner changes according to theme 1`] = `
.c0 {
  font-size: 18px;
  line-height: 24px;
  box-sizing: border-box;
  -webkit-text-size-adjust: 100%;
  -ms-text-size-adjust: 100%;
  -moz-osx-font-smoothing: grayscale;
  -webkit-font-smoothing: antialiased;
}

.c1 {
  display: flex;
  box-sizing: border-box;
  max-width: 100%;
  background: red;
  min-width: 0;
  min-height: 0;
  flex-direction: column;
  height: 30px;
  width: 30px;
  flex: 0 0 auto;
  padding: 48px;
  border-radius: 24px;
  transform: rotate(0deg);
  animation: gNoyFE 0.9s 0s infinite linear;
}

@media only screen and (max-width: 768px) {
  .c1 {
    padding: 24px;
  }
}

@media only screen and (max-width: 768px) {
  .c1 {
    border-radius: 12px;
  }
}

<div
  class="c0"
>
  <div
    class="c1"
  />
</div>
`;

exports[`Spinner spinner color renders over theme settings 1`] = `
.c0 {
  font-size: 18px;
  line-height: 24px;
  box-sizing: border-box;
  -webkit-text-size-adjust: 100%;
  -ms-text-size-adjust: 100%;
  -moz-osx-font-smoothing: grayscale;
  -webkit-font-smoothing: antialiased;
}

.c1 {
  display: flex;
  box-sizing: border-box;
  max-width: 100%;
  border: solid 4px #33333310;
  border-right: solid 4px #1479FB;
  border-top: solid 4px #1479FB;
  border-left: solid 4px #1479FB;
  min-width: 0;
  min-height: 0;
  flex-direction: column;
  height: 24px;
  width: 24px;
  flex: 0 0 auto;
  padding: 12px;
  border-radius: 100%;
  transform: rotate(0deg);
  animation: gCPKsF 1s 0s infinite linear;
}

<div
  class="c0"
>
  <div
    class="c1"
  />
</div>
`;

exports[`Spinner spinner icon changes according to theme 1`] = `
.c2 {
  display: inline-block;
  flex: 0 0 auto;
  width: 72px;
  height: 72px;
  fill: #FD6FFF;
  stroke: #FD6FFF;
}

.c2 g {
  fill: inherit;
  stroke: inherit;
}

.c2 *:not([stroke])[fill='none'] {
  stroke-width: 0;
}

.c2 *[stroke*='#'],
.c2 *[STROKE*='#'] {
  stroke: inherit;
  fill: none;
}

.c2 *[fill-rule],
.c2 *[FILL-RULE],
.c2 *[fill*='#'],
.c2 *[FILL*='#'] {
  fill: inherit;
  stroke: none;
}

.c0 {
  font-size: 18px;
  line-height: 24px;
  box-sizing: border-box;
  -webkit-text-size-adjust: 100%;
  -ms-text-size-adjust: 100%;
  -moz-osx-font-smoothing: grayscale;
  -webkit-font-smoothing: antialiased;
}

.c1 {
  display: flex;
  box-sizing: border-box;
  max-width: 100%;
  align-items: center;
  min-width: 0;
  min-height: 0;
  flex-direction: column;
  height: 72px;
  width: 72px;
  flex: 0 0 auto;
  justify-content: center;
  padding: 12px;
  border-radius: 100%;
  transform: rotate(0deg);
  animation: gNoyFE 0.9s 0s infinite linear;
}

@media only screen and (max-width: 768px) {
  .c1 {
    padding: 6px;
  }
}

<div
  class="c0"
>
  <div
    class="c1"
  >
    <svg
      aria-label="Node"
      class="c2"
      viewBox="0 0 24 24"
    >
      <path
        d="M11.899 24c-.322 0-.64-.084-.923-.247l-2.935-1.738c-.439-.245-.225-.332-.08-.382.584-.204.703-.25 1.327-.605.066-.037.152-.024.219.015l2.255 1.339a.298.298 0 0 0 .273 0l8.794-5.077a.277.277 0 0 0 .134-.237V6.919a.282.282 0 0 0-.136-.242l-8.79-5.072a.27.27 0 0 0-.271 0l-8.79 5.072a.28.28 0 0 0-.139.24v10.148c0 .097.053.19.137.236l2.408 1.391c1.308.654 2.107-.116 2.107-.891V7.785a.25.25 0 0 1 .255-.254h1.114c.139 0 .253.11.253.254v10.02c0 1.744-.95 2.745-2.604 2.745-.509 0-.91 0-2.028-.55l-2.307-1.33a1.86 1.86 0 0 1-.922-1.605V6.917c0-.66.352-1.277.922-1.602L10.976.236a1.928 1.928 0 0 1 1.849 0l8.792 5.08c.568.329.922.943.922 1.603v10.149a1.86 1.86 0 0 1-.922 1.602l-8.792 5.079a1.848 1.848 0 0 1-.927.246V24zm2.716-6.993c-3.848 0-4.654-1.766-4.654-3.248 0-.14.113-.253.254-.253h1.136c.126 0 .231.091.251.215.172 1.158.683 1.742 3.01 1.742 1.853 0 2.641-.419 2.641-1.402 0-.566-.225-.986-3.104-1.268-2.408-.238-3.896-.768-3.896-2.694 0-1.775 1.497-2.831 4.004-2.831 2.815 0 4.211.977 4.387 3.077a.256.256 0 0 1-.255.278h-1.143a.252.252 0 0 1-.246-.199c-.275-1.217-.94-1.607-2.747-1.607-2.023 0-2.259.705-2.259 1.233 0 .64.277.828 3.007 1.189 2.703.359 3.987.865 3.987 2.765 0 1.915-1.599 3.014-4.385 3.014l.012-.01z"
        fill="#689F63"
      />
    </svg>
  </div>
</div>
`;
