// Jest Snapshot v1, https://jestjs.io/docs/snapshot-testing

exports[`Components loads 1`] = `
{
  "Accordion": {
    "$$typeof": Symbol(react.forward_ref),
    "propTypes": {
      "a11yTitle": [Function],
      "activeIndex": [Function],
      "alignSelf": [Function],
      "animate": [Function],
      "children": [Function],
      "gridArea": [Function],
      "level": [Function],
      "margin": [Function],
      "messages": [Function],
      "multiple": [Function],
      "onActive": [Function],
      "unmount": [Function],
    },
    "render": [Function],
  },
  "AccordionPanel": {
    "$$typeof": Symbol(react.forward_ref),
    "propTypes": {
      "header": [Function],
      "label": [Function],
    },
    "render": [Function],
  },
  "Anchor": {
    "$$typeof": Symbol(react.forward_ref),
    "propTypes": {
      "a11yTitle": [Function],
      "alignSelf": [Function],
      "as": [Function],
      "color": [Function],
      "disabled": [Function],
      "gap": [Function],
      "gridArea": [Function],
      "href": [Function],
      "icon": [Function],
      "label": [Function],
      "margin": [Function],
      "onClick": [Function],
      "reverse": [Function],
      "size": [Function],
      "weight": [Function],
    },
    "render": [Function],
  },
  "Avatar": [Function],
  "Box": {
    "$$typeof": Symbol(react.forward_ref),
    "propTypes": {
      "a11yTitle": [Function],
      "align": [Function],
      "alignContent": [Function],
      "alignSelf": [Function],
      "animation": [Function],
      "as": [Function],
      "background": [Function],
      "basis": [Function],
      "border": [Function],
      "cssGap": [Function],
      "direction": [Function],
      "elevation": [Function],
      "fill": [Function],
      "flex": [Function],
      "focusIndicator": [Function],
      "gap": [Function],
      "gridArea": [Function],
      "height": [Function],
      "hoverIndicator": [Function],
      "justify": [Function],
      "margin": [Function],
      "onClick": [Function],
      "overflow": [Function],
      "pad": [Function],
      "responsive": [Function],
      "round": [Function],
      "skeleton": [Function],
      "tag": [Function],
      "width": [Function],
      "wrap": [Function],
    },
    "render": [Function],
  },
  "Button": {
    "$$typeof": Symbol(react.forward_ref),
    "propTypes": {
      "a11yTitle": [Function],
      "active": [Function],
      "alignSelf": [Function],
      "as": [Function],
      "badge": [Function],
      "busy": [Function],
      "children": [Function],
      "color": [Function],
      "disabled": [Function],
      "fill": [Function],
      "focusIndicator": [Function],
      "gap": [Function],
      "gridArea": [Function],
      "hoverIndicator": [Function],
      "href": [Function],
      "icon": [Function],
      "justify": [Function],
      "label": [Function],
      "margin": [Function],
      "messages": [Function],
      "onClick": [Function],
      "pad": [Function],
      "plain": [Function],
      "primary": [Function],
      "reverse": [Function],
      "secondary": [Function],
      "size": [Function],
      "success": [Function],
      "target": [Function],
      "tip": [Function],
      "type": [Function],
    },
    "render": [Function],
  },
  "Calendar": {
    "$$typeof": Symbol(react.forward_ref),
    "propTypes": {
      "a11yTitle": [Function],
      "activeDate": [Function],
      "alignSelf": [Function],
      "animate": [Function],
      "bounds": [Function],
      "children": [Function],
      "date": [Function],
      "dates": [Function],
      "daysOfWeek": [Function],
      "disabled": [Function],
      "fill": [Function],
      "firstDayOfWeek": [Function],
      "gridArea": [Function],
      "header": [Function],
      "level": [Function],
      "locale": [Function],
      "margin": [Function],
      "messages": [Function],
      "onReference": [Function],
      "onSelect": [Function],
      "range": [Function],
      "reference": [Function],
      "responsive": [Function],
      "showAdjacentDays": [Function],
      "size": [Function],
    },
    "render": [Function],
  },
  "Card": {
    "$$typeof": Symbol(react.forward_ref),
    "render": [Function],
  },
  "CardBody": [Function],
  "CardFooter": [Function],
  "CardHeader": [Function],
  "Cards": {
    "$$typeof": Symbol(react.forward_ref),
    "propTypes": {
      "a11yTitle": [Function],
      "alignSelf": [Function],
      "as": [Function],
      "children": [Function],
      "data": [Function],
      "gridArea": [Function],
      "margin": [Function],
      "onMore": [Function],
      "paginate": [Function],
      "show": [Function],
      "step": [Function],
    },
    "render": [Function],
  },
  "Carousel": [Function],
  "Chart": {
    "$$typeof": Symbol(react.forward_ref),
    "propTypes": {
      "a11yTitle": [Function],
      "alignSelf": [Function],
      "animate": [Function],
      "bounds": [Function],
      "color": [Function],
      "dash": [Function],
      "direction": [Function],
      "gap": [Function],
      "gridArea": [Function],
      "id": [Function],
      "margin": [Function],
      "onClick": [Function],
      "onHover": [Function],
      "opacity": [Function],
      "overflow": [Function],
      "pad": [Function],
      "pattern": [Function],
      "point": [Function],
      "round": [Function],
      "size": [Function],
      "thickness": [Function],
      "type": [Function],
      "values": [Function],
    },
    "render": [Function],
  },
  "CheckBox": {
    "$$typeof": Symbol(react.forward_ref),
    "propTypes": {
      "a11yTitle": [Function],
      "checked": [Function],
      "disabled": [Function],
      "fill": [Function],
      "id": [Function],
      "indeterminate": [Function],
      "label": [Function],
      "name": [Function],
      "onChange": [Function],
      "pad": [Function],
      "reverse": [Function],
      "toggle": [Function],
    },
    "render": [Function],
  },
  "CheckBoxGroup": {
    "$$typeof": Symbol(react.forward_ref),
    "propTypes": {
      "defaultValue": [Function],
      "disabled": [Function],
      "labelKey": [Function],
      "name": [Function],
      "onChange": [Function],
      "options": [Function],
      "value": [Function],
      "valueKey": [Function],
    },
    "render": [Function],
  },
  "Clock": {
    "$$typeof": Symbol(react.forward_ref),
    "propTypes": {
      "a11yTitle": [Function],
      "alignSelf": [Function],
      "gridArea": [Function],
      "hourLimit": [Function],
      "margin": [Function],
      "onChange": [Function],
      "precision": [Function],
      "run": [Function],
      "size": [Function],
      "time": [Function],
      "type": [Function],
    },
    "render": [Function],
  },
  "Collapsible": {
    "$$typeof": Symbol(react.forward_ref),
    "propTypes": {
      "direction": [Function],
      "open": [Function],
      "unmount": undefined,
    },
    "render": [Function],
  },
  "Data": [Function],
  "DataChart": {
    "$$typeof": Symbol(react.forward_ref),
    "propTypes": {
      "a11yTitle": [Function],
      "alignSelf": [Function],
      "axis": [Function],
      "bounds": [Function],
      "chart": [Function],
      "data": [Function],
      "detail": [Function],
      "direction": [Function],
      "gap": [Function],
      "gridArea": [Function],
      "guide": [Function],
      "legend": [Function],
      "margin": [Function],
      "offset": [Function],
      "pad": [Function],
      "placeholder": [Function],
      "series": [Function],
      "size": [Function],
    },
    "render": [Function],
  },
  "DataClearFilters": {
    "$$typeof": Symbol(react.forward_ref),
    "propTypes": {
      "a11yTitle": [Function],
      "active": [Function],
      "alignSelf": [Function],
      "as": [Function],
      "badge": [Function],
      "busy": [Function],
      "children": [Function],
      "color": [Function],
      "disabled": [Function],
      "fill": [Function],
      "focusIndicator": [Function],
      "gap": [Function],
      "gridArea": [Function],
      "hoverIndicator": [Function],
      "href": [Function],
      "icon": [Function],
      "justify": [Function],
      "label": [Function],
      "margin": [Function],
      "messages": [Function],
      "onClick": [Function],
      "pad": [Function],
      "plain": [Function],
      "primary": [Function],
      "reverse": [Function],
      "secondary": [Function],
      "size": [Function],
      "success": [Function],
      "target": [Function],
      "tip": [Function],
      "type": [Function],
    },
    "render": [Function],
  },
  "DataFilter": [Function],
  "DataFilters": [Function],
  "DataForm": [Function],
  "DataSearch": [Function],
  "DataSort": [Function],
  "DataSummary": [Function],
  "DataTable": [Function],
  "DataTableColumns": [Function],
  "DataTableGroupBy": [Function],
  "DataView": [Function],
  "DateInput": {
    "$$typeof": Symbol(react.forward_ref),
    "propTypes": {
      "buttonProps": [Function],
      "calendarProps": [Function],
      "defaultValue": [Function],
      "dropProps": [Function],
      "format": [Function],
      "icon": [Function],
      "id": [Function],
      "inline": [Function],
      "inputProps": [Function],
      "name": [Function],
      "onChange": [Function],
      "readOnlyCopy": [Function],
      "reverse": [Function],
      "size": [Function],
      "value": [Function],
    },
    "render": [Function],
  },
  "Diagram": {
    "$$typeof": Symbol(react.forward_ref),
    "propTypes": {
      "animation": [Function],
      "connections": [Function],
    },
    "render": [Function],
  },
  "Distribution": [Function],
  "Drop": {
    "$$typeof": Symbol(react.forward_ref),
    "propTypes": {
      "align": [Function],
      "background": [Function],
      "elevation": [Function],
      "inline": [Function],
      "margin": [Function],
      "onClickOutside": [Function],
      "onEsc": [Function],
      "overflow": [Function],
      "plain": [Function],
      "responsive": [Function],
      "restrictFocus": [Function],
      "round": [Function],
      "stretch": [Function],
      "target": [Function],
      "trapFocus": [Function],
    },
    "render": [Function],
  },
  "DropButton": {
    "$$typeof": Symbol(react.forward_ref),
    "propTypes": {
      "a11yTitle": [Function],
      "alignSelf": [Function],
      "disabled": [Function],
      "dropAlign": [Function],
      "dropContent": [Function],
      "dropProps": [Function],
      "dropTarget": [Function],
      "gridArea": [Function],
      "margin": [Function],
      "onClose": [Function],
      "onOpen": [Function],
      "open": [Function],
    },
    "render": [Function],
  },
  "FileInput": {
    "$$typeof": Symbol(react.forward_ref),
    "propTypes": {
      "confirmRemove": [Function],
      "disabled": [Function],
      "id": [Function],
      "maxSize": [Function],
      "messages": [Function],
      "multiple": [Function],
      "name": [Function],
      "onChange": [Function],
      "renderFile": [Function],
    },
    "render": [Function],
  },
  "Footer": [Function],
  "Form": {
    "$$typeof": Symbol(react.forward_ref),
    "propTypes": {
      "errors": [Function],
      "infos": [Function],
      "kind": [Function],
      "messages": [Function],
      "onChange": [Function],
      "onReset": [Function],
      "onSubmit": [Function],
      "onValidate": [Function],
      "validate": [Function],
      "value": [Function],
    },
    "render": [Function],
  },
  "FormContext": {
    "$$typeof": Symbol(react.context),
    "Consumer": {
      "$$typeof": Symbol(react.consumer),
      "_context": [Circular],
    },
    "Provider": [Circular],
    "_currentRenderer": null,
    "_currentRenderer2": null,
    "_currentValue": {
      "useFormField": [Function],
      "useFormInput": [Function],
    },
    "_currentValue2": {
      "useFormField": [Function],
      "useFormInput": [Function],
    },
    "_threadCount": 0,
  },
  "FormField": {
    "$$typeof": Symbol(react.forward_ref),
    "propTypes": {
      "a11yTitle": [Function],
      "component": [Function],
      "contentProps": [Function],
      "disabled": [Function],
      "error": [Function],
      "help": [Function],
      "htmlFor": [Function],
      "info": [Function],
      "label": [Function],
      "margin": [Function],
      "name": [Function],
      "pad": [Function],
      "required": [Function],
      "validate": [Function],
      "validateOn": [Function],
    },
    "render": [Function],
  },
  "Grid": {
    "$$typeof": Symbol(react.forward_ref),
    "available": true,
    "propTypes": {
      "a11yTitle": [Function],
      "align": [Function],
      "alignContent": [Function],
      "alignSelf": [Function],
      "areas": [Function],
      "as": [Function],
      "border": [Function],
      "columns": [Function],
      "fill": [Function],
      "gap": [Function],
      "gridArea": [Function],
      "height": [Function],
      "justify": [Function],
      "justifyContent": [Function],
      "margin": [Function],
      "pad": [Function],
      "responsive": [Function],
      "rows": [Function],
      "tag": [Function],
      "width": [Function],
    },
    "render": [Function],
  },
  "Grommet": {
    "$$typeof": Symbol(react.forward_ref),
    "propTypes": {
      "background": [Function],
      "containerTarget": [Function],
      "cssVars": [Function],
      "dir": [Function],
      "full": [Function],
      "messages": [Function],
      "options": [Function],
      "plain": [Function],
      "theme": [Function],
      "themeMode": [Function],
      "userAgent": [Function],
    },
    "render": [Function],
  },
  "Header": {
    "$$typeof": Symbol(react.forward_ref),
    "render": [Function],
  },
  "Heading": {
    "$$typeof": Symbol(react.forward_ref),
    "propTypes": {
      "a11yTitle": [Function],
      "alignSelf": [Function],
      "color": [Function],
      "fill": [Function],
      "gridArea": [Function],
      "level": [Function],
      "margin": [Function],
      "overflowWrap": [Function],
      "responsive": [Function],
      "size": [Function],
      "textAlign": [Function],
      "truncate": [Function],
      "weight": [Function],
    },
    "render": [Function],
  },
  "Image": {
    "$$typeof": Symbol(react.forward_ref),
    "propTypes": {
      "a11yTitle": [Function],
      "alignSelf": [Function],
      "fallback": [Function],
      "fill": [Function],
      "fit": [Function],
      "gridArea": [Function],
      "margin": [Function],
      "opacity": [Function],
    },
    "render": [Function],
  },
  "InfiniteScroll": [Function],
  "Keyboard": [Function],
  "Layer": {
    "$$typeof": Symbol(react.forward_ref),
    "propTypes": {
      "animate": [Function],
      "animation": [Function],
      "background": [Function],
      "full": [Function],
      "margin": [Function],
      "modal": [Function],
      "onClickOutside": [Function],
      "onEsc": [Function],
      "plain": [Function],
      "position": [Function],
      "responsive": [Function],
      "target": [Function],
    },
    "render": [Function],
  },
  "List": {
    "$$typeof": Symbol(react.forward_ref),
    "propTypes": {
      "a11yTitle": [Function],
      "action": [Function],
      "alignSelf": [Function],
      "as": [Function],
      "background": [Function],
      "border": [Function],
      "children": [Function],
      "data": [Function],
      "defaultItemProps": [Function],
      "disabled": [Function],
      "gridArea": [Function],
      "itemKey": [Function],
      "itemProps": [Function],
      "margin": [Function],
      "messages": [Function],
      "onActive": [Function],
      "onClickItem": [Function],
      "onMore": [Function],
      "onOrder": [Function],
      "pad": [Function],
      "paginate": [Function],
      "pinned": [Function],
      "primaryKey": [Function],
      "secondaryKey": [Function],
      "show": [Function],
      "showIndex": [Function],
      "step": [Function],
    },
    "render": [Function],
  },
  "Main": [Function],
  "Markdown": {
    "$$typeof": Symbol(react.forward_ref),
    "propTypes": {
      "components": [Function],
      "options": [Function],
    },
    "render": [Function],
  },
  "MaskedInput": {
    "$$typeof": Symbol(react.forward_ref),
    "propTypes": {
      "a11yTitle": [Function],
      "dropHeight": [Function],
      "dropProps": [Function],
      "focusIndicator": [Function],
      "icon": [Function],
      "id": [Function],
      "mask": [Function],
      "name": [Function],
      "onBlur": [Function],
      "onChange": [Function],
      "reverse": [Function],
      "size": [Function],
      "textAlign": [Function],
      "value": [Function],
    },
    "render": [Function],
  },
  "Menu": {
    "$$typeof": Symbol(react.forward_ref),
    "propTypes": {
      "a11yTitle": [Function],
      "alignSelf": [Function],
      "children": [Function],
      "disabled": [Function],
      "dropAlign": [Function],
      "dropBackground": [Function],
      "dropProps": [Function],
      "dropTarget": [Function],
      "gridArea": [Function],
      "icon": [Function],
      "items": [Function],
      "justifyContent": [Function],
      "label": [Function],
      "margin": [Function],
      "messages": [Function],
      "open": [Function],
      "size": [Function],
    },
    "render": [Function],
  },
  "Meter": {
    "$$typeof": Symbol(react.forward_ref),
    "prototype": {
      "a11yTitle": [Function],
      "alignSelf": [Function],
      "background": [Function],
      "color": [Function],
      "direction": [Function],
      "gridArea": [Function],
      "margin": [Function],
      "max": [Function],
      "messages": [Function],
      "reverse": [Function],
      "round": [Function],
      "size": [Function],
      "thickness": [Function],
      "type": [Function],
      "value": [Function],
      "values": [Function],
    },
    "render": [Function],
  },
  "NameValueList": {
    "$$typeof": Symbol(react.forward_ref),
    "render": [Function],
  },
  "NameValuePair": [Function],
  "Nav": [Function],
  "Notification": [Function],
  "Page": [Function],
  "PageContent": [Function],
  "PageContext": {
    "$$typeof": Symbol(react.context),
    "Consumer": {
      "$$typeof": Symbol(react.consumer),
      "_context": [Circular],
    },
    "Provider": [Circular],
    "_currentRenderer": null,
    "_currentRenderer2": null,
    "_currentValue": {},
    "_currentValue2": {},
    "_threadCount": 0,
  },
  "PageHeader": {
    "$$typeof": Symbol(react.forward_ref),
    "render": [Function],
  },
  "Pagination": {
    "$$typeof": Symbol(react.forward_ref),
    "propTypes": {
      "a11yTitle": [Function],
      "alignSelf": [Function],
      "gridArea": [Function],
      "margin": [Function],
      "messages": [Function],
      "numberEdgePages": [Function],
      "numberItems": [Function],
      "numberMiddlePages": [Function],
      "onChange": [Function],
      "page": [Function],
      "size": [Function],
      "step": [Function],
      "stepOptions": [Function],
      "summary": [Function],
    },
    "render": [Function],
  },
  "Paragraph": {
    "$$typeof": Symbol(react.forward_ref),
    "prototype": {
      "a11yTitle": [Function],
      "alignSelf": [Function],
      "color": [Function],
      "fill": [Function],
      "gridArea": [Function],
      "margin": [Function],
      "maxLines": [Function],
      "responsive": [Function],
      "size": [Function],
      "textAlign": [Function],
    },
    "render": [Function],
  },
  "RadioButton": {
    "$$typeof": Symbol(react.forward_ref),
    "propTypes": {
      "a11yTitle": [Function],
      "checked": [Function],
      "children": [Function],
      "disabled": [Function],
      "id": [Function],
      "label": [Function],
      "name": [Function],
      "onChange": [Function],
    },
    "render": [Function],
  },
  "RadioButtonGroup": {
    "$$typeof": Symbol(react.forward_ref),
    "propTypes": {
      "children": [Function],
      "disabled": [Function],
      "name": [Function],
      "onChange": [Function],
      "options": [Function],
      "value": [Function],
    },
    "render": [Function],
  },
  "RangeInput": {
    "$$typeof": Symbol(react.forward_ref),
    "propTypes": {
      "a11yTitle": [Function],
      "color": [Function],
      "id": [Function],
      "max": [Function],
      "min": [Function],
      "name": [Function],
      "onChange": [Function],
      "step": [Function],
      "value": [Function],
    },
    "render": [Function],
  },
  "RangeSelector": {
    "$$typeof": Symbol(react.forward_ref),
    "propTypes": {
      "color": [Function],
      "defaultValues": [Function],
      "direction": [Function],
      "invert": [Function],
      "label": [Function],
      "max": [Function],
      "messages": [Function],
      "min": [Function],
      "onChange": [Function],
      "opacity": [Function],
      "round": [Function],
      "size": [Function],
      "step": [Function],
      "values": [Function],
    },
    "render": [Function],
  },
  "RoutedAnchor": [Function],
  "RoutedButton": [Function],
  "Select": {
    "$$typeof": Symbol(react.forward_ref),
    "propTypes": {
      "a11yTitle": [Function],
      "alignSelf": [Function],
      "children": [Function],
      "clear": [Function],
      "closeOnChange": [Function],
      "defaultValue": [Function],
      "disabled": [Function],
      "disabledKey": [Function],
      "dropAlign": [Function],
      "dropHeight": [Function],
      "dropProps": [Function],
      "dropTarget": [Function],
      "emptySearchMessage": [Function],
      "focusIndicator": [Function],
      "gridArea": [Function],
      "icon": [Function],
      "labelKey": [Function],
      "margin": [Function],
      "messages": [Function],
      "multiple": [Function],
      "name": [Function],
      "onChange": [Function],
      "onClose": [Function],
      "onMore": [Function],
      "onOpen": [Function],
      "onSearch": [Function],
      "open": [Function],
      "options": [Function],
      "placeholder": [Function],
      "plain": [Function],
      "replace": [Function],
      "searchPlaceholder": [Function],
      "selected": [Function],
      "size": [Function],
      "value": [Function],
      "valueKey": [Function],
      "valueLabel": [Function],
    },
    "render": [Function],
  },
  "SelectMultiple": {
    "$$typeof": Symbol(react.forward_ref),
    "propTypes": {
      "a11yTitle": [Function],
      "alignSelf": [Function],
      "children": [Function],
      "defaultValue": [Function],
      "disabled": [Function],
      "disabledKey": [Function],
      "dropAlign": [Function],
      "dropHeight": [Function],
      "dropProps": [Function],
      "dropTarget": [Function],
      "emptySearchMessage": [Function],
      "focusIndicator": [Function],
      "gridArea": [Function],
      "help": [Function],
      "icon": [Function],
      "labelKey": [Function],
      "limit": [Function],
      "margin": [Function],
      "messages": [Function],
      "name": [Function],
      "onChange": [Function],
      "onClose": [Function],
      "onMore": [Function],
      "onOpen": [Function],
      "onSearch": [Function],
      "open": [Function],
      "options": [Function],
      "placeholder": [Function],
      "plain": [Function],
      "replace": [Function],
      "searchPlaceholder": [Function],
      "showSelectedInline": [Function],
      "size": [Function],
      "sortSelectedOnClose": [Function],
      "value": [Function],
      "valueKey": [Function],
      "valueLabel": [Function],
    },
    "render": [Function],
  },
  "Sidebar": [Function],
  "Skeleton": {
    "$$typeof": Symbol(react.forward_ref),
    "propTypes": {
      "a11yTitle": [Function],
      "alignSelf": [Function],
      "as": [Function],
      "colors": [Function],
      "gridArea": [Function],
      "height": [Function],
      "margin": [Function],
      "pad": [Function],
      "round": [Function],
      "width": [Function],
    },
    "render": [Function],
  },
  "SkeletonContext": {
    "$$typeof": Symbol(react.context),
    "Consumer": {
      "$$typeof": Symbol(react.consumer),
      "_context": [Circular],
    },
    "Provider": [Circular],
    "_currentRenderer": null,
    "_currentRenderer2": null,
    "_currentValue": undefined,
    "_currentValue2": undefined,
    "_threadCount": 0,
  },
  "SkipLink": {
    "$$typeof": Symbol(react.forward_ref),
    "render": [Function],
  },
  "SkipLinkTarget": [Function],
  "SkipLinks": [Function],
  "Spinner": {
    "$$typeof": Symbol(react.forward_ref),
    "propTypes": {
      "color": [Function],
      "message": [Function],
      "size": [Function],
    },
    "render": [Function],
  },
  "Stack": {
    "$$typeof": Symbol(react.forward_ref),
    "propTypes": {
      "a11yTitle": [Function],
      "alignSelf": [Function],
      "anchor": [Function],
      "fill": [Function],
      "gridArea": [Function],
      "guidingChild": [Function],
      "interactiveChild": [Function],
      "margin": [Function],
    },
    "render": [Function],
  },
  "StarRating": [Function],
  "Tab": {
    "$$typeof": Symbol(react.forward_ref),
    "propTypes": {
      "disabled": [Function],
      "icon": [Function],
      "plain": [Function],
      "reverse": [Function],
      "title": [Function],
    },
    "render": [Function],
  },
  "Table": {
    "$$typeof": Symbol(react.forward_ref),
    "propTypes": {
      "a11yTitle": [Function],
      "alignSelf": [Function],
      "caption": [Function],
      "gridArea": [Function],
      "margin": [Function],
    },
    "render": [Function],
  },
  "TableBody": {
    "$$typeof": Symbol(react.forward_ref),
    "render": [Function],
  },
  "TableCell": {
    "$$typeof": Symbol(react.forward_ref),
    "propTypes": {
      "align": [Function],
      "border": [Function],
      "plain": [Function],
      "scope": [Function],
      "size": [Function],
      "verticalAlign": [Function],
    },
    "render": [Function],
  },
  "TableFooter": {
    "$$typeof": Symbol(react.forward_ref),
    "render": [Function],
  },
  "TableHeader": {
    "$$typeof": Symbol(react.forward_ref),
    "render": [Function],
  },
  "TableRow": {
    "$$typeof": Symbol(react.forward_ref),
    "render": [Function],
  },
  "Tabs": {
    "$$typeof": Symbol(react.forward_ref),
    "propTypes": {
      "a11yTitle": [Function],
      "activeIndex": [Function],
      "alignControls": [Function],
      "alignSelf": [Function],
      "children": [Function],
      "flex": [Function],
      "gridArea": [Function],
      "justify": [Function],
      "margin": [Function],
      "messages": [Function],
      "onActive": [Function],
    },
    "render": [Function],
  },
  "Tag": {
    "$$typeof": Symbol(react.forward_ref),
    "prototype": {
      "messages": [Function],
      "name": [Function],
      "onClick": [Function],
      "onRemove": [Function],
      "size": [Function],
      "value": [Function],
    },
    "render": [Function],
  },
  "Text": {
    "$$typeof": Symbol(react.forward_ref),
    "propTypes": {
      "a11yTitle": [Function],
      "alignSelf": [Function],
      "as": [Function],
      "color": [Function],
      "gridArea": [Function],
      "margin": [Function],
      "size": [Function],
      "skeleton": [Function],
      "tag": [Function],
      "textAlign": [Function],
      "tip": [Function],
      "truncate": [Function],
      "weight": [Function],
      "wordBreak": [Function],
    },
    "render": [Function],
  },
  "TextArea": {
    "$$typeof": Symbol(react.forward_ref),
    "propTypes": {
      "a11yTitle": [Function],
      "fill": [Function],
      "focusIndicator": [Function],
      "id": [Function],
      "name": [Function],
      "onChange": [Function],
      "placeholder": [Function],
      "plain": [Function],
      "resize": [Function],
      "size": [Function],
      "value": [Function],
    },
    "render": [Function],
  },
  "TextInput": {
    "$$typeof": Symbol(react.forward_ref),
    "propTypes": {
      "a11yTitle": [Function],
      "defaultSuggestion": [Function],
      "dropAlign": [Function],
      "dropHeight": [Function],
      "dropProps": [Function],
      "dropTarget": [Function],
      "focusIndicator": [Function],
      "icon": [Function],
      "id": [Function],
      "messages": [Function],
      "name": [Function],
      "onChange": [Function],
      "onSelect": [Function],
      "onSuggestionSelect": [Function],
      "onSuggestionsClose": [Function],
      "onSuggestionsOpen": [Function],
      "placeholder": [Function],
      "plain": [Function],
      "readOnlyCopy": [Function],
      "reverse": [Function],
      "size": [Function],
      "suggestions": [Function],
      "textAlign": [Function],
      "value": [Function],
      "width": [Function],
    },
    "render": [Function],
  },
  "ThumbsRating": [Function],
  "Tip": {
    "$$typeof": Symbol(react.forward_ref),
    "propTypes": {
      "content": [Function],
      "defaultVisible": [Function],
      "dropProps": [Function],
      "plain": [Function],
    },
    "render": [Function],
  },
  "ToggleGroup": [Function],
  "Toolbar": [Function],
  "Video": {
    "$$typeof": Symbol(react.forward_ref),
    "propTypes": {
      "a11yTitle": [Function],
      "alignSelf": [Function],
      "autoPlay": [Function],
      "controls": [Function],
      "fit": [Function],
      "gridArea": [Function],
      "loop": [Function],
      "margin": [Function],
      "messages": [Function],
      "mute": [Function],
      "skipInterval": [Function],
    },
    "render": [Function],
  },
  "WorldMap": {
    "$$typeof": Symbol(react.forward_ref),
    "propTypes": {
      "a11yTitle": [Function],
      "alignSelf": [Function],
      "color": [Function],
      "continents": [Function],
      "fill": [Function],
      "gridArea": [Function],
      "hoverColor": [Function],
      "margin": [Function],
      "onSelectPlace": [Function],
      "places": [Function],
    },
    "render": [Function],
  },
  "__esModule": true,
  "calcBounds": [Function],
  "calcs": [Function],
  "formColumnsKey": "_columns",
  "formRangeKey": "_range",
  "formSearchKey": "_search",
  "formSortKey": "_sort",
  "round": [Function],
  "useSkeleton": [Function],
}
`;
