// Jest Snapshot v1, https://jestjs.io/docs/snapshot-testing

exports[`FocusedContainer basic 1`] = `
<div
  aria-hidden="false"
  id="container"
>
  test focused container
</div>
`;

exports[`FocusedContainer basic 2`] = `
<div
  id="focus-trap-test"
>
  <input
    id="test"
  />
</div>
`;

exports[`FocusedContainer basic 3`] = `
<div
  id="focus-trap-test"
>
  <input
    id="test"
  />
</div>
`;

exports[`FocusedContainer blurs 1`] = `
<div
  aria-hidden="false"
  id="container"
>
  test focused container
</div>
`;

exports[`FocusedContainer blurs 2`] = `
<div
  id="focus-trap-test"
>
  <input
    id="test"
  />
</div>
`;

exports[`FocusedContainer blurs 3`] = `
<div
  id="focus-trap-test"
>
  <input
    id="test"
  />
</div>
`;

exports[`FocusedContainer restrict scroll 1`] = `
<div
  aria-hidden="false"
  id="container"
>
  test focused container
</div>
`;

exports[`FocusedContainer restrict scroll 2`] = `""`;

exports[`FocusedContainer restrict scroll 3`] = `""`;
