// Jest Snapshot v1, https://jestjs.io/docs/snapshot-testing

exports[`RoutedAnchor renders 1`] = `
.c0 {
  font-size: 18px;
  line-height: 24px;
  box-sizing: border-box;
  -webkit-text-size-adjust: 100%;
  -ms-text-size-adjust: 100%;
  -moz-osx-font-smoothing: grayscale;
  -webkit-font-smoothing: antialiased;
}

.c1 {
  box-sizing: border-box;
  display: inline-flex;
  font-size: inherit;
  line-height: inherit;
  color: #7D4CDB;
  font-weight: 600;
  text-decoration: none;
  cursor: pointer;
}

.c1:hover {
  text-decoration: underline;
}

<div
  class="c0"
>
  <div>
    <a
      class="c1"
      href="/"
    >
      Test
    </a>
  </div>
</div>
`;
