// Jest Snapshot v1, https://jestjs.io/docs/snapshot-testing

exports[`Stack anchor 1`] = `
.c0 {
  font-size: 18px;
  line-height: 24px;
  box-sizing: border-box;
  -webkit-text-size-adjust: 100%;
  -ms-text-size-adjust: 100%;
  -moz-osx-font-smoothing: grayscale;
  -webkit-font-smoothing: antialiased;
}

.c1 {
  position: relative;
}

.c2 {
  position: relative;
  display: block;
}

.c3 {
  position: absolute;
  top: 50%;
  left: 50%;
  transform: translate(-50%, -50%);
}

.c4 {
  position: absolute;
  top: 0;
  left: 50%;
  transform: translateX(-50%);
}

.c5 {
  position: absolute;
  top: 50%;
  left: 0;
  transform: translateY(-50%);
}

.c6 {
  position: absolute;
  bottom: 0;
  left: 50%;
  transform: translateX(-50%);
}

.c7 {
  position: absolute;
  top: 50%;
  right: 0;
  transform: translateY(-50%);
}

.c8 {
  position: absolute;
  top: 0;
  left: 0;
}

.c9 {
  position: absolute;
  bottom: 0;
  left: 0;
}

.c10 {
  position: absolute;
  top: 0;
  right: 0;
}

.c11 {
  position: absolute;
  bottom: 0;
  right: 0;
}

<div
  class="c0"
>
  <div
    class="c1"
  >
    <div
      class="c2"
    >
      <div>
        first
      </div>
    </div>
    <div
      class="c3"
    >
      <div>
        second
      </div>
    </div>
  </div>
  <div
    class="c1"
  >
    <div
      class="c2"
    >
      <div>
        first
      </div>
    </div>
    <div
      class="c4"
    >
      <div>
        second
      </div>
    </div>
  </div>
  <div
    class="c1"
  >
    <div
      class="c2"
    >
      <div>
        first
      </div>
    </div>
    <div
      class="c5"
    >
      <div>
        second
      </div>
    </div>
  </div>
  <div
    class="c1"
  >
    <div
      class="c2"
    >
      <div>
        first
      </div>
    </div>
    <div
      class="c6"
    >
      <div>
        second
      </div>
    </div>
  </div>
  <div
    class="c1"
  >
    <div
      class="c2"
    >
      <div>
        first
      </div>
    </div>
    <div
      class="c7"
    >
      <div>
        second
      </div>
    </div>
  </div>
  <div
    class="c1"
  >
    <div
      class="c2"
    >
      <div>
        first
      </div>
    </div>
    <div
      class="c8"
    >
      <div>
        second
      </div>
    </div>
  </div>
  <div
    class="c1"
  >
    <div
      class="c2"
    >
      <div>
        first
      </div>
    </div>
    <div
      class="c9"
    >
      <div>
        second
      </div>
    </div>
  </div>
  <div
    class="c1"
  >
    <div
      class="c2"
    >
      <div>
        first
      </div>
    </div>
    <div
      class="c10"
    >
      <div>
        second
      </div>
    </div>
  </div>
  <div
    class="c1"
  >
    <div
      class="c2"
    >
      <div>
        first
      </div>
    </div>
    <div
      class="c11"
    >
      <div>
        second
      </div>
    </div>
  </div>
</div>
`;

exports[`Stack default 1`] = `
.c0 {
  font-size: 18px;
  line-height: 24px;
  box-sizing: border-box;
  -webkit-text-size-adjust: 100%;
  -ms-text-size-adjust: 100%;
  -moz-osx-font-smoothing: grayscale;
  -webkit-font-smoothing: antialiased;
}

.c1 {
  position: relative;
}

.c2 {
  position: relative;
  display: block;
}

.c3 {
  position: absolute;
  top: 0;
  left: 0;
  bottom: 0;
  right: 0;
}

<div
  class="c0"
>
  <div
    class="c1"
  >
    <div
      class="c2"
    >
      <div>
        first
      </div>
    </div>
    <div
      class="c3"
    >
      <div>
        second
      </div>
    </div>
  </div>
</div>
`;

exports[`Stack default outside grommet wrapper 1`] = `
.c0 {
  position: relative;
}

.c1 {
  position: relative;
  display: block;
}

.c2 {
  position: absolute;
  top: 0;
  left: 0;
  bottom: 0;
  right: 0;
}

<div
  class="c0"
>
  <div
    class="c1"
  >
    <div>
      first
    </div>
  </div>
  <div
    class="c2"
  >
    <div>
      second
    </div>
  </div>
</div>
`;

exports[`Stack fill 1`] = `
.c0 {
  font-size: 18px;
  line-height: 24px;
  box-sizing: border-box;
  -webkit-text-size-adjust: 100%;
  -ms-text-size-adjust: 100%;
  -moz-osx-font-smoothing: grayscale;
  -webkit-font-smoothing: antialiased;
}

.c1 {
  position: relative;
  width: 100%;
  max-width: none;
  height: 100%;
  flex-grow: 1;
  display: flex;
}

.c4 {
  position: relative;
}

.c6 {
  position: relative;
  width: 100%;
  max-width: none;
  flex-grow: 1;
  display: flex;
}

.c7 {
  position: relative;
  height: 100%;
  flex-grow: 1;
  display: flex;
}

.c2 {
  position: relative;
  display: block;
  width: 100%;
  height: 100%;
}

.c3 {
  position: absolute;
  top: 0;
  left: 0;
  bottom: 0;
  right: 0;
}

.c5 {
  position: relative;
  display: block;
}

<div
  class="c0"
>
  <div
    class="c1"
  >
    <div
      class="c2"
    >
      <div>
        first
      </div>
    </div>
    <div
      class="c3"
    >
      <div>
        second
      </div>
    </div>
  </div>
  <div
    class="c4"
  >
    <div
      class="c5"
    >
      <div>
        first
      </div>
    </div>
    <div
      class="c3"
    >
      <div>
        second
      </div>
    </div>
  </div>
  <div
    class="c6"
  >
    <div
      class="c2"
    >
      <div>
        first
      </div>
    </div>
    <div
      class="c3"
    >
      <div>
        second
      </div>
    </div>
  </div>
  <div
    class="c7"
  >
    <div
      class="c2"
    >
      <div>
        first
      </div>
    </div>
    <div
      class="c3"
    >
      <div>
        second
      </div>
    </div>
  </div>
</div>
`;

exports[`Stack guidingChild 1`] = `
.c0 {
  font-size: 18px;
  line-height: 24px;
  box-sizing: border-box;
  -webkit-text-size-adjust: 100%;
  -ms-text-size-adjust: 100%;
  -moz-osx-font-smoothing: grayscale;
  -webkit-font-smoothing: antialiased;
}

.c1 {
  position: relative;
}

.c2 {
  position: relative;
  display: block;
}

.c3 {
  position: absolute;
  top: 0;
  left: 0;
  bottom: 0;
  right: 0;
}

<div
  class="c0"
>
  <div
    class="c1"
  >
    <div
      class="c2"
    >
      <div>
        first
      </div>
    </div>
    <div
      class="c3"
    >
      <div>
        second
      </div>
    </div>
  </div>
  <div
    class="c1"
  >
    <div
      class="c3"
    >
      <div>
        first
      </div>
    </div>
    <div
      class="c2"
    >
      <div>
        second
      </div>
    </div>
  </div>
  <div
    class="c1"
  >
    <div
      class="c2"
    >
      <div>
        first
      </div>
    </div>
    <div
      class="c3"
    >
      <div>
        second
      </div>
    </div>
  </div>
</div>
`;

exports[`Stack interactiveChild 1`] = `
.c0 {
  font-size: 18px;
  line-height: 24px;
  box-sizing: border-box;
  -webkit-text-size-adjust: 100%;
  -ms-text-size-adjust: 100%;
  -moz-osx-font-smoothing: grayscale;
  -webkit-font-smoothing: antialiased;
}

.c1 {
  position: relative;
}

.c2 {
  position: relative;
  display: block;
}

.c3 {
  position: absolute;
  top: 0;
  left: 0;
  bottom: 0;
  right: 0;
  pointer-events: none;
}

.c4 {
  position: relative;
  display: block;
  pointer-events: none;
}

.c5 {
  position: absolute;
  top: 0;
  left: 0;
  bottom: 0;
  right: 0;
}

<div
  class="c0"
>
  <div
    class="c1"
  >
    <div
      class="c2"
    >
      <div>
        first
      </div>
    </div>
    <div
      class="c3"
    >
      <div>
        second
      </div>
    </div>
  </div>
  <div
    class="c1"
  >
    <div
      class="c4"
    >
      <div>
        first
      </div>
    </div>
    <div
      class="c5"
    >
      <div>
        second
      </div>
    </div>
  </div>
  <div
    class="c1"
  >
    <div
      class="c2"
    >
      <div>
        first
      </div>
    </div>
    <div
      class="c3"
    >
      <div>
        second
      </div>
    </div>
  </div>
</div>
`;
