// Jest Snapshot v1, https://jestjs.io/docs/snapshot-testing

exports[`Carousel basic 1`] = `
<DocumentFragment>
  .c6 {
  display: inline-block;
  flex: 0 0 auto;
  width: 18px;
  height: 18px;
  fill: rgba(0, 0, 0, 0.24);
  stroke: rgba(0, 0, 0, 0.24);
}

.c6 g {
  fill: inherit;
  stroke: inherit;
}

.c6 *:not([stroke])[fill='none'] {
  stroke-width: 0;
}

.c6 *[stroke*='#'],
.c6 *[STROKE*='#'] {
  stroke: inherit;
  fill: none;
}

.c6 *[fill-rule],
.c6 *[FILL-RULE],
.c6 *[fill*='#'],
.c6 *[FILL*='#'] {
  fill: inherit;
  stroke: none;
}

.c14 {
  display: inline-block;
  flex: 0 0 auto;
  width: 18px;
  height: 18px;
  fill: #008567;
  stroke: #008567;
}

.c14 g {
  fill: inherit;
  stroke: inherit;
}

.c14 *:not([stroke])[fill='none'] {
  stroke-width: 0;
}

.c14 *[stroke*='#'],
.c14 *[STROKE*='#'] {
  stroke: inherit;
  fill: none;
}

.c14 *[fill-rule],
.c14 *[FILL-RULE],
.c14 *[fill*='#'],
.c14 *[FILL*='#'] {
  fill: inherit;
  stroke: none;
}

.c15 {
  display: inline-block;
  flex: 0 0 auto;
  width: 18px;
  height: 18px;
  fill: #2e2e2e;
  stroke: #2e2e2e;
}

.c15 g {
  fill: inherit;
  stroke: inherit;
}

.c15 *:not([stroke])[fill='none'] {
  stroke-width: 0;
}

.c15 *[stroke*='#'],
.c15 *[STROKE*='#'] {
  stroke: inherit;
  fill: none;
}

.c15 *[fill-rule],
.c15 *[FILL-RULE],
.c15 *[fill*='#'],
.c15 *[FILL*='#'] {
  fill: inherit;
  stroke: none;
}

.c18 {
  display: inline-block;
  flex: 0 0 auto;
  width: 18px;
  height: 18px;
  fill: #555555;
  stroke: #555555;
}

.c18 g {
  fill: inherit;
  stroke: inherit;
}

.c18 *:not([stroke])[fill='none'] {
  stroke-width: 0;
}

.c18 *[stroke*='#'],
.c18 *[STROKE*='#'] {
  stroke: inherit;
  fill: none;
}

.c18 *[fill-rule],
.c18 *[FILL-RULE],
.c18 *[fill*='#'],
.c18 *[FILL*='#'] {
  fill: inherit;
  stroke: none;
}

.c1 {
  display: flex;
  box-sizing: border-box;
  max-width: 100%;
  min-width: 0;
  min-height: 0;
  flex-direction: column;
}

.c3 {
  display: flex;
  box-sizing: border-box;
  max-width: 100%;
  min-width: 0;
  min-height: 0;
  flex-direction: column;
  height: 100%;
}

.c9 {
  display: flex;
  box-sizing: border-box;
  max-width: 100%;
  min-width: 0;
  min-height: 0;
  flex-direction: column;
  width: 100%;
}

.c11 {
  display: flex;
  box-sizing: border-box;
  max-width: 100%;
  min-width: 0;
  min-height: 0;
  flex-direction: column;
  justify-content: flex-end;
}

.c12 {
  display: flex;
  box-sizing: border-box;
  max-width: 100%;
  min-width: 0;
  min-height: 0;
  flex-direction: row;
  justify-content: center;
}

.c5 {
  display: inline-block;
  box-sizing: border-box;
  cursor: pointer;
  font: inherit;
  text-decoration: none;
  margin: 0;
  background: transparent;
  overflow: visible;
  text-transform: none;
  outline: none;
  border: none;
  padding: 0;
  text-align: inherit;
  color: inherit;
  line-height: 0;
  opacity: 1;
  cursor: default;
  height: 100%;
}

.c5 >svg {
  display: flex;
  align-self: center;
  vertical-align: middle;
}

.c5:focus {
  outline-offset: 2px;
  outline: 2px solid #004233;
  box-shadow: 0 0 0px 2px #ffffff;
}

.c5:focus >circle,
.c5:focus >ellipse,
.c5:focus >line,
.c5:focus >path,
.c5:focus >polygon,
.c5:focus >polyline,
.c5:focus >rect {
  outline-offset: 2px;
  outline: 2px solid #004233;
  box-shadow: 0 0 0px 2px #ffffff;
}

.c5:focus ::-moz-focus-inner {
  border: 0;
}

.c5:focus:not(:focus-visible) {
  outline-offset: 0px;
  outline: none;
  outline: none;
  box-shadow: none;
}

.c5:focus:not(:focus-visible) >circle,
.c5:focus:not(:focus-visible) >ellipse,
.c5:focus:not(:focus-visible) >line,
.c5:focus:not(:focus-visible) >path,
.c5:focus:not(:focus-visible) >polygon,
.c5:focus:not(:focus-visible) >polyline,
.c5:focus:not(:focus-visible) >rect {
  outline-offset: 0px;
  outline: none;
  outline: none;
  box-shadow: none;
}

.c5:focus:not(:focus-visible) ::-moz-focus-inner {
  border: 0;
}

.c13 {
  display: inline-block;
  box-sizing: border-box;
  cursor: pointer;
  font: inherit;
  text-decoration: none;
  margin: 0;
  background: transparent;
  overflow: visible;
  text-transform: none;
  border: none;
  border-radius: 9999px;
  padding: 8px 8px;
  font-size: 1.125rem;
  line-height: 0;
  background-color: rgba(0, 0, 0, 0);
  color: #2e2e2e;
  border-style: solid;
  border-width: 1px;
  border-color: rgba(0, 0, 0, 0);
  border-radius: 9999px;
  font-weight: 500;
  padding: 8px 8px;
  text-align: center;
  transition-property: color,background-color,border-color,box-shadow;
  transition-duration: 0.1s;
  transition-timing-function: ease-in-out;
}

.c13 >svg {
  display: flex;
  align-self: center;
  vertical-align: middle;
}

.c13:hover {
  background-color: rgba(0, 0, 0, 0.04);
  color: #2e2e2e;
  border-color: rgba(0, 0, 0, 0);
  font-weight: 500;
}

.c13:focus {
  outline-offset: 2px;
  outline: 2px solid #004233;
  box-shadow: 0 0 0px 2px #ffffff;
}

.c13:focus >circle,
.c13:focus >ellipse,
.c13:focus >line,
.c13:focus >path,
.c13:focus >polygon,
.c13:focus >polyline,
.c13:focus >rect {
  outline-offset: 2px;
  outline: 2px solid #004233;
  box-shadow: 0 0 0px 2px #ffffff;
}

.c13:focus ::-moz-focus-inner {
  border: 0;
}

.c13:focus:not(:focus-visible) {
  outline-offset: 0px;
  outline: none;
  outline: none;
  box-shadow: none;
}

.c13:focus:not(:focus-visible) >circle,
.c13:focus:not(:focus-visible) >ellipse,
.c13:focus:not(:focus-visible) >line,
.c13:focus:not(:focus-visible) >path,
.c13:focus:not(:focus-visible) >polygon,
.c13:focus:not(:focus-visible) >polyline,
.c13:focus:not(:focus-visible) >rect {
  outline-offset: 0px;
  outline: none;
  outline: none;
  box-shadow: none;
}

.c13:focus:not(:focus-visible) ::-moz-focus-inner {
  border: 0;
}

.c17 {
  display: inline-block;
  box-sizing: border-box;
  cursor: pointer;
  font: inherit;
  text-decoration: none;
  margin: 0;
  background: transparent;
  overflow: visible;
  text-transform: none;
  outline: none;
  border: none;
  padding: 0;
  text-align: inherit;
  color: inherit;
  line-height: 0;
  height: 100%;
}

.c17 >svg {
  display: flex;
  align-self: center;
  vertical-align: middle;
}

.c17:hover {
  background-color: rgba(0, 0, 0, 0.04);
  color: #555555;
}

.c17:focus {
  outline-offset: 2px;
  outline: 2px solid #004233;
  box-shadow: 0 0 0px 2px #ffffff;
}

.c17:focus >circle,
.c17:focus >ellipse,
.c17:focus >line,
.c17:focus >path,
.c17:focus >polygon,
.c17:focus >polyline,
.c17:focus >rect {
  outline-offset: 2px;
  outline: 2px solid #004233;
  box-shadow: 0 0 0px 2px #ffffff;
}

.c17:focus ::-moz-focus-inner {
  border: 0;
}

.c17:focus:not(:focus-visible) {
  outline-offset: 0px;
  outline: none;
  outline: none;
  box-shadow: none;
}

.c17:focus:not(:focus-visible) >circle,
.c17:focus:not(:focus-visible) >ellipse,
.c17:focus:not(:focus-visible) >line,
.c17:focus:not(:focus-visible) >path,
.c17:focus:not(:focus-visible) >polygon,
.c17:focus:not(:focus-visible) >polyline,
.c17:focus:not(:focus-visible) >rect {
  outline-offset: 0px;
  outline: none;
  outline: none;
  box-shadow: none;
}

.c17:focus:not(:focus-visible) ::-moz-focus-inner {
  border: 0;
}

.c2 {
  position: relative;
  overflow: hidden;
}

.c7 {
  visibility: visible;
  position: relative;
  width: 100%;
  height: 100%;
  overflow: hidden;
  animation-fill-mode: both;
}

.c8 {
  visibility: hidden;
  position: absolute;
  width: 100%;
  height: 100%;
  overflow: hidden;
  animation-fill-mode: both;
}

.c4 {
  position: absolute;
  z-index: 1;
  left: 0;
  align-items: center;
  justify-content: center;
}

.c10 {
  position: absolute;
  z-index: 1;
  bottom: 0;
  align-items: center;
  justify-content: center;
}

.c16 {
  position: absolute;
  z-index: 1;
  right: 0;
  align-items: center;
  justify-content: center;
}

.c0 {
  font-family: 'Metric',Arial,sans-serif;
  font-size: 1.125rem;
  line-height: 1.5rem;
  background-color: #ffffff;
  color: #555555;
  box-sizing: border-box;
  -webkit-text-size-adjust: 100%;
  -ms-text-size-adjust: 100%;
  -moz-osx-font-smoothing: grayscale;
  -webkit-font-smoothing: antialiased;
}

<div
    class="c0"
  >
    <div
      class="c1 c2"
    >
      <div
        class="c3 c4"
      >
        <button
          aria-label="Go to slide 0"
          class="c5"
          disabled=""
          type="button"
        >
          <svg
            aria-label="Previous"
            class="c6"
            viewBox="0 0 24 24"
          >
            <path
              d="M17 2 7 12l10 10"
              fill="none"
              stroke="#000"
              stroke-width="2"
              vector-effect="non-scaling-stroke"
            />
          </svg>
        </button>
      </div>
      <div
        class="c1 c7"
      >
        <div
          class="c1"
        >
          <div>
            Slide One
          </div>
        </div>
      </div>
      <div
        class="c1 c8"
      >
        <div
          class="c1"
        >
          <div>
            Slide Two
          </div>
        </div>
      </div>
      <div
        class="c9 c10"
      >
        <div
          class="c11"
        >
          <div
            class="c12"
          >
            <button
              aria-label="Jump to slide 1"
              class="c13"
              type="button"
            >
              <svg
                aria-label="Subtract"
                class="c14"
                viewBox="0 0 24 24"
              >
                <path
                  d="M2 12h20"
                  fill="none"
                  stroke="#000"
                  stroke-width="2"
                />
              </svg>
            </button>
            <button
              aria-label="Jump to slide 2"
              class="c13"
              type="button"
            >
              <svg
                aria-label="Subtract"
                class="c15"
                viewBox="0 0 24 24"
              >
                <path
                  d="M2 12h20"
                  fill="none"
                  stroke="#000"
                  stroke-width="2"
                />
              </svg>
            </button>
          </div>
        </div>
      </div>
      <div
        class="c3 c16"
      >
        <button
          aria-label="Go to slide 2"
          class="c17"
          type="button"
        >
          <svg
            aria-label="Next"
            class="c18"
            viewBox="0 0 24 24"
          >
            <path
              d="m7 2 10 10L7 22"
              fill="none"
              stroke="#000"
              stroke-width="2"
              vector-effect="non-scaling-stroke"
            />
          </svg>
        </button>
      </div>
    </div>
  </div>
</DocumentFragment>
`;

exports[`Carousel basic without grommet wrapper 1`] = `
<DocumentFragment>
  .c5 {
  display: inline-block;
  flex: 0 0 auto;
  width: 24px;
  height: 24px;
  fill: #666666;
  stroke: #666666;
}

.c5 g {
  fill: inherit;
  stroke: inherit;
}

.c5 *:not([stroke])[fill='none'] {
  stroke-width: 0;
}

.c5 *[stroke*='#'],
.c5 *[STROKE*='#'] {
  stroke: inherit;
  fill: none;
}

.c5 *[fill-rule],
.c5 *[FILL-RULE],
.c5 *[fill*='#'],
.c5 *[FILL*='#'] {
  fill: inherit;
  stroke: none;
}

.c13 {
  display: inline-block;
  flex: 0 0 auto;
  width: 24px;
  height: 24px;
  fill: #7D4CDB;
  stroke: #7D4CDB;
}

.c13 g {
  fill: inherit;
  stroke: inherit;
}

.c13 *:not([stroke])[fill='none'] {
  stroke-width: 0;
}

.c13 *[stroke*='#'],
.c13 *[STROKE*='#'] {
  stroke: inherit;
  fill: none;
}

.c13 *[fill-rule],
.c13 *[FILL-RULE],
.c13 *[fill*='#'],
.c13 *[FILL*='#'] {
  fill: inherit;
  stroke: none;
}

.c0 {
  display: flex;
  box-sizing: border-box;
  max-width: 100%;
  min-width: 0;
  min-height: 0;
  flex-direction: column;
}

.c2 {
  display: flex;
  box-sizing: border-box;
  max-width: 100%;
  min-width: 0;
  min-height: 0;
  flex-direction: column;
  height: 100%;
}

.c8 {
  display: flex;
  box-sizing: border-box;
  max-width: 100%;
  min-width: 0;
  min-height: 0;
  flex-direction: column;
  width: 100%;
}

.c10 {
  display: flex;
  box-sizing: border-box;
  max-width: 100%;
  min-width: 0;
  min-height: 0;
  flex-direction: column;
  justify-content: flex-end;
}

.c11 {
  display: flex;
  box-sizing: border-box;
  max-width: 100%;
  min-width: 0;
  min-height: 0;
  flex-direction: row;
  justify-content: center;
}

.c4 {
  display: inline-block;
  box-sizing: border-box;
  cursor: pointer;
  font: inherit;
  text-decoration: none;
  margin: 0;
  background: transparent;
  overflow: visible;
  text-transform: none;
  color: inherit;
  outline: none;
  border: none;
  padding: 0;
  text-align: inherit;
  opacity: 0.3;
  cursor: default;
  height: 100%;
  line-height: 0;
}

.c4:focus {
  outline: none;
  box-shadow: 0 0 2px 2px #6FFFB0;
}

.c4:focus >circle,
.c4:focus >ellipse,
.c4:focus >line,
.c4:focus >path,
.c4:focus >polygon,
.c4:focus >polyline,
.c4:focus >rect {
  outline: none;
  box-shadow: 0 0 2px 2px #6FFFB0;
}

.c4:focus ::-moz-focus-inner {
  border: 0;
}

.c4:focus:not(:focus-visible) {
  outline: none;
  box-shadow: none;
}

.c4:focus:not(:focus-visible) >circle,
.c4:focus:not(:focus-visible) >ellipse,
.c4:focus:not(:focus-visible) >line,
.c4:focus:not(:focus-visible) >path,
.c4:focus:not(:focus-visible) >polygon,
.c4:focus:not(:focus-visible) >polyline,
.c4:focus:not(:focus-visible) >rect {
  outline: none;
  box-shadow: none;
}

.c4:focus:not(:focus-visible) ::-moz-focus-inner {
  border: 0;
}

.c12 {
  display: inline-block;
  box-sizing: border-box;
  cursor: pointer;
  font: inherit;
  text-decoration: none;
  margin: 0;
  background: transparent;
  overflow: visible;
  text-transform: none;
  color: inherit;
  outline: none;
  border: none;
  padding: 0;
  text-align: inherit;
  line-height: 0;
  padding: 12px;
}

.c12:focus {
  outline: none;
  box-shadow: 0 0 2px 2px #6FFFB0;
}

.c12:focus >circle,
.c12:focus >ellipse,
.c12:focus >line,
.c12:focus >path,
.c12:focus >polygon,
.c12:focus >polyline,
.c12:focus >rect {
  outline: none;
  box-shadow: 0 0 2px 2px #6FFFB0;
}

.c12:focus ::-moz-focus-inner {
  border: 0;
}

.c12:focus:not(:focus-visible) {
  outline: none;
  box-shadow: none;
}

.c12:focus:not(:focus-visible) >circle,
.c12:focus:not(:focus-visible) >ellipse,
.c12:focus:not(:focus-visible) >line,
.c12:focus:not(:focus-visible) >path,
.c12:focus:not(:focus-visible) >polygon,
.c12:focus:not(:focus-visible) >polyline,
.c12:focus:not(:focus-visible) >rect {
  outline: none;
  box-shadow: none;
}

.c12:focus:not(:focus-visible) ::-moz-focus-inner {
  border: 0;
}

.c15 {
  display: inline-block;
  box-sizing: border-box;
  cursor: pointer;
  font: inherit;
  text-decoration: none;
  margin: 0;
  background: transparent;
  overflow: visible;
  text-transform: none;
  color: inherit;
  outline: none;
  border: none;
  padding: 0;
  text-align: inherit;
  height: 100%;
  line-height: 0;
}

.c15:hover {
  background-color: rgba(221, 221, 221, 0.4);
  color: #000000;
}

.c15:focus {
  outline: none;
  box-shadow: 0 0 2px 2px #6FFFB0;
}

.c15:focus >circle,
.c15:focus >ellipse,
.c15:focus >line,
.c15:focus >path,
.c15:focus >polygon,
.c15:focus >polyline,
.c15:focus >rect {
  outline: none;
  box-shadow: 0 0 2px 2px #6FFFB0;
}

.c15:focus ::-moz-focus-inner {
  border: 0;
}

.c15:focus:not(:focus-visible) {
  outline: none;
  box-shadow: none;
}

.c15:focus:not(:focus-visible) >circle,
.c15:focus:not(:focus-visible) >ellipse,
.c15:focus:not(:focus-visible) >line,
.c15:focus:not(:focus-visible) >path,
.c15:focus:not(:focus-visible) >polygon,
.c15:focus:not(:focus-visible) >polyline,
.c15:focus:not(:focus-visible) >rect {
  outline: none;
  box-shadow: none;
}

.c15:focus:not(:focus-visible) ::-moz-focus-inner {
  border: 0;
}

.c1 {
  position: relative;
  overflow: hidden;
}

.c6 {
  visibility: visible;
  position: relative;
  width: 100%;
  height: 100%;
  overflow: hidden;
  animation-fill-mode: both;
}

.c7 {
  visibility: hidden;
  position: absolute;
  width: 100%;
  height: 100%;
  overflow: hidden;
  animation-fill-mode: both;
}

.c3 {
  position: absolute;
  z-index: 1;
  left: 0;
  align-items: center;
  justify-content: center;
}

.c9 {
  position: absolute;
  z-index: 1;
  bottom: 0;
  align-items: center;
  justify-content: center;
}

.c14 {
  position: absolute;
  z-index: 1;
  right: 0;
  align-items: center;
  justify-content: center;
}

<div
    class="c0 c1"
  >
    <div
      class="c2 c3"
    >
      <button
        aria-label="Go to slide 0"
        class="c4"
        disabled=""
        type="button"
      >
        <svg
          aria-label="Previous"
          class="c5"
          viewBox="0 0 24 24"
        >
          <path
            d="M17 2 7 12l10 10"
            fill="none"
            stroke="#000"
            stroke-width="2"
          />
        </svg>
      </button>
    </div>
    <div
      class="c0 c6"
    >
      <div
        class="c0"
      >
        <div>
          Slide One
        </div>
      </div>
    </div>
    <div
      class="c0 c7"
    >
      <div
        class="c0"
      >
        <div>
          Slide Two
        </div>
      </div>
    </div>
    <div
      class="c8 c9"
    >
      <div
        class="c10"
      >
        <div
          class="c11"
        >
          <button
            aria-label="Jump to slide 1"
            class="c12"
            type="button"
          >
            <svg
              aria-label="Subtract"
              class="c13"
              viewBox="0 0 24 24"
            >
              <path
                d="M2 12h20"
                fill="none"
                stroke="#000"
                stroke-width="2"
              />
            </svg>
          </button>
          <button
            aria-label="Jump to slide 2"
            class="c12"
            type="button"
          >
            <svg
              aria-label="Subtract"
              class="c5"
              viewBox="0 0 24 24"
            >
              <path
                d="M2 12h20"
                fill="none"
                stroke="#000"
                stroke-width="2"
              />
            </svg>
          </button>
        </div>
      </div>
    </div>
    <div
      class="c2 c14"
    >
      <button
        aria-label="Go to slide 2"
        class="c15"
        type="button"
      >
        <svg
          aria-label="Next"
          class="c5"
          viewBox="0 0 24 24"
        >
          <path
            d="m7 2 10 10L7 22"
            fill="none"
            stroke="#000"
            stroke-width="2"
          />
        </svg>
      </button>
    </div>
  </div>
</DocumentFragment>
`;

exports[`Carousel controlled component 1`] = `
<DocumentFragment>
  .c6 {
  display: inline-block;
  flex: 0 0 auto;
  width: 18px;
  height: 18px;
  fill: #555555;
  stroke: #555555;
}

.c6 g {
  fill: inherit;
  stroke: inherit;
}

.c6 *:not([stroke])[fill='none'] {
  stroke-width: 0;
}

.c6 *[stroke*='#'],
.c6 *[STROKE*='#'] {
  stroke: inherit;
  fill: none;
}

.c6 *[fill-rule],
.c6 *[FILL-RULE],
.c6 *[fill*='#'],
.c6 *[FILL*='#'] {
  fill: inherit;
  stroke: none;
}

.c11 {
  display: inline-block;
  flex: 0 0 auto;
  width: 18px;
  height: 18px;
  fill: rgba(0, 0, 0, 0.24);
  stroke: rgba(0, 0, 0, 0.24);
}

.c11 g {
  fill: inherit;
  stroke: inherit;
}

.c11 *:not([stroke])[fill='none'] {
  stroke-width: 0;
}

.c11 *[stroke*='#'],
.c11 *[STROKE*='#'] {
  stroke: inherit;
  fill: none;
}

.c11 *[fill-rule],
.c11 *[FILL-RULE],
.c11 *[fill*='#'],
.c11 *[FILL*='#'] {
  fill: inherit;
  stroke: none;
}

.c1 {
  display: flex;
  box-sizing: border-box;
  max-width: 100%;
  min-width: 0;
  min-height: 0;
  flex-direction: column;
}

.c3 {
  display: flex;
  box-sizing: border-box;
  max-width: 100%;
  min-width: 0;
  min-height: 0;
  flex-direction: column;
  height: 100%;
}

.c5 {
  display: inline-block;
  box-sizing: border-box;
  cursor: pointer;
  font: inherit;
  text-decoration: none;
  margin: 0;
  background: transparent;
  overflow: visible;
  text-transform: none;
  outline: none;
  border: none;
  padding: 0;
  text-align: inherit;
  color: inherit;
  line-height: 0;
  height: 100%;
}

.c5 >svg {
  display: flex;
  align-self: center;
  vertical-align: middle;
}

.c5:hover {
  background-color: rgba(0, 0, 0, 0.04);
  color: #555555;
}

.c5:focus {
  outline-offset: 2px;
  outline: 2px solid #004233;
  box-shadow: 0 0 0px 2px #ffffff;
}

.c5:focus >circle,
.c5:focus >ellipse,
.c5:focus >line,
.c5:focus >path,
.c5:focus >polygon,
.c5:focus >polyline,
.c5:focus >rect {
  outline-offset: 2px;
  outline: 2px solid #004233;
  box-shadow: 0 0 0px 2px #ffffff;
}

.c5:focus ::-moz-focus-inner {
  border: 0;
}

.c5:focus:not(:focus-visible) {
  outline-offset: 0px;
  outline: none;
  outline: none;
  box-shadow: none;
}

.c5:focus:not(:focus-visible) >circle,
.c5:focus:not(:focus-visible) >ellipse,
.c5:focus:not(:focus-visible) >line,
.c5:focus:not(:focus-visible) >path,
.c5:focus:not(:focus-visible) >polygon,
.c5:focus:not(:focus-visible) >polyline,
.c5:focus:not(:focus-visible) >rect {
  outline-offset: 0px;
  outline: none;
  outline: none;
  box-shadow: none;
}

.c5:focus:not(:focus-visible) ::-moz-focus-inner {
  border: 0;
}

.c10 {
  display: inline-block;
  box-sizing: border-box;
  cursor: pointer;
  font: inherit;
  text-decoration: none;
  margin: 0;
  background: transparent;
  overflow: visible;
  text-transform: none;
  outline: none;
  border: none;
  padding: 0;
  text-align: inherit;
  color: inherit;
  line-height: 0;
  opacity: 1;
  cursor: default;
  height: 100%;
}

.c10 >svg {
  display: flex;
  align-self: center;
  vertical-align: middle;
}

.c10:focus {
  outline-offset: 2px;
  outline: 2px solid #004233;
  box-shadow: 0 0 0px 2px #ffffff;
}

.c10:focus >circle,
.c10:focus >ellipse,
.c10:focus >line,
.c10:focus >path,
.c10:focus >polygon,
.c10:focus >polyline,
.c10:focus >rect {
  outline-offset: 2px;
  outline: 2px solid #004233;
  box-shadow: 0 0 0px 2px #ffffff;
}

.c10:focus ::-moz-focus-inner {
  border: 0;
}

.c10:focus:not(:focus-visible) {
  outline-offset: 0px;
  outline: none;
  outline: none;
  box-shadow: none;
}

.c10:focus:not(:focus-visible) >circle,
.c10:focus:not(:focus-visible) >ellipse,
.c10:focus:not(:focus-visible) >line,
.c10:focus:not(:focus-visible) >path,
.c10:focus:not(:focus-visible) >polygon,
.c10:focus:not(:focus-visible) >polyline,
.c10:focus:not(:focus-visible) >rect {
  outline-offset: 0px;
  outline: none;
  outline: none;
  box-shadow: none;
}

.c10:focus:not(:focus-visible) ::-moz-focus-inner {
  border: 0;
}

.c2 {
  position: relative;
  overflow: hidden;
}

.c7 {
  visibility: hidden;
  position: relative;
  width: 100%;
  height: 100%;
  overflow: hidden;
  animation-fill-mode: both;
}

.c8 {
  visibility: visible;
  position: absolute;
  width: 100%;
  height: 100%;
  overflow: hidden;
  animation-fill-mode: both;
}

.c4 {
  position: absolute;
  z-index: 1;
  left: 0;
  align-items: center;
  justify-content: center;
}

.c9 {
  position: absolute;
  z-index: 1;
  right: 0;
  align-items: center;
  justify-content: center;
}

.c0 {
  font-family: 'Metric',Arial,sans-serif;
  font-size: 1.125rem;
  line-height: 1.5rem;
  background-color: #ffffff;
  color: #555555;
  box-sizing: border-box;
  -webkit-text-size-adjust: 100%;
  -ms-text-size-adjust: 100%;
  -moz-osx-font-smoothing: grayscale;
  -webkit-font-smoothing: antialiased;
}

<div
    class="c0"
  >
    <div
      class="c1 c2"
    >
      <div
        class="c3 c4"
      >
        <button
          aria-label="Go to slide 1"
          class="c5"
          type="button"
        >
          <svg
            aria-label="Previous"
            class="c6"
            viewBox="0 0 24 24"
          >
            <path
              d="M17 2 7 12l10 10"
              fill="none"
              stroke="#000"
              stroke-width="2"
              vector-effect="non-scaling-stroke"
            />
          </svg>
        </button>
      </div>
      <div
        class="c1 c7"
      >
        <div
          class="c1"
        >
          <div>
            Slide One
          </div>
        </div>
      </div>
      <div
        class="c1 c8"
      >
        <div
          class="c1"
        >
          <div>
            Slide Two
          </div>
        </div>
      </div>
      <div
        class="c3 c9"
      >
        <button
          aria-label="Go to slide 3"
          class="c10"
          disabled=""
          type="button"
        >
          <svg
            aria-label="Next"
            class="c11"
            viewBox="0 0 24 24"
          >
            <path
              d="m7 2 10 10L7 22"
              fill="none"
              stroke="#000"
              stroke-width="2"
              vector-effect="non-scaling-stroke"
            />
          </svg>
        </button>
      </div>
    </div>
  </div>
</DocumentFragment>
`;
