// Jest Snapshot v1, https://goo.gl/fbAQLP

exports[`DataSearch drop 1`] = `
.c1 {
  display: flex;
  box-sizing: border-box;
  max-width: 100%;
  min-width: 0;
  min-height: 0;
  flex-direction: column;
  flex: 0 0 auto;
}

.c3 {
  display: inline-block;
  flex: 0 0 auto;
  width: 24px;
  height: 24px;
  fill: #666666;
  stroke: #666666;
}

.c3 g {
  fill: inherit;
  stroke: inherit;
}

.c3 *:not([stroke])[fill='none'] {
  stroke-width: 0;
}

.c3 *[stroke*='#'],
.c3 *[STROKE*='#'] {
  stroke: inherit;
  fill: none;
}

.c3 *[fill-rule],
.c3 *[FILL-RULE],
.c3 *[fill*='#'],
.c3 *[FILL*='#'] {
  fill: inherit;
  stroke: none;
}

.c2 {
  display: inline-block;
  box-sizing: border-box;
  cursor: pointer;
  font: inherit;
  text-decoration: none;
  margin: 0;
  background: transparent;
  overflow: visible;
  text-transform: none;
  color: inherit;
  outline: none;
  border: none;
  padding: 0;
  text-align: inherit;
  line-height: 0;
  padding: 12px;
}

.c2:focus {
  outline: none;
  box-shadow: 0 0 2px 2px #6FFFB0;
}

.c2:focus >circle,
.c2:focus >ellipse,
.c2:focus >line,
.c2:focus >path,
.c2:focus >polygon,
.c2:focus >polyline,
.c2:focus >rect {
  outline: none;
  box-shadow: 0 0 2px 2px #6FFFB0;
}

.c2:focus ::-moz-focus-inner {
  border: 0;
}

.c2:focus:not(:focus-visible) {
  outline: none;
  box-shadow: none;
}

.c2:focus:not(:focus-visible) >circle,
.c2:focus:not(:focus-visible) >ellipse,
.c2:focus:not(:focus-visible) >line,
.c2:focus:not(:focus-visible) >path,
.c2:focus:not(:focus-visible) >polygon,
.c2:focus:not(:focus-visible) >polyline,
.c2:focus:not(:focus-visible) >rect {
  outline: none;
  box-shadow: none;
}

.c2:focus:not(:focus-visible) ::-moz-focus-inner {
  border: 0;
}

.c0 {
  font-size: 18px;
  line-height: 24px;
  box-sizing: border-box;
  -webkit-text-size-adjust: 100%;
  -ms-text-size-adjust: 100%;
  -moz-osx-font-smoothing: grayscale;
  -webkit-font-smoothing: antialiased;
}

<div
  class="c0"
>
  <div
    class="c1"
    id="test-data"
  >
    <button
      aria-label="Open search"
      class="c2"
      id="test-data--search-control"
      type="button"
    >
      <svg
        aria-label="Search"
        class="c3"
        viewBox="0 0 24 24"
      >
        <path
          d="m15 15 7 7-7-7zm-5.5 2a7.5 7.5 0 1 0 0-15 7.5 7.5 0 0 0 0 15z"
          fill="none"
          stroke="#000"
          stroke-width="2"
        />
      </svg>
    </button>
  </div>
</div>
`;

exports[`DataSearch drop 2`] = `
<button
  aria-label="Open search"
  class="StyledButton-sc-323bzc-0 geHpTD"
  data-g-tabindex="none"
  id="test-data--search-control"
  tabindex="-1"
  type="button"
>
  <svg
    aria-label="Search"
    class="StyledIcon-sc-ofa7kd-0 bqRbRY"
    viewBox="0 0 24 24"
  >
    <path
      d="m15 15 7 7-7-7zm-5.5 2a7.5 7.5 0 1 0 0-15 7.5 7.5 0 0 0 0 15z"
      fill="none"
      stroke="#000"
      stroke-width="2"
    />
  </svg>
</button>
`;

exports[`DataSearch drop 3`] = `
"@media only screen and (max-width: 768px) {
  .lAiqC {
    margin-bottom: 6px;
  }
}
@media only screen and (max-width: 768px) {
  .eYrCJw {
    border-bottom: solid 1px rgba(0, 0, 0, 0.33);
  }
}
@media only screen and (max-width: 768px) {
  .eYqvdH {
    margin-top: 12px;
  }
}"
`;

exports[`DataSearch no Data 1`] = `
.c1 {
  display: flex;
  box-sizing: border-box;
  max-width: 100%;
  min-width: 0;
  min-height: 0;
  flex-direction: column;
}

.c4 {
  display: inline-block;
  flex: 0 0 auto;
  width: 24px;
  height: 24px;
  fill: #666666;
  stroke: #666666;
}

.c4 g {
  fill: inherit;
  stroke: inherit;
}

.c4 *:not([stroke])[fill='none'] {
  stroke-width: 0;
}

.c4 *[stroke*='#'],
.c4 *[STROKE*='#'] {
  stroke: inherit;
  fill: none;
}

.c4 *[fill-rule],
.c4 *[FILL-RULE],
.c4 *[fill*='#'],
.c4 *[FILL*='#'] {
  fill: inherit;
  stroke: none;
}

.c5 {
  box-sizing: border-box;
  font-size: inherit;
  font-family: inherit;
  border: none;
  -webkit-appearance: none;
  background: transparent;
  color: inherit;
  width: 100%;
  padding: 11px;
  font-weight: 600;
  margin: 0;
  border: 1px solid rgba(0, 0, 0, 0.33);
  border-radius: 4px;
  padding-left: 48px;
}

.c5:focus {
  outline: none;
  box-shadow: 0 0 2px 2px #6FFFB0;
}

.c5:focus >circle,
.c5:focus >ellipse,
.c5:focus >line,
.c5:focus >path,
.c5:focus >polygon,
.c5:focus >polyline,
.c5:focus >rect {
  outline: none;
  box-shadow: 0 0 2px 2px #6FFFB0;
}

.c5:focus ::-moz-focus-inner {
  border: 0;
}

.c5::-webkit-input-placeholder {
  color: #AAAAAA;
}

.c5::-moz-placeholder {
  color: #AAAAAA;
}

.c5:-ms-input-placeholder {
  color: #AAAAAA;
}

.c5 ::-webkit-search-decoration {
  -webkit-appearance: none;
}

.c5::-moz-focus-inner {
  border: none;
  outline: none;
}

.c5:-moz-placeholder,
.c5::-moz-placeholder {
  opacity: 1;
}

.c2 {
  position: relative;
  width: 100%;
}

.c3 {
  position: absolute;
  display: flex;
  justify: center;
  top: 50%;
  transform: translateY(-50%);
  pointer-events: none;
  left: 12px;
}

.c0 {
  font-size: 18px;
  line-height: 24px;
  box-sizing: border-box;
  -webkit-text-size-adjust: 100%;
  -ms-text-size-adjust: 100%;
  -moz-osx-font-smoothing: grayscale;
  -webkit-font-smoothing: antialiased;
}

<div
  class="c0"
>
  <div
    class="c1"
  >
    <div
      class="c2"
    >
      <div
        class="c3"
      >
        <svg
          aria-label="Search"
          class="c4"
          viewBox="0 0 24 24"
        >
          <path
            d="m15 15 7 7-7-7zm-5.5 2a7.5 7.5 0 1 0 0-15 7.5 7.5 0 0 0 0 15z"
            fill="none"
            stroke="#000"
            stroke-width="2"
          />
        </svg>
      </div>
      <input
        aria-label="Search"
        autocomplete="off"
        class="c5"
        id="undefined--search"
        name="_search"
        type="search"
      />
    </div>
  </div>
</div>
`;

exports[`DataSearch renders 1`] = `
.c1 {
  display: flex;
  box-sizing: border-box;
  max-width: 100%;
  min-width: 0;
  min-height: 0;
  flex-direction: column;
  flex: 0 0 auto;
}

.c3 {
  display: flex;
  box-sizing: border-box;
  max-width: 100%;
  min-width: 0;
  min-height: 0;
  flex-direction: column;
  height: 100%;
}

.c4 {
  display: flex;
  box-sizing: border-box;
  max-width: 100%;
  min-width: 0;
  min-height: 0;
  flex-direction: column;
  flex: 1 1;
  overflow: auto;
}

.c5 {
  display: flex;
  box-sizing: border-box;
  max-width: 100%;
  margin-bottom: 12px;
  min-width: 0;
  min-height: 0;
  flex-direction: column;
}

.c7 {
  display: flex;
  box-sizing: border-box;
  max-width: 100%;
  border-bottom: solid 1px rgba(0, 0, 0, 0.33);
  min-width: 0;
  min-height: 0;
  flex-direction: column;
}

.c12 {
  display: flex;
  box-sizing: border-box;
  max-width: 100%;
  margin-top: 24px;
  align-items: center;
  min-width: 0;
  min-height: 0;
  flex-direction: row;
  flex: 0 0 auto;
  justify-content: space-between;
}

.c10 {
  display: inline-block;
  flex: 0 0 auto;
  width: 24px;
  height: 24px;
  fill: #666666;
  stroke: #666666;
}

.c10 g {
  fill: inherit;
  stroke: inherit;
}

.c10 *:not([stroke])[fill='none'] {
  stroke-width: 0;
}

.c10 *[stroke*='#'],
.c10 *[STROKE*='#'] {
  stroke: inherit;
  fill: none;
}

.c10 *[fill-rule],
.c10 *[FILL-RULE],
.c10 *[fill*='#'],
.c10 *[FILL*='#'] {
  fill: inherit;
  stroke: none;
}

.c6 {
  margin-left: 12px;
  margin-right: 12px;
  margin-top: 6px;
  margin-bottom: 6px;
  font-size: 18px;
  line-height: 24px;
}

.c13 {
  display: inline-block;
  box-sizing: border-box;
  cursor: pointer;
  font: inherit;
  text-decoration: none;
  margin: 0;
  background: transparent;
  overflow: visible;
  text-transform: none;
  border: 2px solid #7D4CDB;
  border-radius: 18px;
  color: #444444;
  padding: 4px 22px;
  font-size: 18px;
  line-height: 24px;
  background-color: #7D4CDB;
  color: #f8f8f8;
  border-radius: 18px;
  transition-property: color,background-color,border-color,box-shadow;
  transition-duration: 0.1s;
  transition-timing-function: ease-in-out;
}

.c13:hover {
  box-shadow: 0px 0px 0px 2px #7D4CDB;
}

.c13:focus {
  outline: none;
  box-shadow: 0 0 2px 2px #6FFFB0;
}

.c13:focus >circle,
.c13:focus >ellipse,
.c13:focus >line,
.c13:focus >path,
.c13:focus >polygon,
.c13:focus >polyline,
.c13:focus >rect {
  outline: none;
  box-shadow: 0 0 2px 2px #6FFFB0;
}

.c13:focus ::-moz-focus-inner {
  border: 0;
}

.c13:focus:not(:focus-visible) {
  outline: none;
  box-shadow: none;
}

.c13:focus:not(:focus-visible) >circle,
.c13:focus:not(:focus-visible) >ellipse,
.c13:focus:not(:focus-visible) >line,
.c13:focus:not(:focus-visible) >path,
.c13:focus:not(:focus-visible) >polygon,
.c13:focus:not(:focus-visible) >polyline,
.c13:focus:not(:focus-visible) >rect {
  outline: none;
  box-shadow: none;
}

.c13:focus:not(:focus-visible) ::-moz-focus-inner {
  border: 0;
}

.c2 {
  max-width: 100%;
}

.c11 {
  box-sizing: border-box;
  font-size: inherit;
  font-family: inherit;
  border: none;
  -webkit-appearance: none;
  background: transparent;
  color: inherit;
  width: 100%;
  padding: 11px;
  font-weight: 600;
  margin: 0;
  border: 1px solid rgba(0, 0, 0, 0.33);
  border-radius: 4px;
  outline: none;
  border: none;
  padding-left: 48px;
}

.c11::-webkit-input-placeholder {
  color: #AAAAAA;
}

.c11::-moz-placeholder {
  color: #AAAAAA;
}

.c11:-ms-input-placeholder {
  color: #AAAAAA;
}

.c11 ::-webkit-search-decoration {
  -webkit-appearance: none;
}

.c11::-moz-focus-inner {
  border: none;
  outline: none;
}

.c11:-moz-placeholder,
.c11::-moz-placeholder {
  opacity: 1;
}

.c8 {
  position: relative;
  width: 100%;
}

.c9 {
  position: absolute;
  display: flex;
  justify: center;
  top: 50%;
  transform: translateY(-50%);
  pointer-events: none;
  left: 12px;
}

.c0 {
  font-size: 18px;
  line-height: 24px;
  box-sizing: border-box;
  -webkit-text-size-adjust: 100%;
  -ms-text-size-adjust: 100%;
  -moz-osx-font-smoothing: grayscale;
  -webkit-font-smoothing: antialiased;
}

@media only screen and (max-width: 768px) {
  .c5 {
    margin-bottom: 6px;
  }
}

@media only screen and (max-width: 768px) {
  .c7 {
    border-bottom: solid 1px rgba(0, 0, 0, 0.33);
  }
}

@media only screen and (max-width: 768px) {
  .c12 {
    margin-top: 12px;
  }
}

<div
  class="c0"
>
  <div
    class="c1"
    id="data"
  >
    <form
      class="c2"
    >
      <div
        class="c3"
      >
        <div
          class="c4"
        >
          <div
            class="c1"
          >
            <div
              class="c5 "
            >
              <label
                class="c6"
                for="data--search"
              >
                Search
              </label>
              <div
                class="c7 "
              >
                <div
                  class="c8"
                >
                  <div
                    class="c9"
                  >
                    <svg
                      aria-label="Search"
                      class="c10"
                      viewBox="0 0 24 24"
                    >
                      <path
                        d="m15 15 7 7-7-7zm-5.5 2a7.5 7.5 0 1 0 0-15 7.5 7.5 0 0 0 0 15z"
                        fill="none"
                        stroke="#000"
                        stroke-width="2"
                      />
                    </svg>
                  </div>
                  <input
                    aria-label="Search"
                    autocomplete="off"
                    class="c11"
                    id="data--search"
                    name="_search"
                    type="search"
                    value=""
                  />
                </div>
              </div>
            </div>
          </div>
        </div>
        <footer
          class="c12"
        >
          <button
            class="c13"
            type="submit"
          >
            Apply filters
          </button>
        </footer>
      </div>
    </form>
  </div>
</div>
`;
