// Jest Snapshot v1, https://goo.gl/fbAQLP

exports[`Grommet announce 1`] = `
.c0 {
  font-size: 18px;
  line-height: 24px;
  box-sizing: border-box;
  -webkit-text-size-adjust: 100%;
  -ms-text-size-adjust: 100%;
  -moz-osx-font-smoothing: grayscale;
  -webkit-font-smoothing: antialiased;
}

<div
  class="c0"
>
  <div>
    hi
  </div>
</div>
`;

exports[`Grommet announce 2`] = `
<div
  aria-live="assertive"
  id="grommet-announcer"
  style="left: -100%; right: 100%; position: fixed; z-index: -1;"
>
  hello
</div>
`;

exports[`Grommet announce 3`] = `
<div
  aria-live="assertive"
  id="grommet-announcer"
  style="left: -100%; right: 100%; position: fixed; z-index: -1;"
/>
`;

exports[`Grommet background 1`] = `
.c0 {
  font-size: 18px;
  line-height: 24px;
  background-color: #0000ff;
  color: #f8f8f8;
  box-sizing: border-box;
  -webkit-text-size-adjust: 100%;
  -ms-text-size-adjust: 100%;
  -moz-osx-font-smoothing: grayscale;
  -webkit-font-smoothing: antialiased;
  width: 100vw;
  height: 100vh;
  overflow: auto;
}

<div
  class="c0"
>
  Grommet App
</div>
`;

exports[`Grommet basic 1`] = `
.c0 {
  font-size: 18px;
  line-height: 24px;
  box-sizing: border-box;
  -webkit-text-size-adjust: 100%;
  -ms-text-size-adjust: 100%;
  -moz-osx-font-smoothing: grayscale;
  -webkit-font-smoothing: antialiased;
}

<div
  class="c0"
/>
`;

exports[`Grommet cssVars 1`] = `
.c0 {
  font-size: 18px;
  line-height: 24px;
  box-sizing: border-box;
  -webkit-text-size-adjust: 100%;
  -ms-text-size-adjust: 100%;
  -moz-osx-font-smoothing: grayscale;
  -webkit-font-smoothing: antialiased;
  --active: rgba(221, 221, 221, 0.5);
  --active-background: background-contrast;
  --active-text: text-strong;
  --black: #000000;
  --brand: #7D4CDB;
  --focus: #6FFFB0;
  --graph-0: accent-1;
  --graph-1: neutral-1;
  --graph-2: neutral-2;
  --graph-3: neutral-3;
  --graph-4: neutral-4;
  --placeholder: #AAAAAA;
  --selected: brand;
  --selected-background: brand;
  --selected-text: text-strong;
  --white: #FFFFFF;
  --accent-1: #6FFFB0;
  --accent-2: #FD6FFF;
  --accent-3: #81FCED;
  --accent-4: #FFCA58;
  --dark-1: #333333;
  --dark-2: #555555;
  --dark-3: #777777;
  --dark-4: #999999;
  --dark-5: #999999;
  --dark-6: #999999;
  --light-1: #F8F8F8;
  --light-2: #F2F2F2;
  --light-3: #EDEDED;
  --light-4: #DADADA;
  --light-5: #DADADA;
  --light-6: #DADADA;
  --neutral-1: #00873D;
  --neutral-2: #3D138D;
  --neutral-3: #00739D;
  --neutral-4: #A2423D;
  --status-critical: #EB0000;
  --status-error: #B30000;
  --status-warning: #C27B00;
  --status-ok: #009E67;
  --status-unknown: #919191;
  --status-disabled: #CCCCCC;
}

<div
  class="c0"
>
  Grommet App
</div>
`;

exports[`Grommet full 1`] = `
.c0 {
  font-size: 18px;
  line-height: 24px;
  box-sizing: border-box;
  -webkit-text-size-adjust: 100%;
  -ms-text-size-adjust: 100%;
  -moz-osx-font-smoothing: grayscale;
  -webkit-font-smoothing: antialiased;
  width: 100vw;
  height: 100vh;
  overflow: auto;
}

<div
  class="c0"
>
  Grommet App
</div>
`;

exports[`Grommet full min 1`] = `
.c0 {
  font-size: 18px;
  line-height: 24px;
  box-sizing: border-box;
  -webkit-text-size-adjust: 100%;
  -ms-text-size-adjust: 100%;
  -moz-osx-font-smoothing: grayscale;
  -webkit-font-smoothing: antialiased;
  min-height: 100vh;
}

<div
  class="c0"
>
  Grommet App
</div>
`;

exports[`Grommet grommet theme 1`] = `
.c0 {
  font-family: -apple-system,BlinkMacSystemFont,"Segoe UI",Roboto,Oxygen,Ubuntu,Cantarell,"Fira Sans","Droid Sans","Helvetica Neue",Arial,sans-serif,"Apple Color Emoji","Segoe UI Emoji","Segoe UI Symbol";
  font-size: 18px;
  line-height: 24px;
  background-color: #ffffff;
  color: #444444;
  box-sizing: border-box;
  -webkit-text-size-adjust: 100%;
  -ms-text-size-adjust: 100%;
  -moz-osx-font-smoothing: grayscale;
  -webkit-font-smoothing: antialiased;
}

<div
  class="c0"
/>
`;

exports[`Grommet hpe theme 1`] = `
.c0 {
  font-family: 'Metric',Arial,sans-serif;
  font-size: 1.125rem;
  line-height: 1.5rem;
  background-color: #ffffff;
  color: #555555;
  box-sizing: border-box;
  -webkit-text-size-adjust: 100%;
  -ms-text-size-adjust: 100%;
  -moz-osx-font-smoothing: grayscale;
  -webkit-font-smoothing: antialiased;
}

<div
  class="c0"
>
  Grommet App
</div>
`;

exports[`Grommet message format function 1`] = `
.c0 {
  font-size: 18px;
  line-height: 24px;
  background-color: #0000ff;
  color: #f8f8f8;
  box-sizing: border-box;
  -webkit-text-size-adjust: 100%;
  -ms-text-size-adjust: 100%;
  -moz-osx-font-smoothing: grayscale;
  -webkit-font-smoothing: antialiased;
  width: 100vw;
  height: 100vh;
  overflow: auto;
}

<div
  class="c0"
>
  Grommet App
</div>
`;

exports[`Grommet messages 1`] = `
.c0 {
  font-size: 18px;
  line-height: 24px;
  box-sizing: border-box;
  -webkit-text-size-adjust: 100%;
  -ms-text-size-adjust: 100%;
  -moz-osx-font-smoothing: grayscale;
  -webkit-font-smoothing: antialiased;
}

<div
  class="c0"
>
  My Label
</div>
`;

exports[`Grommet themeMode 1`] = `
.c0 {
  font-family: -apple-system,BlinkMacSystemFont,"Segoe UI",Roboto,Oxygen,Ubuntu,Cantarell,"Fira Sans","Droid Sans","Helvetica Neue",Arial,sans-serif,"Apple Color Emoji","Segoe UI Emoji","Segoe UI Symbol";
  font-size: 18px;
  line-height: 24px;
  background-color: #000000;
  color: #f8f8f8;
  box-sizing: border-box;
  -webkit-text-size-adjust: 100%;
  -ms-text-size-adjust: 100%;
  -moz-osx-font-smoothing: grayscale;
  -webkit-font-smoothing: antialiased;
}

<div
  class="c0"
/>
`;
